[cargo-make] INFO - cargo make 0.37.24
[cargo-make] INFO - 
[cargo-make] INFO - Build File: Makefile.toml
[cargo-make] INFO - Task: run-on-device-release
[cargo-make] INFO - Profile: development
[cargo-make] INFO - Execute Command: "cargo" "ndk" "-t" "arm64-v8a" "-P" "26" "--link-libcxx-shared" "-o" "app/src/main/jniLibs" "build" "-p" "iroh-live-android" "--release"
    Building arm64-v8a (aarch64-linux-android)
   Compiling iroh-live-android v0.1.0 (/home/bit/Code/rust/iroh-live/android-demo/rust)
warning: unreachable `pub` item
  --> android-demo/rust/src/logcat.rs:29:1
   |
29 | pub fn init(filter: &str) -> Result<(), tracing_subscriber::util::TryInitError> {
   | ---^^^^^^^^^^^^^^^^^^^^^^^^^^^^^^^^^^^^^^^^^^^^^^^^^^^^^^^^^^^^^^^^^^^^^^^^^^^^
   | |
   | help: consider restricting its visibility: `pub(crate)`
   |
   = help: or consider exporting it for use by other crates
   = note: requested on the command line with `-W unreachable-pub`

warning: `iroh-live-android` (lib) generated 1 warning (run `cargo fix --lib -p iroh-live-android` to apply 1 suggestion)
    Finished `release` profile [optimized + debuginfo] target(s) in 5.11s
     Copying libraries to /home/bit/Code/rust/iroh-live/android-demo/app/src/main/jniLibs
[cargo-make] INFO - Running Task: clean-jni
[cargo-make] INFO - Execute Command: "/home/bit/Android/Sdk/ndk/28.0.12674087/toolchains/llvm/prebuilt/linux-x86_64/bin/llvm-strip" "app/src/main/jniLibs/arm64-v8a/libiroh_live_android.so"
[cargo-make] INFO - Execute Command: "./gradlew" "assembleRelease"
Starting a Gradle Daemon (subsequent builds will be faster)
> Task :app:buildKotlinToolingMetadata
> Task :app:checkKotlinGradlePluginConfigurationErrors SKIPPED
> Task :app:preBuild UP-TO-DATE
> Task :app:preReleaseBuild UP-TO-DATE
> Task :app:generateReleaseResValues
> Task :app:checkReleaseAarMetadata
> Task :app:mapReleaseSourceSetPaths
> Task :app:generateReleaseResources
> Task :app:packageReleaseResources
> Task :app:mergeReleaseResources
> Task :app:createReleaseCompatibleScreenManifests
> Task :app:extractDeepLinksRelease
> Task :app:parseReleaseLocalResources
> Task :app:processReleaseMainManifest
> Task :app:processReleaseManifest
> Task :app:javaPreCompileRelease
> Task :app:extractProguardFiles
> Task :app:mergeReleaseJniLibFolders
> Task :app:desugarReleaseFileDependencies
> Task :app:mergeReleaseStartupProfile
> Task :app:checkReleaseDuplicateClasses
> Task :app:mergeReleaseNativeLibs
> Task :app:mergeReleaseArtProfile

> Task :app:stripReleaseDebugSymbols
Unable to strip the following libraries, packaging them as they are: libc++_shared.so, libimage_processing_util_jni.so, libiroh_live_android.so, libsurface_util_jni.so.

> Task :app:mergeReleaseShaders
> Task :app:extractReleaseNativeSymbolTables
> Task :app:compileReleaseShaders NO-SOURCE
> Task :app:mergeReleaseNativeDebugMetadata NO-SOURCE
> Task :app:generateReleaseAssets UP-TO-DATE
> Task :app:mergeReleaseAssets
> Task :app:compressReleaseAssets
> Task :app:extractReleaseVersionControlInfo
> Task :app:collectReleaseDependencies
> Task :app:sdkReleaseDependencyData
> Task :app:validateSigningRelease
> Task :app:writeReleaseAppMetadata
> Task :app:writeReleaseSigningConfigVersions
> Task :app:processReleaseManifestForPackage
> Task :app:processReleaseResources
> Task :app:mergeExtDexRelease
> Task :app:optimizeReleaseResources

> Task :app:compileReleaseKotlin
w: file:///home/bit/Code/rust/iroh-live/android-demo/app/src/main/java/com/n0/irohlive/demo/CameraHelper.kt:114:16 'fun createCaptureSession(p0: (Mutable)List<Surface!>, p1: CameraCaptureSession.StateCallback, p2: Handler?): Unit' is deprecated. Deprecated in Java.

> Task :app:compileReleaseJavaWithJavac NO-SOURCE
> Task :app:generateReleaseLintVitalReportModel
> Task :app:dexBuilderRelease
> Task :app:mergeReleaseGlobalSynthetics
> Task :app:processReleaseJavaRes
> Task :app:mergeReleaseJavaResource
> Task :app:mergeDexRelease
> Task :app:compileReleaseArtProfile
> Task :app:packageRelease
> Task :app:createReleaseApkListingFileRedirect
> Task :app:lintVitalAnalyzeRelease
> Task :app:lintVitalReportRelease
> Task :app:lintVitalRelease
> Task :app:assembleRelease

BUILD SUCCESSFUL in 50s
48 actionable tasks: 48 executed
[cargo-make] INFO - Running Task: apk-release
Release APK ready: app/build/outputs/apk/release/app-release.apk
[cargo-make] INFO - Execute Command: "/home/bit/Android/Sdk/platform-tools/adb" "install" "-r" "app/build/outputs/apk/release/app-release.apk"
Performing Streamed Install
Success
[cargo-make] INFO - Running Task: run-on-device-release
Starting: Intent { cmp=com.n0.irohlive.demo/.MainActivity }
--------- beginning of main
03-17 15:09:16.765 28042 28355 D iroh_live: DEBUG endpoint{id=57b1a66620}: iroh_relay::dns: Failed to read the system's DNS config, using fallback DNS servers. error=proto error: io error: No such file or directory (os error 2)
03-17 15:09:16.767 28042 28355 D iroh_live: DEBUG endpoint{id=57b1a66620}: iroh::socket::transports::ip: binding addr=0.0.0.0:0
03-17 15:09:16.767 28042 28355 D iroh_live: DEBUG endpoint{id=57b1a66620}: iroh::socket::transports::ip: successfully bound addr=0.0.0.0:0 local_addr=0.0.0.0:49644
03-17 15:09:16.767 28042 28355 D iroh_live: DEBUG endpoint{id=57b1a66620}: iroh::socket::transports::ip: binding addr=[::]:0
03-17 15:09:16.768 28042 28355 D iroh_live: DEBUG endpoint{id=57b1a66620}: iroh::socket::transports::ip: successfully bound addr=[::]:0 local_addr=[::]:36283
03-17 15:09:16.847 28042 28355 D iroh_live: DEBUG endpoint{id=57b1a66620}: iroh::socket: scheduling periodic_stun to run immediately and in 24s
03-17 15:09:16.847 28042 28355 D iroh_live: DEBUG endpoint{id=57b1a66620}: iroh::_events::direct_addrs: addrs={DirectAddr { addr: 192.0.0.4:49644, typ: Local }, DirectAddr { addr: [2a01:599:b1e:b7d1:2a5f:432b:a47d:1595]:36283, typ: Local }, DirectAddr { addr: [2a01:59f:ca0f:7c29:6374:e61a:d65e:a50d]:36283, typ: Local }}
03-17 15:09:16.847 28042 28355 D iroh_live: DEBUG endpoint{id=57b1a66620}: iroh::endpoint: iroh endpoint bound id=57b1a666209f15d5ae7528536fc8c5cf98f02f6429ee5b68df073a58bdc5acd0 iroh_version=0.97.0
03-17 15:09:16.847 28042 28355 D iroh_live: DEBUG endpoint{id=57b1a66620}: iroh::address_lookup::pkarr: creating pkarr publisher that publishes to https://dns.iroh.link/pkarr
03-17 15:09:16.848 28042 28355 I iroh_live:  INFO iroh_live::live: endpoint bound endpoint_id=57b1a666209f15d5ae7528536fc8c5cf98f02f6429ee5b68df073a58bdc5acd0
03-17 15:09:16.848 28042 28355 I iroh_live:  INFO iroh_live_android: connecting to broadcast broadcast=pi-zero
03-17 15:09:16.849 28042 28365 D iroh_live: DEBUG endpoint{id=57b1a66620}:actor: iroh::socket: starting direct addr update (Periodic)
03-17 15:09:16.849 28042 28359 D iroh_live: DEBUG gossip{me=57b1a66620}: iroh_gossip::net: handle in_event event=UpdatePeerData(PeerData(50b))
03-17 15:09:16.849 28042 28359 D iroh_live: DEBUG gossip{me=57b1a66620}: iroh_gossip::net: handle in_event event=UpdatePeerData(PeerData(50b))
03-17 15:09:16.849 28042 28361 D iroh_live: DEBUG endpoint{id=57b1a66620}:pkarr_publish{me=57b1a66620}: iroh::address_lookup::pkarr: Publishing endpoint info to pkarr data=EndpointData { addrs: {}, user_data: None } pkarr_relay=https://dns.iroh.link/pkarr
03-17 15:09:16.849 28042 28365 D iroh_live: DEBUG endpoint{id=57b1a66620}:actor: iroh::socket: requesting net_report report
03-17 15:09:16.849 28042 28365 D iroh_live: DEBUG endpoint{id=57b1a66620}:actor: iroh::net_report: net_report starting do_full=true
03-17 15:09:16.849 28042 28359 D iroh_live: DEBUG connect{remote=ba3d5d8210}:connect{me=57b1a66620 alpn=moq-lite-03 remote=ba3d5d8210}: iroh::_events::conn::connecting: remote_id=ba3d5d8210 alpn=moq-lite-03
03-17 15:09:16.849 28042 28359 D iroh_live: DEBUG connect{remote=ba3d5d8210}:connect{me=57b1a66620 alpn=moq-lite-03 remote=ba3d5d8210}: iroh::endpoint: connecting relay_url=None ip_addresses=[192.168.178.139:55090]
03-17 15:09:16.957 28042 28358 D iroh_live: DEBUG endpoint{id=57b1a66620}:RemoteStateActor{remote=ba3d5d8210}:handle_message{msg=ResolveRemote(..)}:DnsAddressLookup{lookup_id=ba3d5d8210 origin_domain=dns.iroh.link.}: iroh::address_lookup::dns: DNS lookup success info=EndpointInfo { endpoint_id: PublicKey(ba3d5d8210bd1bbddd238cc9934b56e8f5291babc7932675339b345209d86eb2), data: EndpointData { addrs: {Relay(https://euc1-1.relay.n0.iroh-canary.iroh.link./)}, user_data: None } }
03-17 15:09:16.996 28042 28361 D iroh_live: DEBUG endpoint{id=57b1a66620}:actor:QADv4: iroh::net_report: probe report r=QadProbeReport { relay: RelayUrl("https://euc1-1.relay.n0.iroh-canary.iroh.link./"), latency: 33.378621ms, addr: 80.187.64.196:30689 }
03-17 15:09:17.010 28042 28361 D iroh_live: DEBUG endpoint{id=57b1a66620}:actor:QADv6: iroh::net_report: probe report r=QadProbeReport { relay: RelayUrl("https://euc1-1.relay.n0.iroh-canary.iroh.link./"), latency: 35.061564ms, addr: [2a01:599:b1e:b7d1:2a5f:432b:a47d:1595]:36283 }
03-17 15:09:17.128 28042 28359 D iroh_live: DEBUG endpoint{id=57b1a66620}:actor:QADv6: iroh::net_report: probe report r=QadProbeReport { relay: RelayUrl("https://use1-1.relay.n0.iroh-canary.iroh.link./"), latency: 118.830444ms, addr: [2a01:599:b1e:b7d1:2a5f:432b:a47d:1595]:36283 }
03-17 15:09:17.128 28042 28359 D iroh_live: DEBUG endpoint{id=57b1a66620}:actor: iroh::net_report: enough probes: 3
03-17 15:09:17.128 28042 28359 D iroh_live: DEBUG endpoint{id=57b1a66620}:actor: iroh::net_report: net_report generated report=Report { udp_v4: true, udp_v6: true, mapping_varies_by_dest_ipv4: None, mapping_varies_by_dest_ipv6: Some(false), preferred_relay: Some(RelayUrl("https://euc1-1.relay.n0.iroh-canary.iroh.link./")), relay_latency: RelayLatencies { ipv4: {RelayUrl("https://euc1-1.relay.n0.iroh-canary.iroh.link./"): 33.378621ms}, ipv6: {RelayUrl("https://euc1-1.relay.n0.iroh-canary.iroh.link./"): 35.061564ms, RelayUrl("https://use1-1.relay.n0.iroh-canary.iroh.link./"): 118.830444ms}, https: {} }, global_v4: Some(80.187.64.196:30689), global_v6: Some([2a01:599:b1e:b7d1:2a5f:432b:a47d:1595]:36283), captive_portal: None } duration=279.313477ms
03-17 15:09:17.128 28042 28359 D iroh_live: DEBUG endpoint{id=57b1a66620}:actor: iroh::socket: direct addr update done (Periodic)
03-17 15:09:17.130 28042 28362 D iroh_live: DEBUG endpoint{id=57b1a66620}:actor: iroh::_events::direct_addrs: addrs={DirectAddr { addr: 80.187.64.196:30689, typ: Qad }, DirectAddr { addr: 192.0.0.4:49644, typ: Local }, DirectAddr { addr: [2a01:599:b1e:b7d1:2a5f:432b:a47d:1595]:36283, typ: Qad }, DirectAddr { addr: [2a01:59f:ca0f:7c29:6374:e61a:d65e:a50d]:36283, typ: Local }}
03-17 15:09:17.130 28042 28362 D iroh_live: DEBUG endpoint{id=57b1a66620}:actor: iroh::socket: scheduling periodic_stun to run in 21s
03-17 15:09:17.130 28042 28366 I iroh_live:  INFO endpoint{id=57b1a66620}:relay-actor: iroh::socket::transports::relay::actor: home is now relay https://euc1-1.relay.n0.iroh-canary.iroh.link./, was None
03-17 15:09:17.130 28042 28366 D iroh_live: DEBUG endpoint{id=57b1a66620}:relay-actor: iroh::socket::transports::relay::actor: Adding relay connection url=RelayUrl("https://euc1-1.relay.n0.iroh-canary.iroh.link./")
03-17 15:09:17.131 28042 28359 D iroh_live: DEBUG gossip{me=57b1a66620}: iroh_gossip::net: handle in_event event=UpdatePeerData(PeerData(106b))
03-17 15:09:17.131 28042 28366 D iroh_live: DEBUG endpoint{id=57b1a66620}:relay-actor: iroh::socket::transports::relay::actor: 0 active relay conns
03-17 15:09:17.131 28042 28362 D iroh_live: DEBUG endpoint{id=57b1a66620}:pkarr_publish{me=57b1a66620}: iroh::address_lookup::pkarr: Publish endpoint info to pkarr (info changed)
03-17 15:09:17.131 28042 28366 D iroh_live: DEBUG endpoint{id=57b1a66620}:relay-actor: iroh::socket::transports::relay::actor: 1 active relay conns: relay-https://euc1-1.relay.n0.iroh-canary.iroh.link./
03-17 15:09:17.131 28042 28362 D iroh_live: DEBUG endpoint{id=57b1a66620}:pkarr_publish{me=57b1a66620}: iroh::address_lookup::pkarr: Publishing endpoint info to pkarr data=EndpointData { addrs: {Relay(https://euc1-1.relay.n0.iroh-canary.iroh.link./)}, user_data: None } pkarr_relay=https://dns.iroh.link/pkarr
03-17 15:09:17.132 28042 28366 D iroh_live: DEBUG endpoint{id=57b1a66620}:relay-actor:active-relay{url=https://euc1-1.relay.n0.iroh-canary.iroh.link./}:dialing: iroh_relay::client: Dialing relay by websocket dial_url=wss://euc1-1.relay.n0.iroh-canary.iroh.link./relay
03-17 15:09:17.135 28042 28366 D iroh_live: DEBUG endpoint{id=57b1a66620}:relay-actor:active-relay{url=https://euc1-1.relay.n0.iroh-canary.iroh.link./}:dialing: iroh::_events::relay::home_changed: url=https://euc1-1.relay.n0.iroh-canary.iroh.link./ home_relay=true
03-17 15:09:17.157 28042 28362 D iroh_live: DEBUG endpoint{id=57b1a66620}:relay-actor:active-relay{url=https://euc1-1.relay.n0.iroh-canary.iroh.link./}:dialing: iroh_relay::client::tls: TCP stream connected server_addr=Ok([2a01:4f8:1c1a:d408::1]:443) local_addr=[2a01:599:b1e:b7d1:2a5f:432b:a47d:1595]:36626
03-17 15:09:17.158 28042 28362 D iroh_live: DEBUG endpoint{id=57b1a66620}:relay-actor:active-relay{url=https://euc1-1.relay.n0.iroh-canary.iroh.link./}:dialing: iroh_relay::client::tls: Starting TLS handshake
03-17 15:09:17.167 28042 28362 W iroh_live:  WARN endpoint{id=57b1a66620}:actor:QADv4{relay_url=https://euc1-1.relay.n0.iroh-canary.iroh.link./}:poll_send{dst=Ip(162.55.211.167:7842) src=Some(192.0.0.4) len=60}: noq_udp: sendmsg error: Os { code: 5, kind: Uncategorized, message: "I/O error" }, Transmit: { destination: 162.55.211.167:7842, src_ip: Some(192.0.0.4), ecn: Some(Ect0), len: 60, segment_size: Some(30) }
03-17 15:09:17.191 28042 28358 D iroh_live: DEBUG endpoint{id=57b1a66620}:relay-actor:active-relay{url=https://euc1-1.relay.n0.iroh-canary.iroh.link./}:dialing: iroh_relay::client::tls: tls_connector connect success
03-17 15:09:17.192 28042 28358 D iroh_live: DEBUG endpoint{id=57b1a66620}:relay-actor:active-relay{url=https://euc1-1.relay.n0.iroh-canary.iroh.link./}:dialing: iroh_relay::client: Using TLS key export for relay client authentication
03-17 15:09:17.221 28042 28363 D iroh_live: DEBUG endpoint{id=57b1a66620}:relay-actor:active-relay{url=https://euc1-1.relay.n0.iroh-canary.iroh.link./}:dialing: iroh::_events::net::relay::connected: url=https://euc1-1.relay.n0.iroh-canary.iroh.link./
03-17 15:09:17.221 28042 28363 D iroh_live: DEBUG endpoint{id=57b1a66620}:relay-actor:active-relay{url=https://euc1-1.relay.n0.iroh-canary.iroh.link./}:connected: iroh::socket::transports::relay::actor: Actor loop: connected to relay
03-17 15:09:17.222 28042 28363 D iroh_live: DEBUG endpoint{id=57b1a66620}:relay-actor:active-relay{url=https://euc1-1.relay.n0.iroh-canary.iroh.link./}:connected: iroh::_events::relay::connected: url=https://euc1-1.relay.n0.iroh-canary.iroh.link./ home_relay=true
03-17 15:09:17.223 28042 28363 D iroh_live: DEBUG endpoint{id=57b1a66620}:relay-actor:active-relay{url=https://euc1-1.relay.n0.iroh-canary.iroh.link./}:connected: iroh_relay::ping_tracker: Sending ping to relay server. data=[165, 168, 142, 209, 14, 111, 253, 157]
03-17 15:09:17.258 28042 28362 D iroh_live: DEBUG endpoint{id=57b1a66620}:relay-actor:active-relay{url=https://euc1-1.relay.n0.iroh-canary.iroh.link./}:connected: iroh_relay::ping_tracker: Pong received from relay server data=[165, 168, 142, 209, 14, 111, 253, 157]
03-17 15:09:17.975 28042 28363 D iroh_live: DEBUG connect{remote=ba3d5d8210}: iroh::_events::conn::connected: conn_id=237292429601008 side=Client remote_id=ba3d5d8210 alpn=moq-lite-03
03-17 15:09:17.976 28042 28363 D iroh_live: DEBUG endpoint{id=57b1a66620}:RemoteStateActor{remote=ba3d5d8210}:handle_message{msg=AddConnection(..)}: iroh::_events::path::set_status: remote=ba3d5d8210 path_remote=Relay(https://euc1-1.relay.n0.iroh-canary.iroh.link./, ba3d5d8210) path_status=Backup conn_id=237292429601008 path_id=0 res=Ok(())
03-17 15:09:17.976 28042 28363 D iroh_live: DEBUG endpoint{id=57b1a66620}:RemoteStateActor{remote=ba3d5d8210}:handle_message{msg=AddConnection(..)}:select_path: iroh::_events::path::selected: remote=ba3d5d8210 path_remote=Relay(https://euc1-1.relay.n0.iroh-canary.iroh.link./, ba3d5d8210) rtt=333ms prev_remote=Ok(None)
03-17 15:09:17.976 28042 28363 D iroh_live: DEBUG endpoint{id=57b1a66620}:RemoteStateActor{remote=ba3d5d8210}:handle_message{msg=AddConnection(..)}:select_path:open_path{open_addr=Relay(https://euc1-1.relay.n0.iroh-canary.iroh.link./, ba3d5d8210)}: iroh::_events::path::set_status: remote=ba3d5d8210 open_addr=Relay(https://euc1-1.relay.n0.iroh-canary.iroh.link./, ba3d5d8210) path_status=Backup conn_id=237292429601008 path_id=0 res=Ok(())
03-17 15:09:17.976 28042 28363 D iroh_live: DEBUG endpoint{id=57b1a66620}:RemoteStateActor{remote=ba3d5d8210}:handle_message{msg=AddConnection(..)}:do_holepunching: iroh::_events::qnt::init: remote=ba3d5d8210 local_candidates={80.187.64.196:30689, 192.0.0.4:49644, [2a01:599:b1e:b7d1:2a5f:432b:a47d:1595]:36283, [2a01:59f:ca0f:7c29:6374:e61a:d65e:a50d]:36283} remote_candidates={}
03-17 15:09:17.977 28042 28363 D iroh_live: DEBUG connect{remote=ba3d5d8210}: iroh::endpoint: Connection established. me=57b1a66620 remote=ba3d5d8210 alpn=moq-lite-03
03-17 15:09:17.979 28042 28363 I iroh_live:  INFO LiveActor: iroh_moq: connected remote=ba3d5d8210
03-17 15:09:17.979 28042 28363 I iroh_live:  INFO LiveActor: iroh_moq: handle new incoming session
03-17 15:09:17.980 28042 28355 I iroh_live:  INFO iroh_live::live: new peer connected id=ba3d5d8210bd1bbddd238cc9934b56e8f5291babc7932675339b345209d86eb2
03-17 15:09:18.065 28042 28360 D iroh_live: DEBUG connect{remote=ba3d5d8210}: moq_lite::lite::subscriber: announce broadcast=pi-zero
03-17 15:09:18.065 28042 28363 D iroh_live: DEBUG endpoint{id=57b1a66620}:RemoteStateActor{remote=ba3d5d8210}:do_holepunching: iroh::_events::qnt::init: remote=ba3d5d8210 local_candidates={80.187.64.196:30689, 192.0.0.4:49644, [2a01:599:b1e:b7d1:2a5f:432b:a47d:1595]:36283, [2a01:59f:ca0f:7c29:6374:e61a:d65e:a50d]:36283} remote_candidates={78.94.215.137:55090, 192.168.178.139:55090}
03-17 15:09:18.066 28042 28355 D iroh_live: DEBUG iroh_moq: peer announced broadcast: pi-zero
03-17 15:09:18.070 28042 28362 I iroh_live:  INFO connect{remote=ba3d5d8210}: moq_lite::lite::subscriber: subscribe started id=0 broadcast=pi-zero track=catalog.json
03-17 15:09:18.252 28042 28360 I iroh_live:  INFO connect{remote=ba3d5d8210}: moq_lite::lite::subscriber: subscribe started id=1 broadcast=pi-zero track=video/h264-openh264-360p
03-17 15:09:18.451 28042 28355 I iroh_live:  INFO rusty_codecs::codec::android::hw_decoder: H.264 Android HW decoder ready (ImageReader surface output) width=640 height=360
03-17 15:09:18.451 28042 28355 I iroh_live:  INFO rusty_codecs::codec::dynamic: using Android MediaCodec HW decoder (ImageReader)
03-17 15:09:18.453 28042 28355 W iroh_live:  WARN iroh_live_android: no audio track: no audio renditions: Expected some, found none
03-17 15:09:18.454 28042 28394 I iroh_live:  INFO videodec{name=video/h264-openh264-360p decoder=h264-android-hw}: moq_media::pipeline: decode start
03-17 15:09:18.454 28042 28394 I iroh_live:  INFO videodec{name=video/h264-openh264-360p decoder=h264-android-hw}: moq_media::pipeline: playout buffer sized from decoder burst burst_size=4 framerate=30.0 buffer_ms=133
03-17 15:09:18.454 28042 28394 D iroh_live: DEBUG videodec{name=video/h264-openh264-360p decoder=h264-android-hw}: moq_media::playout: playout clock: buffer updated old_buffer_ms=0 new_buffer_ms=133
03-17 15:09:18.458 28042 28395 I iroh_live:  INFO firewheel_cpal: Attempting to start CPAL audio stream...
03-17 15:09:18.461 28042 28395 I iroh_live:  INFO firewheel_cpal: Starting input audio stream with device "aaudio:-1" with configuration StreamConfig { channels: 2, sample_rate: 44100, buffer_size: Default }
03-17 15:09:18.509 28042 28355 I IrohLiveDemo: EGL initialized: 1.5 Android META-EGL
03-17 15:09:18.516 28042 28355 I IrohLiveDemo: GL initialized: renderer=Mali-G715
03-17 15:09:18.606 28042 28395 I iroh_live:  INFO firewheel_cpal: Starting output audio stream with device "aaudio:-1" with configuration StreamConfig { channels: 2, sample_rate: 44100, buffer_size: Default }
03-17 15:09:18.701 28042 28395 D iroh_live: DEBUG firewheel_graph::graph: compiled new audio graph: ScheduleHeapData { schedule: CompiledSchedule {
03-17 15:09:18.701 28042 28395 D iroh_live:     schedule: {
03-17 15:09:18.701 28042 28395 D iroh_live:         { graph_in-0-1 | out: [0] }
03-17 15:09:18.701 28042 28395 D iroh_live:         { graph_out-1-1 | in: [0, 1] | in_clear: [y, y] }
03-17 15:09:18.701 28042 28395 D iroh_live:     }
03-17 15:09:18.701 28042 28395 D iroh_live:     num_buffers: 2
03-17 15:09:18.701 28042 28395 D iroh_live:     max_block_frames: 1024
03-17 15:09:18.701 28042 28395 D iroh_live: }
03-17 15:09:18.701 28042 28395 D iroh_live: , nodes_to_remove: [], new_node_processors: [NodeID(Index { slot: 0, generation: Generation(1) }), NodeID(Index { slot: 1, generation: Generation(1) })] }
03-17 15:09:18.701 28042 28395 I iroh_live:  INFO moq_media::audio_backend: audio graph in: Some(AudioNodeInfoInner { debug_name: "graph_in", channel_config: ChannelConfig { num_inputs: ChannelCount(0), num_outputs: ChannelCount(1) }, call_update_method: false, custom_state: None, latency_frames: 0 })
03-17 15:09:18.701 28042 28395 I iroh_live:  INFO moq_media::audio_backend: audio graph out: Some(AudioNodeInfoInner { debug_name: "graph_out", channel_config: ChannelConfig { num_inputs: ChannelCount(2), num_outputs: ChannelCount(0) }, call_update_method: false, custom_state: None, latency_frames: 0 })
03-17 15:09:18.706 28042 28395 I iroh_live:  INFO moq_media::audio_backend::aec::processor: init audio processor (config=AecProcessorConfig { capture_config: StreamConfig { sample_rate_hz: 44100, num_channels: 2 }, render_config: StreamConfig { sample_rate_hz: 44100, num_channels: 2 } })
03-17 15:09:18.707 28042 28395 D iroh_live: DEBUG firewheel_graph::graph: compiled new audio graph: ScheduleHeapData { schedule: CompiledSchedule {
03-17 15:09:18.707 28042 28395 D iroh_live:     schedule: {
03-17 15:09:18.707 28042 28395 D iroh_live:         { graph_in-0-1 | in: [0, 1] | out: [2, 3] | in_clear: [y, y] }
03-17 15:09:18.707 28042 28395 D iroh_live:         { aec_render-2-1 | in: [1, 0] | out: [4, 5] | in_clear: [y, y] }
03-17 15:09:18.707 28042 28395 D iroh_live:         { aec_capture-3-1 | in: [2, 3] | out: [0, 1] | in_clear: [n, n] }
03-17 15:09:18.707 28042 28395 D iroh_live:         { graph_out-1-1 | in: [4, 5] | in_clear: [n, n] }
03-17 15:09:18.707 28042 28395 D iroh_live:     }
03-17 15:09:18.707 28042 28395 D iroh_live:     num_buffers: 6
03-17 15:09:18.707 28042 28395 D iroh_live:     max_block_frames: 1024
03-17 15:09:18.707 28042 28395 D iroh_live: }
03-17 15:09:18.707 28042 28395 D iroh_live: , nodes_to_remove: [], new_node_processors: [NodeID(Index { slot: 2, generation: Generation(1) }), NodeID(Index { slot: 3, generation: Generation(1) })] }
03-17 15:09:18.707 28042 28395 I iroh_live:  INFO moq_media::audio_backend: update processor delay to 150ms
03-17 15:09:18.707 28042 28395 D iroh_live: DEBUG moq_media::audio_backend::aec::processor: updating stream delay to 150ms
03-17 15:09:21.145 28042 28363 D iroh_live: DEBUG endpoint{id=57b1a66620}:RemoteStateActor{remote=ba3d5d8210}:handle_path_event{conn_id=ConnId(237292429601008) event=Ok(Abandoned { id: PathId(1), reason: ValidationFailed })}: iroh::socket::remote_map::remote_state: path not in path_id_map id=1
03-17 15:09:21.146 28042 28363 D iroh_live: DEBUG endpoint{id=57b1a66620}:RemoteStateActor{remote=ba3d5d8210}:handle_path_event{conn_id=ConnId(237292429601008) event=Ok(Abandoned { id: PathId(2), reason: ValidationFailed })}: iroh::socket::remote_map::remote_state: path not in path_id_map id=2
03-17 15:09:21.905 28042 28394 D iroh_live: DEBUG videodec{name=video/h264-openh264-360p decoder=h264-android-hw}: moq_media::pipeline: decode_loop: slow push_packet t=29.105306ms
03-17 15:09:21.916 28042 28394 D iroh_live: DEBUG videodec{name=video/h264-openh264-360p decoder=h264-android-hw}: moq_media::pipeline: decode_loop: status frames_pushed=0 frames_popped=0 buf_len=0 buffer_ms=133 jitter_ms=0 total_drift_ms=0 reanchor_count=0
03-17 15:09:21.930 28042 28394 D iroh_live: DEBUG videodec{name=video/h264-openh264-360p decoder=h264-android-hw}: rusty_codecs::codec::android::hw_decoder: hw decoder output format changed width=640 height=368 stride=640 slice_height=368
03-17 15:09:21.949 28042 28394 D iroh_live: DEBUG videodec{name=video/h264-openh264-360p decoder=h264-android-hw}: moq_media::pipeline: decode_loop: slow push_packet t=32.483643ms
03-17 15:09:21.960 28042 28394 D iroh_live: DEBUG videodec{name=video/h264-openh264-360p decoder=h264-android-hw}: moq_media::playout: playout clock: anchored (first frame) buffer_ms=133 pts_ms=0
03-17 15:09:21.995 28042 28394 D iroh_live: DEBUG videodec{name=video/h264-openh264-360p decoder=h264-android-hw}: moq_media::pipeline: decode_loop: slow push_packet t=14.317464ms
03-17 15:09:22.038 28042 28394 D iroh_live: DEBUG videodec{name=video/h264-openh264-360p decoder=h264-android-hw}: moq_media::pipeline: decode_loop: slow push_packet t=20.468588ms
03-17 15:09:22.081 28042 28394 D iroh_live: DEBUG videodec{name=video/h264-openh264-360p decoder=h264-android-hw}: moq_media::pipeline: decode_loop: slow push_packet t=20.973267ms
03-17 15:09:22.102 28042 28394 D iroh_live: DEBUG videodec{name=video/h264-openh264-360p decoder=h264-android-hw}: moq_media::pipeline: decode_loop: frame gap (stutter) gap=3.648819378s buf_len=4
03-17 15:09:22.103 28042 28355 I iroh_live:  INFO iroh_live_android: decoded frame dimensions updated width=640 height=368
03-17 15:09:22.116 28042 28394 D iroh_live: DEBUG videodec{name=video/h264-openh264-360p decoder=h264-android-hw}: moq_media::pipeline: decode_loop: slow push_packet t=12.810424ms
03-17 15:09:22.167 28042 28394 D iroh_live: DEBUG videodec{name=video/h264-openh264-360p decoder=h264-android-hw}: moq_media::pipeline: decode_loop: slow push_packet t=20.699667ms
03-17 15:09:22.215 28042 28394 D iroh_live: DEBUG videodec{name=video/h264-openh264-360p decoder=h264-android-hw}: moq_media::pipeline: decode_loop: slow push_packet t=20.901326ms
03-17 15:09:22.259 28042 28394 D iroh_live: DEBUG videodec{name=video/h264-openh264-360p decoder=h264-android-hw}: moq_media::pipeline: decode_loop: slow push_packet t=21.92391ms
03-17 15:09:22.300 28042 28394 D iroh_live: DEBUG videodec{name=video/h264-openh264-360p decoder=h264-android-hw}: moq_media::pipeline: decode_loop: slow push_packet t=19.773845ms
03-17 15:09:22.339 28042 28394 D iroh_live: DEBUG videodec{name=video/h264-openh264-360p decoder=h264-android-hw}: moq_media::pipeline: decode_loop: slow push_packet t=18.561442ms
03-17 15:09:22.381 28042 28394 D iroh_live: DEBUG videodec{name=video/h264-openh264-360p decoder=h264-android-hw}: moq_media::pipeline: decode_loop: slow push_packet t=20.696859ms
03-17 15:09:22.426 28042 28394 D iroh_live: DEBUG videodec{name=video/h264-openh264-360p decoder=h264-android-hw}: moq_media::pipeline: decode_loop: slow push_packet t=23.768677ms
03-17 15:09:22.469 28042 28394 D iroh_live: DEBUG videodec{name=video/h264-openh264-360p decoder=h264-android-hw}: moq_media::pipeline: decode_loop: slow push_packet t=21.617554ms
03-17 15:09:22.511 28042 28394 D iroh_live: DEBUG videodec{name=video/h264-openh264-360p decoder=h264-android-hw}: moq_media::pipeline: decode_loop: slow push_packet t=20.074259ms
03-17 15:09:22.554 28042 28394 D iroh_live: DEBUG videodec{name=video/h264-openh264-360p decoder=h264-android-hw}: moq_media::pipeline: decode_loop: slow push_packet t=21.889689ms
03-17 15:09:22.596 28042 28394 D iroh_live: DEBUG videodec{name=video/h264-openh264-360p decoder=h264-android-hw}: moq_media::pipeline: decode_loop: slow push_packet t=20.798503ms
03-17 15:09:22.636 28042 28394 D iroh_live: DEBUG videodec{name=video/h264-openh264-360p decoder=h264-android-hw}: moq_media::pipeline: decode_loop: slow push_packet t=18.780477ms
03-17 15:09:22.680 28042 28394 D iroh_live: DEBUG videodec{name=video/h264-openh264-360p decoder=h264-android-hw}: moq_media::pipeline: decode_loop: slow push_packet t=22.45931ms
03-17 15:09:22.723 28042 28394 D iroh_live: DEBUG videodec{name=video/h264-openh264-360p decoder=h264-android-hw}: moq_media::pipeline: decode_loop: slow push_packet t=21.581828ms
03-17 15:09:22.733 28042 28394 D iroh_live: DEBUG videodec{name=video/h264-openh264-360p decoder=h264-android-hw}: moq_media::playout: playout clock: re-anchored after buffer underrun late_by_ms=7 buffer_ms=133 total_drift_ms=7 reanchor_count=1 pts_ms=633
03-17 15:09:22.759 28042 28394 D iroh_live: DEBUG videodec{name=video/h264-openh264-360p decoder=h264-android-hw}: moq_media::pipeline: decode_loop: slow push_packet t=14.454427ms
03-17 15:09:22.796 28042 28394 D iroh_live: DEBUG videodec{name=video/h264-openh264-360p decoder=h264-android-hw}: moq_media::pipeline: decode_loop: slow push_packet t=14.451498ms
03-17 15:09:22.834 28042 28394 D iroh_live: DEBUG videodec{name=video/h264-openh264-360p decoder=h264-android-hw}: moq_media::pipeline: decode_loop: slow push_packet t=14.695231ms
03-17 15:09:22.875 28042 28394 D iroh_live: DEBUG videodec{name=video/h264-openh264-360p decoder=h264-android-hw}: moq_media::pipeline: decode_loop: slow push_packet t=16.148153ms
03-17 15:09:22.896 28042 28394 D iroh_live: DEBUG videodec{name=video/h264-openh264-360p decoder=h264-android-hw}: moq_media::pipeline: decode_loop: frame gap (stutter) gap=195.047973ms buf_len=4
03-17 15:09:22.912 28042 28394 D iroh_live: DEBUG videodec{name=video/h264-openh264-360p decoder=h264-android-hw}: moq_media::pipeline: decode_loop: slow push_packet t=15.985718ms
03-17 15:09:22.949 28042 28394 D iroh_live: DEBUG videodec{name=video/h264-openh264-360p decoder=h264-android-hw}: moq_media::pipeline: decode_loop: slow push_packet t=15.466024ms
03-17 15:09:22.988 28042 28394 D iroh_live: DEBUG videodec{name=video/h264-openh264-360p decoder=h264-android-hw}: moq_media::pipeline: decode_loop: slow push_packet t=17.615275ms
03-17 15:09:23.067 28042 28362 D iroh_live: DEBUG endpoint{id=57b1a66620}:RemoteStateActor{remote=ba3d5d8210}:do_holepunching: iroh::_events::qnt::init: remote=ba3d5d8210 local_candidates={80.187.64.196:30689, 192.0.0.4:49644, [2a01:599:b1e:b7d1:2a5f:432b:a47d:1595]:36283, [2a01:59f:ca0f:7c29:6374:e61a:d65e:a50d]:36283} remote_candidates={78.94.215.137:55090, 192.168.178.139:55090}
03-17 15:09:23.089 28042 28394 D iroh_live: DEBUG videodec{name=video/h264-openh264-360p decoder=h264-android-hw}: moq_media::pipeline: decode_loop: slow push_packet t=15.784668ms
03-17 15:09:23.202 28042 28394 D iroh_live: DEBUG videodec{name=video/h264-openh264-360p decoder=h264-android-hw}: moq_media::pipeline: decode_loop: slow push_packet t=16.129842ms
03-17 15:09:23.212 28042 28394 D iroh_live: DEBUG videodec{name=video/h264-openh264-360p decoder=h264-android-hw}: moq_media::playout: playout clock: re-anchored after buffer underrun late_by_ms=45 buffer_ms=133 total_drift_ms=52 reanchor_count=2 pts_ms=933
03-17 15:09:23.242 28042 28394 D iroh_live: DEBUG videodec{name=video/h264-openh264-360p decoder=h264-android-hw}: moq_media::pipeline: decode_loop: slow push_packet t=19.276001ms
03-17 15:09:23.282 28042 28394 D iroh_live: DEBUG videodec{name=video/h264-openh264-360p decoder=h264-android-hw}: moq_media::pipeline: decode_loop: slow push_packet t=18.788371ms
03-17 15:09:23.323 28042 28394 D iroh_live: DEBUG videodec{name=video/h264-openh264-360p decoder=h264-android-hw}: moq_media::pipeline: decode_loop: slow push_packet t=19.857748ms
03-17 15:09:23.356 28042 28394 D iroh_live: DEBUG videodec{name=video/h264-openh264-360p decoder=h264-android-hw}: moq_media::pipeline: decode_loop: slow push_packet t=12.096842ms
03-17 15:09:23.378 28042 28394 D iroh_live: DEBUG videodec{name=video/h264-openh264-360p decoder=h264-android-hw}: moq_media::pipeline: decode_loop: frame gap (stutter) gap=244.554972ms buf_len=4
03-17 15:09:23.397 28042 28394 D iroh_live: DEBUG videodec{name=video/h264-openh264-360p decoder=h264-android-hw}: moq_media::pipeline: decode_loop: slow push_packet t=18.717651ms
03-17 15:09:23.436 28042 28394 D iroh_live: DEBUG videodec{name=video/h264-openh264-360p decoder=h264-android-hw}: moq_media::pipeline: decode_loop: slow push_packet t=18.097493ms
03-17 15:09:23.478 28042 28394 D iroh_live: DEBUG videodec{name=video/h264-openh264-360p decoder=h264-android-hw}: moq_media::pipeline: decode_loop: slow push_packet t=20.46757ms
03-17 15:09:23.515 28042 28394 D iroh_live: DEBUG videodec{name=video/h264-openh264-360p decoder=h264-android-hw}: moq_media::pipeline: decode_loop: slow push_packet t=16.646362ms
03-17 15:09:23.558 28042 28394 D iroh_live: DEBUG videodec{name=video/h264-openh264-360p decoder=h264-android-hw}: moq_media::pipeline: decode_loop: slow push_packet t=22.004151ms
03-17 15:09:23.598 28042 28394 D iroh_live: DEBUG videodec{name=video/h264-openh264-360p decoder=h264-android-hw}: moq_media::pipeline: decode_loop: slow push_packet t=19.071696ms
03-17 15:09:23.638 28042 28394 D iroh_live: DEBUG videodec{name=video/h264-openh264-360p decoder=h264-android-hw}: moq_media::pipeline: decode_loop: slow push_packet t=19.263672ms
03-17 15:09:23.677 28042 28394 D iroh_live: DEBUG videodec{name=video/h264-openh264-360p decoder=h264-android-hw}: moq_media::pipeline: decode_loop: slow push_packet t=18.142781ms
03-17 15:09:23.717 28042 28394 D iroh_live: DEBUG videodec{name=video/h264-openh264-360p decoder=h264-android-hw}: moq_media::pipeline: decode_loop: slow push_packet t=19.118124ms
03-17 15:09:23.759 28042 28394 D iroh_live: DEBUG videodec{name=video/h264-openh264-360p decoder=h264-android-hw}: moq_media::pipeline: decode_loop: slow push_packet t=21.44576ms
03-17 15:09:23.801 28042 28394 D iroh_live: DEBUG videodec{name=video/h264-openh264-360p decoder=h264-android-hw}: moq_media::pipeline: decode_loop: slow push_packet t=20.224406ms
03-17 15:09:23.840 28042 28394 D iroh_live: DEBUG videodec{name=video/h264-openh264-360p decoder=h264-android-hw}: moq_media::pipeline: decode_loop: slow push_packet t=18.584188ms
03-17 15:09:23.882 28042 28394 D iroh_live: DEBUG videodec{name=video/h264-openh264-360p decoder=h264-android-hw}: moq_media::pipeline: decode_loop: slow push_packet t=19.648804ms
03-17 15:09:23.924 28042 28394 D iroh_live: DEBUG videodec{name=video/h264-openh264-360p decoder=h264-android-hw}: moq_media::pipeline: decode_loop: slow push_packet t=20.492635ms
03-17 15:09:23.966 28042 28394 D iroh_live: DEBUG videodec{name=video/h264-openh264-360p decoder=h264-android-hw}: moq_media::pipeline: decode_loop: slow push_packet t=19.573975ms
03-17 15:09:24.009 28042 28394 D iroh_live: DEBUG videodec{name=video/h264-openh264-360p decoder=h264-android-hw}: moq_media::pipeline: decode_loop: slow push_packet t=22.128825ms
03-17 15:09:24.020 28042 28394 D iroh_live: DEBUG videodec{name=video/h264-openh264-360p decoder=h264-android-hw}: moq_media::playout: playout clock: re-anchored after buffer underrun late_by_ms=7 buffer_ms=133 total_drift_ms=60 reanchor_count=3 pts_ms=1600
03-17 15:09:24.050 28042 28394 D iroh_live: DEBUG videodec{name=video/h264-openh264-360p decoder=h264-android-hw}: moq_media::pipeline: decode_loop: slow push_packet t=19.932088ms
03-17 15:09:24.091 28042 28394 D iroh_live: DEBUG videodec{name=video/h264-openh264-360p decoder=h264-android-hw}: moq_media::pipeline: decode_loop: slow push_packet t=17.785644ms
03-17 15:09:24.132 28042 28394 D iroh_live: DEBUG videodec{name=video/h264-openh264-360p decoder=h264-android-hw}: moq_media::pipeline: decode_loop: slow push_packet t=18.996622ms
03-17 15:09:24.155 28042 28394 D iroh_live: DEBUG videodec{name=video/h264-openh264-360p decoder=h264-android-hw}: moq_media::pipeline: decode_loop: frame gap (stutter) gap=167.825236ms buf_len=3
03-17 15:09:24.180 28042 28394 D iroh_live: DEBUG videodec{name=video/h264-openh264-360p decoder=h264-android-hw}: moq_media::pipeline: decode_loop: slow push_packet t=24.870972ms
03-17 15:09:24.222 28042 28394 D iroh_live: DEBUG videodec{name=video/h264-openh264-360p decoder=h264-android-hw}: moq_media::pipeline: decode_loop: slow push_packet t=19.93392ms
03-17 15:09:24.260 28042 28394 D iroh_live: DEBUG videodec{name=video/h264-openh264-360p decoder=h264-android-hw}: moq_media::pipeline: decode_loop: slow push_packet t=17.216878ms
03-17 15:09:24.300 28042 28394 D iroh_live: DEBUG videodec{name=video/h264-openh264-360p decoder=h264-android-hw}: moq_media::pipeline: decode_loop: slow push_packet t=18.638183ms
03-17 15:09:24.339 28042 28394 D iroh_live: DEBUG videodec{name=video/h264-openh264-360p decoder=h264-android-hw}: moq_media::pipeline: decode_loop: slow push_packet t=17.115804ms
03-17 15:09:24.488 28042 28394 D iroh_live: DEBUG videodec{name=video/h264-openh264-360p decoder=h264-android-hw}: moq_media::pipeline: decode_loop: slow push_packet t=17.870443ms
03-17 15:09:24.498 28042 28394 D iroh_live: DEBUG videodec{name=video/h264-openh264-360p decoder=h264-android-hw}: moq_media::playout: playout clock: re-anchored after buffer underrun late_by_ms=45 buffer_ms=133 total_drift_ms=105 reanchor_count=4 pts_ms=1900
03-17 15:09:24.632 28042 28394 D iroh_live: DEBUG videodec{name=video/h264-openh264-360p decoder=h264-android-hw}: moq_media::pipeline: decode_loop: frame gap (stutter) gap=211.772868ms buf_len=0
03-17 15:09:24.721 28042 28394 D iroh_live: DEBUG videodec{name=video/h264-openh264-360p decoder=h264-android-hw}: moq_media::pipeline: decode_loop: slow push_packet t=18.869344ms
03-17 15:09:24.732 28042 28394 D iroh_live: DEBUG videodec{name=video/h264-openh264-360p decoder=h264-android-hw}: moq_media::playout: playout clock: re-anchored after buffer underrun late_by_ms=66 buffer_ms=133 total_drift_ms=172 reanchor_count=5 pts_ms=1933
03-17 15:09:24.828 28042 28394 D iroh_live: DEBUG videodec{name=video/h264-openh264-360p decoder=h264-android-hw}: moq_media::pipeline: decode_loop: slow push_packet t=19.482422ms
03-17 15:09:24.877 28042 28394 D iroh_live: DEBUG videodec{name=video/h264-openh264-360p decoder=h264-android-hw}: moq_media::pipeline: decode_loop: slow push_packet t=21.190634ms
03-17 15:09:24.898 28042 28394 D iroh_live: DEBUG videodec{name=video/h264-openh264-360p decoder=h264-android-hw}: moq_media::pipeline: decode_loop: frame gap (stutter) gap=266.238078ms buf_len=2
03-17 15:09:24.919 28042 28394 D iroh_live: DEBUG videodec{name=video/h264-openh264-360p decoder=h264-android-hw}: moq_media::pipeline: decode_loop: slow push_packet t=21.053141ms
03-17 15:09:24.962 28042 28394 D iroh_live: DEBUG videodec{name=video/h264-openh264-360p decoder=h264-android-hw}: moq_media::pipeline: decode_loop: slow push_packet t=20.935465ms
03-17 15:09:25.002 28042 28394 D iroh_live: DEBUG videodec{name=video/h264-openh264-360p decoder=h264-android-hw}: moq_media::pipeline: decode_loop: slow push_packet t=18.954427ms
03-17 15:09:25.042 28042 28394 D iroh_live: DEBUG videodec{name=video/h264-openh264-360p decoder=h264-android-hw}: moq_media::pipeline: decode_loop: slow push_packet t=19.425659ms
03-17 15:09:25.079 28042 28364 D iroh_live: DEBUG hang::container::consumer: skipping slow groups old=2 new=3
03-17 15:09:25.086 28042 28394 D iroh_live: DEBUG videodec{name=video/h264-openh264-360p decoder=h264-android-hw}: moq_media::pipeline: decode_loop: slow push_packet t=22.194743ms
03-17 15:09:25.131 28042 28394 D iroh_live: DEBUG videodec{name=video/h264-openh264-360p decoder=h264-android-hw}: moq_media::pipeline: decode_loop: slow push_packet t=23.797607ms
03-17 15:09:25.141 28042 28394 D iroh_live: DEBUG videodec{name=video/h264-openh264-360p decoder=h264-android-hw}: moq_media::playout: playout clock: re-anchored after buffer underrun late_by_ms=9 buffer_ms=133 total_drift_ms=181 reanchor_count=6 pts_ms=2200
03-17 15:09:25.173 28042 28394 D iroh_live: DEBUG videodec{name=video/h264-openh264-360p decoder=h264-android-hw}: moq_media::pipeline: decode_loop: slow push_packet t=20.851766ms
03-17 15:09:25.215 28042 28394 D iroh_live: DEBUG videodec{name=video/h264-openh264-360p decoder=h264-android-hw}: moq_media::pipeline: decode_loop: slow push_packet t=20.265544ms
03-17 15:09:25.259 28042 28394 D iroh_live: DEBUG videodec{name=video/h264-openh264-360p decoder=h264-android-hw}: moq_media::pipeline: decode_loop: slow push_packet t=22.97819ms
03-17 15:09:25.281 28042 28394 D iroh_live: DEBUG videodec{name=video/h264-openh264-360p decoder=h264-android-hw}: moq_media::pipeline: decode_loop: frame gap (stutter) gap=174.183837ms buf_len=3
03-17 15:09:25.305 28042 28394 D iroh_live: DEBUG videodec{name=video/h264-openh264-360p decoder=h264-android-hw}: moq_media::pipeline: decode_loop: slow push_packet t=23.445516ms
03-17 15:09:25.349 28042 28394 D iroh_live: DEBUG videodec{name=video/h264-openh264-360p decoder=h264-android-hw}: moq_media::pipeline: decode_loop: slow push_packet t=23.144124ms
03-17 15:09:25.394 28042 28394 D iroh_live: DEBUG videodec{name=video/h264-openh264-360p decoder=h264-android-hw}: moq_media::pipeline: decode_loop: slow push_packet t=21.596639ms
03-17 15:09:25.440 28042 28394 D iroh_live: DEBUG videodec{name=video/h264-openh264-360p decoder=h264-android-hw}: moq_media::pipeline: decode_loop: slow push_packet t=24.746582ms
03-17 15:09:25.491 28042 28394 D iroh_live: DEBUG videodec{name=video/h264-openh264-360p decoder=h264-android-hw}: moq_media::pipeline: decode_loop: slow push_packet t=28.018352ms
03-17 15:09:25.536 28042 28394 D iroh_live: DEBUG videodec{name=video/h264-openh264-360p decoder=h264-android-hw}: moq_media::pipeline: decode_loop: slow push_packet t=23.100342ms
03-17 15:09:25.572 28042 28394 D iroh_live: DEBUG videodec{name=video/h264-openh264-360p decoder=h264-android-hw}: moq_media::pipeline: decode_loop: slow push_packet t=14.391887ms
03-17 15:09:25.575 28042 28394 W iroh_live:  WARN videodec{name=video/h264-openh264-360p decoder=h264-android-hw}: rusty_codecs::codec::android::hw_decoder: ImageReader: max images acquired, frame dropped
03-17 15:09:25.596 28042 28394 W iroh_live:  WARN videodec{name=video/h264-openh264-360p decoder=h264-android-hw}: rusty_codecs::codec::android::hw_decoder: ImageReader: max images acquired, frame dropped
03-17 15:09:25.606 28042 28394 D iroh_live: DEBUG videodec{name=video/h264-openh264-360p decoder=h264-android-hw}: moq_media::pipeline: decode_loop: slow push_packet t=20.873942ms
03-17 15:09:25.630 28042 28394 W iroh_live:  WARN videodec{name=video/h264-openh264-360p decoder=h264-android-hw}: rusty_codecs::codec::android::hw_decoder: ImageReader: max images acquired, frame dropped
03-17 15:09:25.641 28042 28394 D iroh_live: DEBUG videodec{name=video/h264-openh264-360p decoder=h264-android-hw}: moq_media::pipeline: decode_loop: slow push_packet t=23.484945ms
03-17 15:09:25.670 28042 28394 W iroh_live:  WARN videodec{name=video/h264-openh264-360p decoder=h264-android-hw}: rusty_codecs::codec::android::hw_decoder: ImageReader: max images acquired, frame dropped
03-17 15:09:25.681 28042 28394 D iroh_live: DEBUG videodec{name=video/h264-openh264-360p decoder=h264-android-hw}: moq_media::pipeline: decode_loop: slow push_packet t=24.076864ms
03-17 15:09:25.701 28042 28394 W iroh_live:  WARN videodec{name=video/h264-openh264-360p decoder=h264-android-hw}: rusty_codecs::codec::android::hw_decoder: ImageReader: max images acquired, frame dropped
03-17 15:09:25.712 28042 28394 D iroh_live: DEBUG videodec{name=video/h264-openh264-360p decoder=h264-android-hw}: moq_media::pipeline: decode_loop: slow push_packet t=21.099935ms
03-17 15:09:25.737 28042 28394 D iroh_live: DEBUG videodec{name=video/h264-openh264-360p decoder=h264-android-hw}: moq_media::pipeline: decode_loop: slow push_packet t=13.598958ms
03-17 15:09:25.752 28042 28394 W iroh_live:  WARN videodec{name=video/h264-openh264-360p decoder=h264-android-hw}: rusty_codecs::codec::android::hw_decoder: ImageReader: max images acquired, frame dropped
03-17 15:09:25.761 28042 28394 W iroh_live:  WARN videodec{name=video/h264-openh264-360p decoder=h264-android-hw}: rusty_codecs::codec::android::hw_decoder: ImageReader: max images acquired, frame dropped
03-17 15:09:25.772 28042 28394 D iroh_live: DEBUG videodec{name=video/h264-openh264-360p decoder=h264-android-hw}: moq_media::pipeline: decode_loop: slow push_packet t=24.392903ms
03-17 15:09:25.793 28042 28394 W iroh_live:  WARN videodec{name=video/h264-openh264-360p decoder=h264-android-hw}: rusty_codecs::codec::android::hw_decoder: ImageReader: max images acquired, frame dropped
03-17 15:09:25.804 28042 28394 D iroh_live: DEBUG videodec{name=video/h264-openh264-360p decoder=h264-android-hw}: moq_media::pipeline: decode_loop: slow push_packet t=20.946737ms
03-17 15:09:25.825 28042 28394 W iroh_live:  WARN videodec{name=video/h264-openh264-360p decoder=h264-android-hw}: rusty_codecs::codec::android::hw_decoder: ImageReader: max images acquired, frame dropped
03-17 15:09:25.836 28042 28394 D iroh_live: DEBUG videodec{name=video/h264-openh264-360p decoder=h264-android-hw}: moq_media::pipeline: decode_loop: slow push_packet t=21.456624ms
03-17 15:09:25.873 28042 28394 W iroh_live:  WARN videodec{name=video/h264-openh264-360p decoder=h264-android-hw}: rusty_codecs::codec::android::hw_decoder: ImageReader: max images acquired, frame dropped
03-17 15:09:25.885 28042 28394 D iroh_live: DEBUG videodec{name=video/h264-openh264-360p decoder=h264-android-hw}: moq_media::pipeline: decode_loop: slow push_packet t=37.776164ms
03-17 15:09:25.907 28042 28394 W iroh_live:  WARN videodec{name=video/h264-openh264-360p decoder=h264-android-hw}: rusty_codecs::codec::android::hw_decoder: ImageReader: max images acquired, frame dropped
03-17 15:09:25.918 28042 28394 D iroh_live: DEBUG videodec{name=video/h264-openh264-360p decoder=h264-android-hw}: moq_media::pipeline: decode_loop: slow push_packet t=20.859049ms
03-17 15:09:25.929 28042 28394 D iroh_live: DEBUG videodec{name=video/h264-openh264-360p decoder=h264-android-hw}: moq_media::pipeline: decode_loop: frame gap (stutter) gap=603.003744ms buf_len=7
03-17 15:09:25.952 28042 28394 D iroh_live: DEBUG videodec{name=video/h264-openh264-360p decoder=h264-android-hw}: moq_media::pipeline: decode_loop: slow push_packet t=23.324056ms
03-17 15:09:25.998 28042 28394 D iroh_live: DEBUG videodec{name=video/h264-openh264-360p decoder=h264-android-hw}: moq_media::pipeline: decode_loop: slow push_packet t=24.517375ms
03-17 15:09:26.047 28042 28394 D iroh_live: DEBUG videodec{name=video/h264-openh264-360p decoder=h264-android-hw}: moq_media::pipeline: decode_loop: slow push_packet t=23.381144ms
03-17 15:09:26.088 28042 28394 D iroh_live: DEBUG videodec{name=video/h264-openh264-360p decoder=h264-android-hw}: moq_media::pipeline: decode_loop: slow push_packet t=19.890869ms
03-17 15:09:26.132 28042 28394 D iroh_live: DEBUG videodec{name=video/h264-openh264-360p decoder=h264-android-hw}: moq_media::pipeline: decode_loop: slow push_packet t=22.176188ms
03-17 15:09:26.145 28042 28358 D iroh_live: DEBUG endpoint{id=57b1a66620}:RemoteStateActor{remote=ba3d5d8210}:handle_path_event{conn_id=ConnId(237292429601008) event=Ok(Abandoned { id: PathId(3), reason: ValidationFailed })}: iroh::socket::remote_map::remote_state: path not in path_id_map id=3
03-17 15:09:26.145 28042 28358 D iroh_live: DEBUG endpoint{id=57b1a66620}:RemoteStateActor{remote=ba3d5d8210}:handle_path_event{conn_id=ConnId(237292429601008) event=Ok(Abandoned { id: PathId(4), reason: ValidationFailed })}: iroh::socket::remote_map::remote_state: path not in path_id_map id=4
03-17 15:09:26.173 28042 28394 D iroh_live: DEBUG videodec{name=video/h264-openh264-360p decoder=h264-android-hw}: moq_media::pipeline: decode_loop: slow push_packet t=20.072754ms
03-17 15:09:26.215 28042 28394 D iroh_live: DEBUG videodec{name=video/h264-openh264-360p decoder=h264-android-hw}: moq_media::pipeline: decode_loop: slow push_packet t=20.085368ms
03-17 15:09:26.257 28042 28394 D iroh_live: DEBUG videodec{name=video/h264-openh264-360p decoder=h264-android-hw}: moq_media::pipeline: decode_loop: slow push_packet t=20.498047ms
03-17 15:09:26.288 28042 28394 W iroh_live:  WARN videodec{name=video/h264-openh264-360p decoder=h264-android-hw}: rusty_codecs::codec::android::hw_decoder: ImageReader: max images acquired, frame dropped
03-17 15:09:26.298 28042 28394 D iroh_live: DEBUG videodec{name=video/h264-openh264-360p decoder=h264-android-hw}: moq_media::pipeline: decode_loop: slow push_packet t=20.144898ms
03-17 15:09:26.319 28042 28394 W iroh_live:  WARN videodec{name=video/h264-openh264-360p decoder=h264-android-hw}: rusty_codecs::codec::android::hw_decoder: ImageReader: max images acquired, frame dropped
03-17 15:09:26.329 28042 28394 D iroh_live: DEBUG videodec{name=video/h264-openh264-360p decoder=h264-android-hw}: moq_media::pipeline: decode_loop: slow push_packet t=20.133789ms
03-17 15:09:26.350 28042 28394 W iroh_live:  WARN videodec{name=video/h264-openh264-360p decoder=h264-android-hw}: rusty_codecs::codec::android::hw_decoder: ImageReader: max images acquired, frame dropped
03-17 15:09:26.361 28042 28394 D iroh_live: DEBUG videodec{name=video/h264-openh264-360p decoder=h264-android-hw}: moq_media::pipeline: decode_loop: slow push_packet t=20.83435ms
03-17 15:09:26.380 28042 28394 W iroh_live:  WARN videodec{name=video/h264-openh264-360p decoder=h264-android-hw}: rusty_codecs::codec::android::hw_decoder: ImageReader: max images acquired, frame dropped
03-17 15:09:26.390 28042 28394 D iroh_live: DEBUG videodec{name=video/h264-openh264-360p decoder=h264-android-hw}: moq_media::pipeline: decode_loop: slow push_packet t=18.847738ms
03-17 15:09:26.410 28042 28394 W iroh_live:  WARN videodec{name=video/h264-openh264-360p decoder=h264-android-hw}: rusty_codecs::codec::android::hw_decoder: ImageReader: max images acquired, frame dropped
