03-17 15:12:17.354 28855 29036 D iroh_live: DEBUG endpoint{id=7e6af9ef19}:relay-actor:active-relay{url=https://euc1-1.relay.n0.iroh-canary.iroh.link./}:connected: iroh_relay::ping_tracker: Sending ping to relay server. data=[88, 220, 147, 64, 176, 64, 159, 92]
03-17 15:12:17.386 28855 29043 D iroh_live: DEBUG endpoint{id=7e6af9ef19}:relay-actor:active-relay{url=https://euc1-1.relay.n0.iroh-canary.iroh.link./}:connected: iroh_relay::ping_tracker: Pong received from relay server data=[88, 220, 147, 64, 176, 64, 159, 92]
03-17 15:12:17.858 28855 29037 D iroh_live: DEBUG connect{remote=a4f6781979}: iroh::_events::conn::connected: conn_id=224349969072912 side=Client remote_id=a4f6781979 alpn=moq-lite-03
03-17 15:12:17.859 28855 29037 D iroh_live: DEBUG endpoint{id=7e6af9ef19}:RemoteStateActor{remote=a4f6781979}:handle_message{msg=AddConnection(..)}: iroh::_events::path::set_status: remote=a4f6781979 path_remote=Relay(https://euc1-1.relay.n0.iroh-canary.iroh.link./, a4f6781979) path_status=Backup conn_id=224349969072912 path_id=0 res=Ok(())
03-17 15:12:17.859 28855 29037 D iroh_live: DEBUG endpoint{id=7e6af9ef19}:RemoteStateActor{remote=a4f6781979}:handle_message{msg=AddConnection(..)}:select_path: iroh::_events::path::selected: remote=a4f6781979 path_remote=Relay(https://euc1-1.relay.n0.iroh-canary.iroh.link./, a4f6781979) rtt=333ms prev_remote=Ok(None)
03-17 15:12:17.860 28855 29037 D iroh_live: DEBUG endpoint{id=7e6af9ef19}:RemoteStateActor{remote=a4f6781979}:handle_message{msg=AddConnection(..)}:select_path:open_path{open_addr=Relay(https://euc1-1.relay.n0.iroh-canary.iroh.link./, a4f6781979)}: iroh::_events::path::set_status: remote=a4f6781979 open_addr=Relay(https://euc1-1.relay.n0.iroh-canary.iroh.link./, a4f6781979) path_status=Backup conn_id=224349969072912 path_id=0 res=Ok(())
03-17 15:12:17.860 28855 29037 D iroh_live: DEBUG endpoint{id=7e6af9ef19}:RemoteStateActor{remote=a4f6781979}:handle_message{msg=AddConnection(..)}:do_holepunching: iroh::_events::qnt::init: remote=a4f6781979 local_candidates={80.187.64.196:26657, 192.0.0.4:46554, [2a01:599:b1e:b7d1:2a5f:432b:a47d:1595]:35761, [2a01:59f:ca0f:7c29:6374:e61a:d65e:a50d]:35761} remote_candidates={}
03-17 15:12:17.860 28855 29037 D iroh_live: DEBUG connect{remote=a4f6781979}: iroh::endpoint: Connection established. me=7e6af9ef19 remote=a4f6781979 alpn=moq-lite-03
03-17 15:12:17.862 28855 29043 I iroh_live:  INFO LiveActor: iroh_moq: connected remote=a4f6781979
03-17 15:12:17.862 28855 29043 I iroh_live:  INFO LiveActor: iroh_moq: handle new incoming session
03-17 15:12:17.863 28855 29032 I iroh_live:  INFO iroh_live::live: new peer connected id=a4f678197935eea91ed31bca57fabc41c7162053f13fc2b0987e4dd9e2fb5e9c
03-17 15:12:17.943 28855 29037 D iroh_live: DEBUG endpoint{id=7e6af9ef19}:RemoteStateActor{remote=a4f6781979}:do_holepunching: iroh::_events::qnt::init: remote=a4f6781979 local_candidates={80.187.64.196:26657, 192.0.0.4:46554, [2a01:599:b1e:b7d1:2a5f:432b:a47d:1595]:35761, [2a01:59f:ca0f:7c29:6374:e61a:d65e:a50d]:35761} remote_candidates={78.94.215.137:32922, 192.168.178.139:32922}
03-17 15:12:18.000 28855 29043 D iroh_live: DEBUG connect{remote=a4f6781979}: moq_lite::lite::subscriber: announce broadcast=pi-zero
03-17 15:12:18.001 28855 29032 D iroh_live: DEBUG iroh_moq: peer announced broadcast: pi-zero
03-17 15:12:18.002 28855 29043 I iroh_live:  INFO connect{remote=a4f6781979}: moq_lite::lite::subscriber: subscribe started id=0 broadcast=pi-zero track=catalog.json
03-17 15:12:21.024 28855 29043 D iroh_live: DEBUG endpoint{id=7e6af9ef19}:RemoteStateActor{remote=a4f6781979}:handle_path_event{conn_id=ConnId(224349969072912) event=Ok(Abandoned { id: PathId(1), reason: ValidationFailed })}: iroh::socket::remote_map::remote_state: path not in path_id_map id=1
03-17 15:12:21.026 28855 29043 D iroh_live: DEBUG endpoint{id=7e6af9ef19}:RemoteStateActor{remote=a4f6781979}:handle_path_event{conn_id=ConnId(224349969072912) event=Ok(Abandoned { id: PathId(2), reason: ValidationFailed })}: iroh::socket::remote_map::remote_state: path not in path_id_map id=2
03-17 15:12:22.946 28855 29043 D iroh_live: DEBUG endpoint{id=7e6af9ef19}:RemoteStateActor{remote=a4f6781979}:do_holepunching: iroh::_events::qnt::init: remote=a4f6781979 local_candidates={80.187.64.196:26657, 192.0.0.4:46554, [2a01:599:b1e:b7d1:2a5f:432b:a47d:1595]:35761, [2a01:59f:ca0f:7c29:6374:e61a:d65e:a50d]:35761} remote_candidates={78.94.215.137:32922, 192.168.178.139:32922}
03-17 15:12:29.445 28855 29036 D iroh_live: DEBUG endpoint{id=7e6af9ef19}:RemoteStateActor{remote=a4f6781979}:handle_path_event{conn_id=ConnId(224349969072912) event=Ok(Abandoned { id: PathId(3), reason: ValidationFailed })}: iroh::socket::remote_map::remote_state: path not in path_id_map id=3
03-17 15:12:29.446 28855 29036 D iroh_live: DEBUG endpoint{id=7e6af9ef19}:RemoteStateActor{remote=a4f6781979}:handle_path_event{conn_id=ConnId(224349969072912) event=Ok(Abandoned { id: PathId(4), reason: ValidationFailed })}: iroh::socket::remote_map::remote_state: path not in path_id_map id=4
03-17 15:12:34.177 28855 29036 D iroh_live: DEBUG endpoint{id=7e6af9ef19}:RemoteStateActor{remote=a4f6781979}: iroh::_events::conn::closed: conn_id=224349969072912 remote_id=a4f6781979 reason=ApplicationClosed(ApplicationClose { error_code: 0, reason: b"cancelled" })
03-17 15:12:34.179 28855 29036 W iroh_live:  WARN connect{remote=a4f6781979}: moq_lite::error: transport error err=connection error
03-17 15:12:34.181 28855 29036 I iroh_live:  INFO connect{remote=a4f6781979}: moq_lite::lite::session: session terminated
03-17 15:12:34.182 28855 29037 W iroh_live:  WARN connect{remote=a4f6781979}: moq_lite::error: transport error err=session error
03-17 15:12:34.182 28855 29037 D iroh_live: DEBUG connect{remote=a4f6781979}: moq_lite::lite::publisher: announcing cancelled prefix=
03-17 15:12:34.182 28855 29039 W iroh_live:  WARN connect{remote=a4f6781979}: moq_lite::error: transport error err=session error
03-17 15:12:34.183 28855 29039 W iroh_live:  WARN connect{remote=a4f6781979}: moq_lite::lite::subscriber: subscribe error id=0 broadcast=pi-zero track=catalog.json err=transport error
03-17 15:12:34.183 28855 29043 D iroh_live: DEBUG iroh_moq: closing session: Err(connection error
03-17 15:12:34.183 28855 29043 D iroh_live: Caused by:
03-17 15:12:34.183 28855 29043 D iroh_live:     closed by peer: cancelled (code 0)) remote=a4f6781979
03-17 15:12:34.184 28855 29043 I iroh_live:  INFO LiveActor: iroh_moq: session closed: Err(connection error
03-17 15:12:34.184 28855 29043 I iroh_live: Caused by:
03-17 15:12:34.184 28855 29043 I iroh_live:     closed by peer: cancelled (code 0)) remote=a4f6781979
03-17 15:12:34.185 28855 29032 E iroh_live: ERROR iroh_live_android: connect failed: Broadcast closed before receiving catalog: moq lite error: transport error: transport error
03-17 15:12:34.187 28855 29042 E iroh_live: ERROR gossip{me=7e6af9ef19}: iroh::socket: Endpoint dropped without calling `Endpoint::close`. Aborting ungracefully.
03-17 15:12:34.189 28855 29042 D iroh_live: DEBUG endpoint{id=7e6af9ef19}:relay-actor:active-relay{url=https://euc1-1.relay.n0.iroh-canary.iroh.link./}:connected: iroh::socket::transports::relay::actor: Shutdown.
03-17 15:12:34.190 28855 29043 D iroh_live: DEBUG endpoint{id=7e6af9ef19}:relay-actor: iroh::socket::transports::relay::actor: shutting down
03-17 15:12:54.925 29361 29484 D iroh_live: DEBUG endpoint{id=fa36cd2c5f}: iroh_relay::dns: Failed to read the system's DNS config, using fallback DNS servers. error=proto error: io error: No such file or directory (os error 2)
03-17 15:12:54.927 29361 29484 D iroh_live: DEBUG endpoint{id=fa36cd2c5f}: iroh::socket::transports::ip: binding addr=0.0.0.0:0
03-17 15:12:54.927 29361 29484 D iroh_live: DEBUG endpoint{id=fa36cd2c5f}: iroh::socket::transports::ip: successfully bound addr=0.0.0.0:0 local_addr=0.0.0.0:37092
03-17 15:12:54.927 29361 29484 D iroh_live: DEBUG endpoint{id=fa36cd2c5f}: iroh::socket::transports::ip: binding addr=[::]:0
03-17 15:12:54.928 29361 29484 D iroh_live: DEBUG endpoint{id=fa36cd2c5f}: iroh::socket::transports::ip: successfully bound addr=[::]:0 local_addr=[::]:43296
03-17 15:12:54.984 29361 29484 D iroh_live: DEBUG endpoint{id=fa36cd2c5f}: iroh::socket: scheduling periodic_stun to run immediately and in 21s
03-17 15:12:54.984 29361 29484 D iroh_live: DEBUG endpoint{id=fa36cd2c5f}: iroh::_events::direct_addrs: addrs={DirectAddr { addr: 192.0.0.4:37092, typ: Local }, DirectAddr { addr: [2a01:599:b1e:b7d1:2a5f:432b:a47d:1595]:43296, typ: Local }, DirectAddr { addr: [2a01:59f:ca0f:7c29:6374:e61a:d65e:a50d]:43296, typ: Local }}
03-17 15:12:54.984 29361 29484 D iroh_live: DEBUG endpoint{id=fa36cd2c5f}: iroh::endpoint: iroh endpoint bound id=fa36cd2c5f223150a12c681bac1b2868f9d4644a456c43ca84f5b11fe6422772 iroh_version=0.97.0
03-17 15:12:54.984 29361 29484 D iroh_live: DEBUG endpoint{id=fa36cd2c5f}: iroh::address_lookup::pkarr: creating pkarr publisher that publishes to https://dns.iroh.link/pkarr
03-17 15:12:54.985 29361 29484 I iroh_live:  INFO iroh_live::live: endpoint bound endpoint_id=fa36cd2c5f223150a12c681bac1b2868f9d4644a456c43ca84f5b11fe6422772
03-17 15:12:54.985 29361 29488 D iroh_live: DEBUG endpoint{id=fa36cd2c5f}:pkarr_publish{me=fa36cd2c5f}: iroh::address_lookup::pkarr: Publishing endpoint info to pkarr data=EndpointData { addrs: {}, user_data: None } pkarr_relay=https://dns.iroh.link/pkarr
03-17 15:12:54.985 29361 29484 I iroh_live:  INFO iroh_live_android: connecting to broadcast broadcast=pi-zero
03-17 15:12:54.985 29361 29489 D iroh_live: DEBUG gossip{me=fa36cd2c5f}: iroh_gossip::net: handle in_event event=UpdatePeerData(PeerData(50b))
03-17 15:12:54.985 29361 29489 D iroh_live: DEBUG gossip{me=fa36cd2c5f}: iroh_gossip::net: handle in_event event=UpdatePeerData(PeerData(50b))
03-17 15:12:54.985 29361 29495 D iroh_live: DEBUG connect{remote=39a2b6c463}:connect{me=fa36cd2c5f alpn=moq-lite-03 remote=39a2b6c463}: iroh::_events::conn::connecting: remote_id=39a2b6c463 alpn=moq-lite-03
03-17 15:12:54.985 29361 29495 D iroh_live: DEBUG connect{remote=39a2b6c463}:connect{me=fa36cd2c5f alpn=moq-lite-03 remote=39a2b6c463}: iroh::endpoint: connecting relay_url=None ip_addresses=[192.168.178.139:56705]
03-17 15:12:54.985 29361 29487 D iroh_live: DEBUG endpoint{id=fa36cd2c5f}:actor: iroh::socket: starting direct addr update (Periodic)
03-17 15:12:54.986 29361 29487 D iroh_live: DEBUG endpoint{id=fa36cd2c5f}:actor: iroh::socket: requesting net_report report
03-17 15:12:54.986 29361 29489 D iroh_live: DEBUG endpoint{id=fa36cd2c5f}:actor: iroh::net_report: net_report starting do_full=true
03-17 15:12:55.092 29361 29493 D iroh_live: DEBUG endpoint{id=fa36cd2c5f}:RemoteStateActor{remote=39a2b6c463}:handle_message{msg=ResolveRemote(..)}:DnsAddressLookup{lookup_id=39a2b6c463 origin_domain=dns.iroh.link.}: iroh::address_lookup::dns: DNS lookup success info=EndpointInfo { endpoint_id: PublicKey(39a2b6c463eb44bb72c4c89b9b9eed859dc8e3dd698ad43c6bef3e1fdf65c1e7), data: EndpointData { addrs: {Relay(https://euc1-1.relay.n0.iroh-canary.iroh.link./)}, user_data: None } }
03-17 15:12:55.165 29361 29493 D iroh_live: DEBUG endpoint{id=fa36cd2c5f}:actor:QADv4: iroh::net_report: probe report r=QadProbeReport { relay: RelayUrl("https://euc1-1.relay.n0.iroh-canary.iroh.link./"), latency: 56.172811ms, addr: 80.187.64.196:1117 }
03-17 15:12:55.175 29361 29491 D iroh_live: DEBUG endpoint{id=fa36cd2c5f}:actor:QADv6: iroh::net_report: probe report r=QadProbeReport { relay: RelayUrl("https://euc1-1.relay.n0.iroh-canary.iroh.link./"), latency: 55.032675ms, addr: [2a01:599:b1e:b7d1:2a5f:432b:a47d:1595]:43296 }
03-17 15:12:55.268 29361 29487 D iroh_live: DEBUG endpoint{id=fa36cd2c5f}:actor:QADv4: iroh::net_report: probe report r=QadProbeReport { relay: RelayUrl("https://use1-1.relay.n0.iroh-canary.iroh.link./"), latency: 129.532796ms, addr: 80.187.64.196:1113 }
03-17 15:12:55.268 29361 29487 D iroh_live: DEBUG endpoint{id=fa36cd2c5f}:actor: iroh::net_report: enough probes: 3
03-17 15:12:55.268 29361 29487 W iroh_live:  WARN endpoint{id=fa36cd2c5f}:actor: iroh::net_report::report: IPv4 address detected by QAD varies by destination
03-17 15:12:55.268 29361 29487 D iroh_live: DEBUG endpoint{id=fa36cd2c5f}:actor: iroh::net_report: net_report generated report=Report { udp_v4: true, udp_v6: true, mapping_varies_by_dest_ipv4: Some(true), mapping_varies_by_dest_ipv6: None, preferred_relay: Some(RelayUrl("https://euc1-1.relay.n0.iroh-canary.iroh.link./")), relay_latency: RelayLatencies { ipv4: {RelayUrl("https://euc1-1.relay.n0.iroh-canary.iroh.link./"): 56.172811ms, RelayUrl("https://use1-1.relay.n0.iroh-canary.iroh.link./"): 129.532796ms}, ipv6: {RelayUrl("https://euc1-1.relay.n0.iroh-canary.iroh.link./"): 55.032675ms}, https: {} }, global_v4: Some(80.187.64.196:1117), global_v6: Some([2a01:599:b1e:b7d1:2a5f:432b:a47d:1595]:43296), captive_portal: None } duration=282.638794ms
03-17 15:12:55.269 29361 29487 D iroh_live: DEBUG endpoint{id=fa36cd2c5f}:actor: iroh::socket: direct addr update done (Periodic)
03-17 15:12:55.269 29361 29487 D iroh_live: DEBUG endpoint{id=fa36cd2c5f}:actor: iroh::_events::direct_addrs: addrs={DirectAddr { addr: 80.187.64.196:1117, typ: Qad }, DirectAddr { addr: 192.0.0.4:37092, typ: Local }, DirectAddr { addr: [2a01:599:b1e:b7d1:2a5f:432b:a47d:1595]:43296, typ: Qad }, DirectAddr { addr: [2a01:59f:ca0f:7c29:6374:e61a:d65e:a50d]:43296, typ: Local }}
03-17 15:12:55.269 29361 29493 D iroh_live: DEBUG gossip{me=fa36cd2c5f}: iroh_gossip::net: handle in_event event=UpdatePeerData(PeerData(57b))
03-17 15:12:55.269 29361 29487 D iroh_live: DEBUG endpoint{id=fa36cd2c5f}:actor: iroh::socket: scheduling periodic_stun to run in 21s
03-17 15:12:55.269 29361 29493 I iroh_live:  INFO endpoint{id=fa36cd2c5f}:relay-actor: iroh::socket::transports::relay::actor: home is now relay https://euc1-1.relay.n0.iroh-canary.iroh.link./, was None
03-17 15:12:55.269 29361 29493 D iroh_live: DEBUG endpoint{id=fa36cd2c5f}:relay-actor: iroh::socket::transports::relay::actor: Adding relay connection url=RelayUrl("https://euc1-1.relay.n0.iroh-canary.iroh.link./")
03-17 15:12:55.270 29361 29493 D iroh_live: DEBUG endpoint{id=fa36cd2c5f}:relay-actor: iroh::socket::transports::relay::actor: 0 active relay conns
03-17 15:12:55.270 29361 29487 D iroh_live: DEBUG endpoint{id=fa36cd2c5f}:pkarr_publish{me=fa36cd2c5f}: iroh::address_lookup::pkarr: Publish endpoint info to pkarr (info changed)
03-17 15:12:55.270 29361 29493 D iroh_live: DEBUG endpoint{id=fa36cd2c5f}:relay-actor: iroh::socket::transports::relay::actor: 1 active relay conns: relay-https://euc1-1.relay.n0.iroh-canary.iroh.link./
03-17 15:12:55.270 29361 29493 D iroh_live: DEBUG endpoint{id=fa36cd2c5f}:relay-actor:active-relay{url=https://euc1-1.relay.n0.iroh-canary.iroh.link./}:dialing: iroh_relay::client: Dialing relay by websocket dial_url=wss://euc1-1.relay.n0.iroh-canary.iroh.link./relay
03-17 15:12:55.270 29361 29487 D iroh_live: DEBUG endpoint{id=fa36cd2c5f}:pkarr_publish{me=fa36cd2c5f}: iroh::address_lookup::pkarr: Publishing endpoint info to pkarr data=EndpointData { addrs: {Relay(https://euc1-1.relay.n0.iroh-canary.iroh.link./)}, user_data: None } pkarr_relay=https://dns.iroh.link/pkarr
03-17 15:12:55.270 29361 29489 D iroh_live: DEBUG gossip{me=fa36cd2c5f}: iroh_gossip::net: handle in_event event=UpdatePeerData(PeerData(105b))
03-17 15:12:55.273 29361 29493 D iroh_live: DEBUG endpoint{id=fa36cd2c5f}:relay-actor:active-relay{url=https://euc1-1.relay.n0.iroh-canary.iroh.link./}:dialing: iroh::_events::relay::home_changed: url=https://euc1-1.relay.n0.iroh-canary.iroh.link./ home_relay=true
03-17 15:12:55.309 29361 29495 D iroh_live: DEBUG endpoint{id=fa36cd2c5f}:relay-actor:active-relay{url=https://euc1-1.relay.n0.iroh-canary.iroh.link./}:dialing: iroh_relay::client::tls: TCP stream connected server_addr=Ok([2a01:4f8:1c1a:d408::1]:443) local_addr=[2a01:599:b1e:b7d1:2a5f:432b:a47d:1595]:40386
03-17 15:12:55.310 29361 29495 D iroh_live: DEBUG endpoint{id=fa36cd2c5f}:relay-actor:active-relay{url=https://euc1-1.relay.n0.iroh-canary.iroh.link./}:dialing: iroh_relay::client::tls: Starting TLS handshake
03-17 15:12:55.338 29361 29494 D iroh_live: DEBUG endpoint{id=fa36cd2c5f}:relay-actor:active-relay{url=https://euc1-1.relay.n0.iroh-canary.iroh.link./}:dialing: iroh_relay::client::tls: tls_connector connect success
03-17 15:12:55.338 29361 29494 D iroh_live: DEBUG endpoint{id=fa36cd2c5f}:relay-actor:active-relay{url=https://euc1-1.relay.n0.iroh-canary.iroh.link./}:dialing: iroh_relay::client: Using TLS key export for relay client authentication
03-17 15:12:55.359 29361 29492 D iroh_live: DEBUG endpoint{id=fa36cd2c5f}:relay-actor:active-relay{url=https://euc1-1.relay.n0.iroh-canary.iroh.link./}:dialing: iroh::_events::net::relay::connected: url=https://euc1-1.relay.n0.iroh-canary.iroh.link./
03-17 15:12:55.360 29361 29492 D iroh_live: DEBUG endpoint{id=fa36cd2c5f}:relay-actor:active-relay{url=https://euc1-1.relay.n0.iroh-canary.iroh.link./}:connected: iroh::socket::transports::relay::actor: Actor loop: connected to relay
03-17 15:12:55.360 29361 29492 D iroh_live: DEBUG endpoint{id=fa36cd2c5f}:relay-actor:active-relay{url=https://euc1-1.relay.n0.iroh-canary.iroh.link./}:connected: iroh::_events::relay::connected: url=https://euc1-1.relay.n0.iroh-canary.iroh.link./ home_relay=true
03-17 15:12:55.361 29361 29492 D iroh_live: DEBUG endpoint{id=fa36cd2c5f}:relay-actor:active-relay{url=https://euc1-1.relay.n0.iroh-canary.iroh.link./}:connected: iroh_relay::ping_tracker: Sending ping to relay server. data=[40, 67, 215, 94, 93, 12, 60, 160]
03-17 15:12:55.384 29361 29494 D iroh_live: DEBUG endpoint{id=fa36cd2c5f}:relay-actor:active-relay{url=https://euc1-1.relay.n0.iroh-canary.iroh.link./}:connected: iroh_relay::ping_tracker: Pong received from relay server data=[40, 67, 215, 94, 93, 12, 60, 160]
03-17 15:12:55.413 29361 29492 W iroh_live:  WARN endpoint{id=fa36cd2c5f}:actor:QADv4{relay_url=https://euc1-1.relay.n0.iroh-canary.iroh.link./}:poll_send{dst=Ip(162.55.211.167:7842) src=Some(192.0.0.4) len=60}: noq_udp: sendmsg error: Os { code: 5, kind: Uncategorized, message: "I/O error" }, Transmit: { destination: 162.55.211.167:7842, src_ip: Some(192.0.0.4), ecn: Some(Ect0), len: 60, segment_size: Some(30) }
03-17 15:12:56.084 29361 29492 D iroh_live: DEBUG connect{remote=39a2b6c463}: iroh::_events::conn::connected: conn_id=210602085276176 side=Client remote_id=39a2b6c463 alpn=moq-lite-03
03-17 15:12:56.085 29361 29492 D iroh_live: DEBUG endpoint{id=fa36cd2c5f}:RemoteStateActor{remote=39a2b6c463}:handle_message{msg=AddConnection(..)}: iroh::_events::path::set_status: remote=39a2b6c463 path_remote=Relay(https://euc1-1.relay.n0.iroh-canary.iroh.link./, 39a2b6c463) path_status=Backup conn_id=210602085276176 path_id=0 res=Ok(())
03-17 15:12:56.086 29361 29492 D iroh_live: DEBUG endpoint{id=fa36cd2c5f}:RemoteStateActor{remote=39a2b6c463}:handle_message{msg=AddConnection(..)}:select_path: iroh::_events::path::selected: remote=39a2b6c463 path_remote=Relay(https://euc1-1.relay.n0.iroh-canary.iroh.link./, 39a2b6c463) rtt=333ms prev_remote=Ok(None)
03-17 15:12:56.088 29361 29492 D iroh_live: DEBUG endpoint{id=fa36cd2c5f}:RemoteStateActor{remote=39a2b6c463}:handle_message{msg=AddConnection(..)}:select_path:open_path{open_addr=Relay(https://euc1-1.relay.n0.iroh-canary.iroh.link./, 39a2b6c463)}: iroh::_events::path::set_status: remote=39a2b6c463 open_addr=Relay(https://euc1-1.relay.n0.iroh-canary.iroh.link./, 39a2b6c463) path_status=Backup conn_id=210602085276176 path_id=0 res=Ok(())
03-17 15:12:56.089 29361 29492 D iroh_live: DEBUG endpoint{id=fa36cd2c5f}:RemoteStateActor{remote=39a2b6c463}:handle_message{msg=AddConnection(..)}:do_holepunching: iroh::_events::qnt::init: remote=39a2b6c463 local_candidates={80.187.64.196:1117, 192.0.0.4:37092, [2a01:599:b1e:b7d1:2a5f:432b:a47d:1595]:43296, [2a01:59f:ca0f:7c29:6374:e61a:d65e:a50d]:43296} remote_candidates={}
03-17 15:12:56.089 29361 29492 D iroh_live: DEBUG connect{remote=39a2b6c463}: iroh::endpoint: Connection established. me=fa36cd2c5f remote=39a2b6c463 alpn=moq-lite-03
03-17 15:12:56.091 29361 29494 I iroh_live:  INFO LiveActor: iroh_moq: connected remote=39a2b6c463
03-17 15:12:56.091 29361 29494 I iroh_live:  INFO LiveActor: iroh_moq: handle new incoming session
03-17 15:12:56.092 29361 29484 I iroh_live:  INFO iroh_live::live: new peer connected id=39a2b6c463eb44bb72c4c89b9b9eed859dc8e3dd698ad43c6bef3e1fdf65c1e7
03-17 15:12:56.138 29361 29493 D iroh_live: DEBUG endpoint{id=fa36cd2c5f}:RemoteStateActor{remote=39a2b6c463}:do_holepunching: iroh::_events::qnt::init: remote=39a2b6c463 local_candidates={80.187.64.196:1117, 192.0.0.4:37092, [2a01:599:b1e:b7d1:2a5f:432b:a47d:1595]:43296, [2a01:59f:ca0f:7c29:6374:e61a:d65e:a50d]:43296} remote_candidates={78.94.215.137:56705, 192.168.178.139:56705}
03-17 15:12:56.189 29361 29495 D iroh_live: DEBUG connect{remote=39a2b6c463}: moq_lite::lite::subscriber: announce broadcast=pi-zero
03-17 15:12:56.190 29361 29484 D iroh_live: DEBUG iroh_moq: peer announced broadcast: pi-zero
03-17 15:12:56.191 29361 29487 I iroh_live:  INFO connect{remote=39a2b6c463}: moq_lite::lite::subscriber: subscribe started id=0 broadcast=pi-zero track=catalog.json
03-17 15:12:56.250 29361 29492 I iroh_live:  INFO connect{remote=39a2b6c463}: moq_lite::lite::subscriber: subscribe started id=1 broadcast=pi-zero track=video/h264-openh264-360p
03-17 15:12:56.406 29361 29484 I iroh_live:  INFO rusty_codecs::codec::android::hw_decoder: H.264 Android HW decoder ready (ImageReader surface output) width=640 height=360
03-17 15:12:56.406 29361 29484 I iroh_live:  INFO rusty_codecs::codec::dynamic: using Android MediaCodec HW decoder (ImageReader)
03-17 15:12:56.407 29361 29484 W iroh_live:  WARN iroh_live_android: no audio track: no audio renditions: Expected some, found none
03-17 15:12:56.408 29361 29527 I iroh_live:  INFO firewheel_cpal: Attempting to start CPAL audio stream...
03-17 15:12:56.409 29361 29526 I iroh_live:  INFO videodec{name=video/h264-openh264-360p decoder=h264-android-hw}: moq_media::pipeline: decode start
03-17 15:12:56.409 29361 29526 I iroh_live:  INFO videodec{name=video/h264-openh264-360p decoder=h264-android-hw}: moq_media::pipeline: playout buffer sized from decoder burst burst_size=4 framerate=30.0 buffer_ms=133
03-17 15:12:56.409 29361 29526 D iroh_live: DEBUG videodec{name=video/h264-openh264-360p decoder=h264-android-hw}: moq_media::playout: playout clock: buffer updated old_buffer_ms=0 new_buffer_ms=133
03-17 15:12:56.410 29361 29527 I iroh_live:  INFO firewheel_cpal: Starting input audio stream with device "aaudio:-1" with configuration StreamConfig { channels: 2, sample_rate: 44100, buffer_size: Default }
03-17 15:12:56.455 29361 29484 I IrohLiveDemo: EGL initialized: 1.5 Android META-EGL
03-17 15:12:56.461 29361 29484 I IrohLiveDemo: GL initialized: renderer=Mali-G715
03-17 15:12:56.476 29361 29527 I iroh_live:  INFO firewheel_cpal: Starting output audio stream with device "aaudio:-1" with configuration StreamConfig { channels: 2, sample_rate: 44100, buffer_size: Default }
03-17 15:12:56.615 29361 29527 D iroh_live: DEBUG firewheel_graph::graph: compiled new audio graph: ScheduleHeapData { schedule: CompiledSchedule {
03-17 15:12:56.615 29361 29527 D iroh_live:     schedule: {
03-17 15:12:56.615 29361 29527 D iroh_live:         { graph_in-0-1 | out: [0] }
03-17 15:12:56.615 29361 29527 D iroh_live:         { graph_out-1-1 | in: [0, 1] | in_clear: [y, y] }
03-17 15:12:56.615 29361 29527 D iroh_live:     }
03-17 15:12:56.615 29361 29527 D iroh_live:     num_buffers: 2
03-17 15:12:56.615 29361 29527 D iroh_live:     max_block_frames: 1024
03-17 15:12:56.615 29361 29527 D iroh_live: }
03-17 15:12:56.615 29361 29527 D iroh_live: , nodes_to_remove: [], new_node_processors: [NodeID(Index { slot: 0, generation: Generation(1) }), NodeID(Index { slot: 1, generation: Generation(1) })] }
03-17 15:12:56.616 29361 29527 I iroh_live:  INFO moq_media::audio_backend: audio graph in: Some(AudioNodeInfoInner { debug_name: "graph_in", channel_config: ChannelConfig { num_inputs: ChannelCount(0), num_outputs: ChannelCount(1) }, call_update_method: false, custom_state: None, latency_frames: 0 })
03-17 15:12:56.616 29361 29527 I iroh_live:  INFO moq_media::audio_backend: audio graph out: Some(AudioNodeInfoInner { debug_name: "graph_out", channel_config: ChannelConfig { num_inputs: ChannelCount(2), num_outputs: ChannelCount(0) }, call_update_method: false, custom_state: None, latency_frames: 0 })
03-17 15:12:56.621 29361 29527 I iroh_live:  INFO moq_media::audio_backend::aec::processor: init audio processor (config=AecProcessorConfig { capture_config: StreamConfig { sample_rate_hz: 44100, num_channels: 2 }, render_config: StreamConfig { sample_rate_hz: 44100, num_channels: 2 } })
03-17 15:12:56.622 29361 29527 D iroh_live: DEBUG firewheel_graph::graph: compiled new audio graph: ScheduleHeapData { schedule: CompiledSchedule {
03-17 15:12:56.622 29361 29527 D iroh_live:     schedule: {
03-17 15:12:56.622 29361 29527 D iroh_live:         { graph_in-0-1 | in: [0, 1] | out: [2, 3] | in_clear: [y, y] }
03-17 15:12:56.622 29361 29527 D iroh_live:         { aec_render-2-1 | in: [1, 0] | out: [4, 5] | in_clear: [y, y] }
03-17 15:12:56.622 29361 29527 D iroh_live:         { aec_capture-3-1 | in: [2, 3] | out: [0, 1] | in_clear: [n, n] }
03-17 15:12:56.622 29361 29527 D iroh_live:         { graph_out-1-1 | in: [4, 5] | in_clear: [n, n] }
03-17 15:12:56.622 29361 29527 D iroh_live:     }
03-17 15:12:56.622 29361 29527 D iroh_live:     num_buffers: 6
03-17 15:12:56.622 29361 29527 D iroh_live:     max_block_frames: 1024
03-17 15:12:56.622 29361 29527 D iroh_live: }
03-17 15:12:56.622 29361 29527 D iroh_live: , nodes_to_remove: [], new_node_processors: [NodeID(Index { slot: 2, generation: Generation(1) }), NodeID(Index { slot: 3, generation: Generation(1) })] }
03-17 15:12:56.622 29361 29527 I iroh_live:  INFO moq_media::audio_backend: update processor delay to 150ms
03-17 15:12:56.622 29361 29527 D iroh_live: DEBUG moq_media::audio_backend::aec::processor: updating stream delay to 150ms
03-17 15:12:58.907 29361 29526 D iroh_live: DEBUG videodec{name=video/h264-openh264-360p decoder=h264-android-hw}: moq_media::pipeline: decode_loop: slow push_packet t=21.956054ms
03-17 15:12:58.918 29361 29526 D iroh_live: DEBUG videodec{name=video/h264-openh264-360p decoder=h264-android-hw}: moq_media::pipeline: decode_loop: status frames_pushed=0 frames_popped=0 buf_len=0 buffer_ms=133 jitter_ms=0 total_drift_ms=0 reanchor_count=0
03-17 15:12:58.936 29361 29526 D iroh_live: DEBUG videodec{name=video/h264-openh264-360p decoder=h264-android-hw}: moq_media::pipeline: decode_loop: slow push_packet t=16.071941ms
03-17 15:12:58.940 29361 29526 D iroh_live: DEBUG videodec{name=video/h264-openh264-360p decoder=h264-android-hw}: rusty_codecs::codec::android::hw_decoder: hw decoder output format changed width=640 height=368 stride=640 slice_height=368
03-17 15:12:58.952 29361 29526 D iroh_live: DEBUG videodec{name=video/h264-openh264-360p decoder=h264-android-hw}: moq_media::playout: playout clock: anchored (first frame) buffer_ms=133 pts_ms=0
03-17 15:12:59.002 29361 29526 D iroh_live: DEBUG videodec{name=video/h264-openh264-360p decoder=h264-android-hw}: moq_media::pipeline: decode_loop: slow push_packet t=27.45634ms
03-17 15:12:59.052 29361 29526 D iroh_live: DEBUG videodec{name=video/h264-openh264-360p decoder=h264-android-hw}: moq_media::pipeline: decode_loop: slow push_packet t=27.195638ms
03-17 15:12:59.098 29361 29526 D iroh_live: DEBUG videodec{name=video/h264-openh264-360p decoder=h264-android-hw}: moq_media::pipeline: decode_loop: slow push_packet t=23.522746ms
03-17 15:12:59.119 29361 29526 D iroh_live: DEBUG videodec{name=video/h264-openh264-360p decoder=h264-android-hw}: moq_media::pipeline: decode_loop: frame gap (stutter) gap=2.709530763s buf_len=4
03-17 15:12:59.121 29361 29484 I iroh_live:  INFO iroh_live_android: decoded frame dimensions updated width=640 height=368
03-17 15:12:59.142 29361 29526 D iroh_live: DEBUG videodec{name=video/h264-openh264-360p decoder=h264-android-hw}: moq_media::pipeline: decode_loop: slow push_packet t=23.216064ms
03-17 15:12:59.189 29361 29526 D iroh_live: DEBUG videodec{name=video/h264-openh264-360p decoder=h264-android-hw}: moq_media::pipeline: decode_loop: slow push_packet t=24.622884ms
03-17 15:12:59.223 29361 29526 D iroh_live: DEBUG videodec{name=video/h264-openh264-360p decoder=h264-android-hw}: moq_media::pipeline: decode_loop: slow push_packet t=12.716064ms
03-17 15:12:59.236 29361 29495 D iroh_live: DEBUG endpoint{id=fa36cd2c5f}:RemoteStateActor{remote=39a2b6c463}:handle_path_event{conn_id=ConnId(210602085276176) event=Ok(Abandoned { id: PathId(1), reason: ValidationFailed })}: iroh::socket::remote_map::remote_state: path not in path_id_map id=1
03-17 15:12:59.236 29361 29495 D iroh_live: DEBUG endpoint{id=fa36cd2c5f}:RemoteStateActor{remote=39a2b6c463}:handle_path_event{conn_id=ConnId(210602085276176) event=Ok(Abandoned { id: PathId(2), reason: ValidationFailed })}: iroh::socket::remote_map::remote_state: path not in path_id_map id=2
03-17 15:12:59.263 29361 29526 D iroh_live: DEBUG videodec{name=video/h264-openh264-360p decoder=h264-android-hw}: moq_media::pipeline: decode_loop: slow push_packet t=14.652262ms
03-17 15:12:59.316 29361 29526 D iroh_live: DEBUG videodec{name=video/h264-openh264-360p decoder=h264-android-hw}: moq_media::pipeline: decode_loop: slow push_packet t=24.546468ms
03-17 15:12:59.363 29361 29526 D iroh_live: DEBUG videodec{name=video/h264-openh264-360p decoder=h264-android-hw}: moq_media::pipeline: decode_loop: slow push_packet t=22.633708ms
03-17 15:12:59.404 29361 29526 D iroh_live: DEBUG videodec{name=video/h264-openh264-360p decoder=h264-android-hw}: moq_media::pipeline: decode_loop: slow push_packet t=19.355306ms
03-17 15:12:59.448 29361 29526 D iroh_live: DEBUG videodec{name=video/h264-openh264-360p decoder=h264-android-hw}: moq_media::pipeline: decode_loop: slow push_packet t=15.564616ms
03-17 15:12:59.504 29361 29526 D iroh_live: DEBUG videodec{name=video/h264-openh264-360p decoder=h264-android-hw}: moq_media::pipeline: decode_loop: slow push_packet t=26.06954ms
03-17 15:12:59.553 29361 29526 D iroh_live: DEBUG videodec{name=video/h264-openh264-360p decoder=h264-android-hw}: moq_media::pipeline: decode_loop: slow push_packet t=27.095296ms
03-17 15:12:59.565 29361 29526 D iroh_live: DEBUG videodec{name=video/h264-openh264-360p decoder=h264-android-hw}: moq_media::playout: playout clock: re-anchored after buffer underrun late_by_ms=12 buffer_ms=133 total_drift_ms=12 reanchor_count=1 pts_ms=466
03-17 15:12:59.593 29361 29526 D iroh_live: DEBUG videodec{name=video/h264-openh264-360p decoder=h264-android-hw}: moq_media::pipeline: decode_loop: slow push_packet t=16.59375ms
03-17 15:12:59.631 29361 29526 D iroh_live: DEBUG videodec{name=video/h264-openh264-360p decoder=h264-android-hw}: moq_media::pipeline: decode_loop: slow push_packet t=13.66158ms
03-17 15:12:59.683 29361 29526 D iroh_live: DEBUG videodec{name=video/h264-openh264-360p decoder=h264-android-hw}: moq_media::pipeline: decode_loop: slow push_packet t=22.958578ms
03-17 15:12:59.705 29361 29526 D iroh_live: DEBUG videodec{name=video/h264-openh264-360p decoder=h264-android-hw}: moq_media::pipeline: decode_loop: frame gap (stutter) gap=179.059326ms buf_len=3
03-17 15:12:59.741 29361 29526 D iroh_live: DEBUG videodec{name=video/h264-openh264-360p decoder=h264-android-hw}: moq_media::pipeline: decode_loop: slow push_packet t=36.237305ms
03-17 15:12:59.763 29361 29526 D iroh_live: DEBUG videodec{name=video/h264-openh264-360p decoder=h264-android-hw}: moq_media::pipeline: decode_loop: frame gap (stutter) gap=57.826091ms buf_len=3
03-17 15:12:59.788 29361 29526 D iroh_live: DEBUG videodec{name=video/h264-openh264-360p decoder=h264-android-hw}: moq_media::pipeline: decode_loop: slow push_packet t=24.764892ms
03-17 15:12:59.832 29361 29526 D iroh_live: DEBUG videodec{name=video/h264-openh264-360p decoder=h264-android-hw}: moq_media::pipeline: decode_loop: slow push_packet t=23.012981ms
03-17 15:12:59.868 29361 29526 D iroh_live: DEBUG videodec{name=video/h264-openh264-360p decoder=h264-android-hw}: moq_media::pipeline: decode_loop: slow push_packet t=13.91862ms
03-17 15:12:59.915 29361 29526 D iroh_live: DEBUG videodec{name=video/h264-openh264-360p decoder=h264-android-hw}: moq_media::pipeline: decode_loop: slow push_packet t=23.312296ms
03-17 15:12:59.959 29361 29526 D iroh_live: DEBUG videodec{name=video/h264-openh264-360p decoder=h264-android-hw}: moq_media::pipeline: decode_loop: slow push_packet t=23.259074ms
03-17 15:13:00.008 29361 29526 D iroh_live: DEBUG videodec{name=video/h264-openh264-360p decoder=h264-android-hw}: moq_media::pipeline: decode_loop: slow push_packet t=26.422526ms
03-17 15:13:00.052 29361 29526 D iroh_live: DEBUG videodec{name=video/h264-openh264-360p decoder=h264-android-hw}: moq_media::pipeline: decode_loop: slow push_packet t=22.504394ms
03-17 15:13:00.098 29361 29526 D iroh_live: DEBUG videodec{name=video/h264-openh264-360p decoder=h264-android-hw}: moq_media::pipeline: decode_loop: slow push_packet t=22.575806ms
03-17 15:13:00.109 29361 29526 D iroh_live: DEBUG videodec{name=video/h264-openh264-360p decoder=h264-android-hw}: moq_media::playout: playout clock: re-anchored after buffer underrun late_by_ms=10 buffer_ms=133 total_drift_ms=23 reanchor_count=2 pts_ms=866
03-17 15:13:00.144 29361 29526 D iroh_live: DEBUG videodec{name=video/h264-openh264-360p decoder=h264-android-hw}: moq_media::pipeline: decode_loop: slow push_packet t=24.569581ms
03-17 15:13:00.187 29361 29526 D iroh_live: DEBUG videodec{name=video/h264-openh264-360p decoder=h264-android-hw}: moq_media::pipeline: decode_loop: slow push_packet t=21.279622ms
03-17 15:13:00.232 29361 29526 D iroh_live: DEBUG videodec{name=video/h264-openh264-360p decoder=h264-android-hw}: moq_media::pipeline: decode_loop: slow push_packet t=22.171875ms
03-17 15:13:00.254 29361 29526 D iroh_live: DEBUG videodec{name=video/h264-openh264-360p decoder=h264-android-hw}: moq_media::pipeline: decode_loop: frame gap (stutter) gap=178.320109ms buf_len=3
03-17 15:13:00.276 29361 29526 D iroh_live: DEBUG videodec{name=video/h264-openh264-360p decoder=h264-android-hw}: moq_media::pipeline: decode_loop: slow push_packet t=22.197672ms
03-17 15:13:00.314 29361 29526 D iroh_live: DEBUG videodec{name=video/h264-openh264-360p decoder=h264-android-hw}: moq_media::pipeline: decode_loop: slow push_packet t=15.764974ms
03-17 15:13:00.367 29361 29526 D iroh_live: DEBUG videodec{name=video/h264-openh264-360p decoder=h264-android-hw}: moq_media::pipeline: decode_loop: slow push_packet t=23.218424ms
03-17 15:13:00.411 29361 29526 D iroh_live: DEBUG videodec{name=video/h264-openh264-360p decoder=h264-android-hw}: moq_media::pipeline: decode_loop: slow push_packet t=22.485637ms
03-17 15:13:00.448 29361 29526 D iroh_live: DEBUG videodec{name=video/h264-openh264-360p decoder=h264-android-hw}: moq_media::pipeline: decode_loop: slow push_packet t=16.153279ms
03-17 15:13:00.498 29361 29526 D iroh_live: DEBUG videodec{name=video/h264-openh264-360p decoder=h264-android-hw}: moq_media::pipeline: decode_loop: slow push_packet t=22.707601ms
03-17 15:13:00.544 29361 29526 D iroh_live: DEBUG videodec{name=video/h264-openh264-360p decoder=h264-android-hw}: moq_media::pipeline: decode_loop: slow push_packet t=23.349324ms
03-17 15:13:00.592 29361 29526 D iroh_live: DEBUG videodec{name=video/h264-openh264-360p decoder=h264-android-hw}: moq_media::pipeline: decode_loop: slow push_packet t=25.119792ms
03-17 15:13:00.630 29361 29526 D iroh_live: DEBUG videodec{name=video/h264-openh264-360p decoder=h264-android-hw}: moq_media::pipeline: decode_loop: slow push_packet t=15.226318ms
03-17 15:13:00.647 29361 29526 D iroh_live: DEBUG videodec{name=video/h264-openh264-360p decoder=h264-android-hw}: moq_media::playout: playout clock: re-anchored after buffer underrun late_by_ms=4 buffer_ms=133 total_drift_ms=27 reanchor_count=3 pts_ms=1266
03-17 15:13:00.673 29361 29526 D iroh_live: DEBUG videodec{name=video/h264-openh264-360p decoder=h264-android-hw}: moq_media::pipeline: decode_loop: slow push_packet t=14.190715ms
03-17 15:13:00.724 29361 29526 D iroh_live: DEBUG videodec{name=video/h264-openh264-360p decoder=h264-android-hw}: moq_media::pipeline: decode_loop: slow push_packet t=26.720093ms
03-17 15:13:00.776 29361 29526 D iroh_live: DEBUG videodec{name=video/h264-openh264-360p decoder=h264-android-hw}: moq_media::pipeline: decode_loop: slow push_packet t=29.103353ms
03-17 15:13:00.799 29361 29526 D iroh_live: DEBUG videodec{name=video/h264-openh264-360p decoder=h264-android-hw}: moq_media::pipeline: decode_loop: frame gap (stutter) gap=184.217611ms buf_len=3
03-17 15:13:00.824 29361 29526 D iroh_live: DEBUG videodec{name=video/h264-openh264-360p decoder=h264-android-hw}: moq_media::pipeline: decode_loop: slow push_packet t=24.442545ms
03-17 15:13:00.862 29361 29526 D iroh_live: DEBUG videodec{name=video/h264-openh264-360p decoder=h264-android-hw}: moq_media::pipeline: decode_loop: slow push_packet t=16.447469ms
03-17 15:13:00.910 29361 29526 D iroh_live: DEBUG videodec{name=video/h264-openh264-360p decoder=h264-android-hw}: moq_media::pipeline: decode_loop: slow push_packet t=25.437785ms
03-17 15:13:00.955 29361 29526 D iroh_live: DEBUG videodec{name=video/h264-openh264-360p decoder=h264-android-hw}: moq_media::pipeline: decode_loop: slow push_packet t=23.314453ms
03-17 15:13:01.002 29361 29526 D iroh_live: DEBUG videodec{name=video/h264-openh264-360p decoder=h264-android-hw}: moq_media::pipeline: decode_loop: slow push_packet t=25.090129ms
03-17 15:13:01.047 29361 29526 D iroh_live: DEBUG videodec{name=video/h264-openh264-360p decoder=h264-android-hw}: moq_media::pipeline: decode_loop: slow push_packet t=23.941244ms
03-17 15:13:01.096 29361 29526 D iroh_live: DEBUG videodec{name=video/h264-openh264-360p decoder=h264-android-hw}: moq_media::pipeline: decode_loop: slow push_packet t=25.776774ms
03-17 15:13:01.140 29361 29495 D iroh_live: DEBUG endpoint{id=fa36cd2c5f}:RemoteStateActor{remote=39a2b6c463}:do_holepunching: iroh::_events::qnt::init: remote=39a2b6c463 local_candidates={80.187.64.196:1117, 192.0.0.4:37092, [2a01:599:b1e:b7d1:2a5f:432b:a47d:1595]:43296, [2a01:59f:ca0f:7c29:6374:e61a:d65e:a50d]:43296} remote_candidates={78.94.215.137:56705, 192.168.178.139:56705}
03-17 15:13:01.149 29361 29526 D iroh_live: DEBUG videodec{name=video/h264-openh264-360p decoder=h264-android-hw}: moq_media::pipeline: decode_loop: slow push_packet t=32.193766ms
03-17 15:13:01.160 29361 29526 D iroh_live: DEBUG videodec{name=video/h264-openh264-360p decoder=h264-android-hw}: moq_media::playout: playout clock: re-anchored after buffer underrun late_by_ms=13 buffer_ms=133 total_drift_ms=41 reanchor_count=4 pts_ms=1633
03-17 15:13:01.185 29361 29526 D iroh_live: DEBUG videodec{name=video/h264-openh264-360p decoder=h264-android-hw}: moq_media::pipeline: decode_loop: slow push_packet t=12.929159ms
03-17 15:13:01.230 29361 29526 D iroh_live: DEBUG videodec{name=video/h264-openh264-360p decoder=h264-android-hw}: moq_media::pipeline: decode_loop: slow push_packet t=21.327963ms
03-17 15:13:01.273 29361 29526 D iroh_live: DEBUG videodec{name=video/h264-openh264-360p decoder=h264-android-hw}: moq_media::pipeline: decode_loop: slow push_packet t=20.662191ms
03-17 15:13:01.295 29361 29526 D iroh_live: DEBUG videodec{name=video/h264-openh264-360p decoder=h264-android-hw}: moq_media::pipeline: decode_loop: frame gap (stutter) gap=178.115926ms buf_len=3
03-17 15:13:01.323 29361 29526 D iroh_live: DEBUG videodec{name=video/h264-openh264-360p decoder=h264-android-hw}: moq_media::pipeline: decode_loop: slow push_packet t=27.559895ms
03-17 15:13:01.346 29361 29526 D iroh_live: DEBUG videodec{name=video/h264-openh264-360p decoder=h264-android-hw}: moq_media::pipeline: decode_loop: frame gap (stutter) gap=50.014079ms buf_len=3
03-17 15:13:01.361 29361 29526 D iroh_live: DEBUG videodec{name=video/h264-openh264-360p decoder=h264-android-hw}: moq_media::pipeline: decode_loop: slow push_packet t=15.358968ms
03-17 15:13:01.408 29361 29526 D iroh_live: DEBUG videodec{name=video/h264-openh264-360p decoder=h264-android-hw}: moq_media::pipeline: decode_loop: slow push_packet t=21.411906ms
03-17 15:13:01.461 29361 29526 D iroh_live: DEBUG videodec{name=video/h264-openh264-360p decoder=h264-android-hw}: moq_media::pipeline: decode_loop: slow push_packet t=31.437907ms
03-17 15:13:01.483 29361 29526 D iroh_live: DEBUG videodec{name=video/h264-openh264-360p decoder=h264-android-hw}: moq_media::pipeline: decode_loop: frame gap (stutter) gap=53.297608ms buf_len=2
03-17 15:13:01.498 29361 29526 D iroh_live: DEBUG videodec{name=video/h264-openh264-360p decoder=h264-android-hw}: moq_media::pipeline: decode_loop: slow push_packet t=15.09257ms
03-17 15:13:01.546 29361 29526 D iroh_live: DEBUG videodec{name=video/h264-openh264-360p decoder=h264-android-hw}: moq_media::pipeline: decode_loop: slow push_packet t=20.158529ms
03-17 15:13:01.593 29361 29526 D iroh_live: DEBUG videodec{name=video/h264-openh264-360p decoder=h264-android-hw}: moq_media::pipeline: decode_loop: slow push_packet t=24.500163ms
03-17 15:13:01.637 29361 29526 D iroh_live: DEBUG videodec{name=video/h264-openh264-360p decoder=h264-android-hw}: moq_media::pipeline: decode_loop: slow push_packet t=23.180664ms
03-17 15:13:01.680 29361 29526 D iroh_live: DEBUG videodec{name=video/h264-openh264-360p decoder=h264-android-hw}: moq_media::pipeline: decode_loop: slow push_packet t=21.516927ms
03-17 15:13:01.718 29361 29526 D iroh_live: DEBUG videodec{name=video/h264-openh264-360p decoder=h264-android-hw}: moq_media::pipeline: decode_loop: slow push_packet t=15.702637ms
03-17 15:13:01.731 29361 29526 D iroh_live: DEBUG videodec{name=video/h264-openh264-360p decoder=h264-android-hw}: moq_media::playout: playout clock: re-anchored after buffer underrun late_by_ms=4 buffer_ms=133 total_drift_ms=45 reanchor_count=5 pts_ms=2066
03-17 15:13:01.767 29361 29526 D iroh_live: DEBUG videodec{name=video/h264-openh264-360p decoder=h264-android-hw}: moq_media::pipeline: decode_loop: slow push_packet t=24.753866ms
03-17 15:13:01.817 29361 29526 D iroh_live: DEBUG videodec{name=video/h264-openh264-360p decoder=h264-android-hw}: moq_media::pipeline: decode_loop: slow push_packet t=28.535035ms
03-17 15:13:01.867 29361 29526 D iroh_live: DEBUG videodec{name=video/h264-openh264-360p decoder=h264-android-hw}: moq_media::pipeline: decode_loop: slow push_packet t=25.540528ms
03-17 15:13:01.889 29361 29526 D iroh_live: DEBUG videodec{name=video/h264-openh264-360p decoder=h264-android-hw}: moq_media::pipeline: decode_loop: frame gap (stutter) gap=186.800008ms buf_len=3
03-17 15:13:01.904 29361 29526 D iroh_live: DEBUG videodec{name=video/h264-openh264-360p decoder=h264-android-hw}: moq_media::pipeline: decode_loop: slow push_packet t=14.74231ms
03-17 15:13:01.941 29361 29526 D iroh_live: DEBUG videodec{name=video/h264-openh264-360p decoder=h264-android-hw}: moq_media::pipeline: decode_loop: slow push_packet t=13.105876ms
03-17 15:13:01.987 29361 29526 D iroh_live: DEBUG videodec{name=video/h264-openh264-360p decoder=h264-android-hw}: moq_media::pipeline: decode_loop: slow push_packet t=22.661377ms
03-17 15:13:02.032 29361 29526 D iroh_live: DEBUG videodec{name=video/h264-openh264-360p decoder=h264-android-hw}: moq_media::pipeline: decode_loop: slow push_packet t=21.984335ms
03-17 15:13:02.069 29361 29526 D iroh_live: DEBUG videodec{name=video/h264-openh264-360p decoder=h264-android-hw}: moq_media::pipeline: decode_loop: slow push_packet t=14.708943ms
03-17 15:13:02.112 29361 29526 D iroh_live: DEBUG videodec{name=video/h264-openh264-360p decoder=h264-android-hw}: moq_media::pipeline: decode_loop: slow push_packet t=20.008545ms
03-17 15:13:02.151 29361 29526 D iroh_live: DEBUG videodec{name=video/h264-openh264-360p decoder=h264-android-hw}: moq_media::pipeline: decode_loop: slow push_packet t=16.40625ms
03-17 15:13:02.189 29361 29526 D iroh_live: DEBUG videodec{name=video/h264-openh264-360p decoder=h264-android-hw}: moq_media::pipeline: decode_loop: slow push_packet t=14.131348ms
03-17 15:13:02.236 29361 29526 D iroh_live: DEBUG videodec{name=video/h264-openh264-360p decoder=h264-android-hw}: moq_media::pipeline: decode_loop: slow push_packet t=21.025472ms
03-17 15:13:02.282 29361 29526 D iroh_live: DEBUG videodec{name=video/h264-openh264-360p decoder=h264-android-hw}: moq_media::pipeline: decode_loop: slow push_packet t=25.030924ms
03-17 15:13:02.331 29361 29526 D iroh_live: DEBUG videodec{name=video/h264-openh264-360p decoder=h264-android-hw}: moq_media::pipeline: decode_loop: slow push_packet t=26.857829ms
03-17 15:13:02.342 29361 29526 D iroh_live: DEBUG videodec{name=video/h264-openh264-360p decoder=h264-android-hw}: moq_media::playout: playout clock: re-anchored after buffer underrun late_by_ms=11 buffer_ms=133 total_drift_ms=56 reanchor_count=6 pts_ms=2533
03-17 15:13:02.378 29361 29526 D iroh_live: DEBUG videodec{name=video/h264-openh264-360p decoder=h264-android-hw}: moq_media::pipeline: decode_loop: slow push_packet t=23.825155ms
03-17 15:13:02.426 29361 29526 D iroh_live: DEBUG videodec{name=video/h264-openh264-360p decoder=h264-android-hw}: moq_media::pipeline: decode_loop: slow push_packet t=25.994791ms
03-17 15:13:02.468 29361 29526 D iroh_live: DEBUG videodec{name=video/h264-openh264-360p decoder=h264-android-hw}: moq_media::pipeline: decode_loop: slow push_packet t=19.150065ms
03-17 15:13:02.490 29361 29526 D iroh_live: DEBUG videodec{name=video/h264-openh264-360p decoder=h264-android-hw}: moq_media::pipeline: decode_loop: frame gap (stutter) gap=186.224081ms buf_len=3
03-17 15:13:02.515 29361 29526 D iroh_live: DEBUG videodec{name=video/h264-openh264-360p decoder=h264-android-hw}: moq_media::pipeline: decode_loop: slow push_packet t=24.14624ms
03-17 15:13:02.551 29361 29526 D iroh_live: DEBUG videodec{name=video/h264-openh264-360p decoder=h264-android-hw}: moq_media::pipeline: decode_loop: slow push_packet t=13.837077ms
03-17 15:13:02.598 29361 29526 D iroh_live: DEBUG videodec{name=video/h264-openh264-360p decoder=h264-android-hw}: moq_media::pipeline: decode_loop: slow push_packet t=17.208415ms
03-17 15:13:02.636 29361 29526 D iroh_live: DEBUG videodec{name=video/h264-openh264-360p decoder=h264-android-hw}: moq_media::pipeline: decode_loop: slow push_packet t=13.407715ms
03-17 15:13:02.694 29361 29526 D iroh_live: DEBUG videodec{name=video/h264-openh264-360p decoder=h264-android-hw}: moq_media::pipeline: decode_loop: slow push_packet t=25.288656ms
03-17 15:13:02.739 29361 29526 D iroh_live: DEBUG videodec{name=video/h264-openh264-360p decoder=h264-android-hw}: moq_media::pipeline: decode_loop: slow push_packet t=23.076863ms
03-17 15:13:02.787 29361 29526 D iroh_live: DEBUG videodec{name=video/h264-openh264-360p decoder=h264-android-hw}: moq_media::pipeline: decode_loop: slow push_packet t=25.291057ms
03-17 15:13:02.834 29361 29526 D iroh_live: DEBUG videodec{name=video/h264-openh264-360p decoder=h264-android-hw}: moq_media::pipeline: decode_loop: slow push_packet t=25.59253ms
03-17 15:13:02.845 29361 29526 D iroh_live: DEBUG videodec{name=video/h264-openh264-360p decoder=h264-android-hw}: moq_media::playout: playout clock: re-anchored after buffer underrun late_by_ms=3 buffer_ms=133 total_drift_ms=59 reanchor_count=7 pts_ms=2900
03-17 15:13:02.885 29361 29526 D iroh_live: DEBUG videodec{name=video/h264-openh264-360p decoder=h264-android-hw}: moq_media::pipeline: decode_loop: slow push_packet t=28.194824ms
03-17 15:13:02.933 29361 29526 D iroh_live: DEBUG videodec{name=video/h264-openh264-360p decoder=h264-android-hw}: moq_media::pipeline: decode_loop: slow push_packet t=25.999553ms
03-17 15:13:02.978 29361 29526 D iroh_live: DEBUG videodec{name=video/h264-openh264-360p decoder=h264-android-hw}: moq_media::pipeline: decode_loop: slow push_packet t=22.960328ms
03-17 15:13:03.000 29361 29526 D iroh_live: DEBUG videodec{name=video/h264-openh264-360p decoder=h264-android-hw}: moq_media::pipeline: decode_loop: frame gap (stutter) gap=191.646891ms buf_len=4
03-17 15:13:03.016 29361 29526 D iroh_live: DEBUG videodec{name=video/h264-openh264-360p decoder=h264-android-hw}: moq_media::pipeline: decode_loop: slow push_packet t=14.972575ms
03-17 15:13:03.072 29361 29526 D iroh_live: DEBUG videodec{name=video/h264-openh264-360p decoder=h264-android-hw}: moq_media::pipeline: decode_loop: slow push_packet t=27.560099ms
03-17 15:13:03.095 29361 29526 D iroh_live: DEBUG videodec{name=video/h264-openh264-360p decoder=h264-android-hw}: moq_media::pipeline: decode_loop: frame gap (stutter) gap=51.290935ms buf_len=3
03-17 15:13:03.121 29361 29526 D iroh_live: DEBUG videodec{name=video/h264-openh264-360p decoder=h264-android-hw}: moq_media::pipeline: decode_loop: slow push_packet t=26.242513ms
03-17 15:13:03.172 29361 29526 D iroh_live: DEBUG videodec{name=video/h264-openh264-360p decoder=h264-android-hw}: moq_media::pipeline: decode_loop: slow push_packet t=28.464559ms
03-17 15:13:03.193 29361 29526 D iroh_live: DEBUG videodec{name=video/h264-openh264-360p decoder=h264-android-hw}: moq_media::pipeline: decode_loop: frame gap (stutter) gap=50.093424ms buf_len=2
03-17 15:13:03.225 29361 29526 D iroh_live: DEBUG videodec{name=video/h264-openh264-360p decoder=h264-android-hw}: moq_media::pipeline: decode_loop: slow push_packet t=31.154663ms
03-17 15:13:03.248 29361 29526 D iroh_live: DEBUG videodec{name=video/h264-openh264-360p decoder=h264-android-hw}: moq_media::pipeline: decode_loop: frame gap (stutter) gap=53.90096ms buf_len=1
03-17 15:13:03.265 29361 29526 D iroh_live: DEBUG videodec{name=video/h264-openh264-360p decoder=h264-android-hw}: moq_media::pipeline: decode_loop: slow push_packet t=17.066772ms
