03-17 15:13:13.147 29361 29526 D iroh_live: DEBUG videodec{name=video/h264-openh264-360p decoder=h264-android-hw}: moq_media::pipeline: decode_loop: slow push_packet t=15.340292ms
03-17 15:13:13.187 29361 29526 D iroh_live: DEBUG videodec{name=video/h264-openh264-360p decoder=h264-android-hw}: moq_media::pipeline: decode_loop: slow push_packet t=14.630167ms
03-17 15:13:13.227 29361 29526 D iroh_live: DEBUG videodec{name=video/h264-openh264-360p decoder=h264-android-hw}: moq_media::pipeline: decode_loop: slow push_packet t=16.005655ms
03-17 15:13:13.240 29361 29526 D iroh_live: DEBUG videodec{name=video/h264-openh264-360p decoder=h264-android-hw}: moq_media::playout: playout clock: re-anchored after buffer underrun late_by_ms=0 buffer_ms=133 total_drift_ms=187 reanchor_count=26 pts_ms=10633
03-17 15:13:13.274 29361 29526 D iroh_live: DEBUG videodec{name=video/h264-openh264-360p decoder=h264-android-hw}: moq_media::pipeline: decode_loop: slow push_packet t=23.468669ms
03-17 15:13:13.316 29361 29526 D iroh_live: DEBUG videodec{name=video/h264-openh264-360p decoder=h264-android-hw}: moq_media::pipeline: decode_loop: slow push_packet t=19.48523ms
03-17 15:13:13.358 29361 29526 D iroh_live: DEBUG videodec{name=video/h264-openh264-360p decoder=h264-android-hw}: moq_media::pipeline: decode_loop: slow push_packet t=21.33134ms
03-17 15:13:13.380 29361 29526 D iroh_live: DEBUG videodec{name=video/h264-openh264-360p decoder=h264-android-hw}: moq_media::pipeline: decode_loop: frame gap (stutter) gap=169.352946ms buf_len=3
03-17 15:13:13.405 29361 29526 D iroh_live: DEBUG videodec{name=video/h264-openh264-360p decoder=h264-android-hw}: moq_media::pipeline: decode_loop: slow push_packet t=24.184936ms
03-17 15:13:13.441 29361 29526 D iroh_live: DEBUG videodec{name=video/h264-openh264-360p decoder=h264-android-hw}: moq_media::pipeline: decode_loop: slow push_packet t=13.590332ms
03-17 15:13:13.486 29361 29526 D iroh_live: DEBUG videodec{name=video/h264-openh264-360p decoder=h264-android-hw}: moq_media::pipeline: decode_loop: slow push_packet t=19.997234ms
03-17 15:13:13.524 29361 29526 D iroh_live: DEBUG videodec{name=video/h264-openh264-360p decoder=h264-android-hw}: moq_media::pipeline: decode_loop: slow push_packet t=15.360351ms
03-17 15:13:13.576 29361 29526 D iroh_live: DEBUG videodec{name=video/h264-openh264-360p decoder=h264-android-hw}: moq_media::pipeline: decode_loop: slow push_packet t=25.482422ms
03-17 15:13:13.622 29361 29526 D iroh_live: DEBUG videodec{name=video/h264-openh264-360p decoder=h264-android-hw}: moq_media::pipeline: decode_loop: slow push_packet t=23.914998ms
03-17 15:13:13.669 29361 29526 D iroh_live: DEBUG videodec{name=video/h264-openh264-360p decoder=h264-android-hw}: moq_media::pipeline: decode_loop: slow push_packet t=25.180867ms
03-17 15:13:13.708 29361 29526 D iroh_live: DEBUG videodec{name=video/h264-openh264-360p decoder=h264-android-hw}: moq_media::pipeline: decode_loop: slow push_packet t=17.305909ms
03-17 15:13:13.754 29361 29526 D iroh_live: DEBUG videodec{name=video/h264-openh264-360p decoder=h264-android-hw}: moq_media::pipeline: decode_loop: slow push_packet t=22.477335ms
03-17 15:13:13.802 29361 29526 D iroh_live: DEBUG videodec{name=video/h264-openh264-360p decoder=h264-android-hw}: moq_media::pipeline: decode_loop: slow push_packet t=26.060954ms
03-17 15:13:13.813 29361 29526 D iroh_live: DEBUG videodec{name=video/h264-openh264-360p decoder=h264-android-hw}: moq_media::playout: playout clock: re-anchored after buffer underrun late_by_ms=7 buffer_ms=133 total_drift_ms=194 reanchor_count=27 pts_ms=11066
03-17 15:13:13.840 29361 29526 D iroh_live: DEBUG videodec{name=video/h264-openh264-360p decoder=h264-android-hw}: moq_media::pipeline: decode_loop: slow push_packet t=14.80603ms
03-17 15:13:13.890 29361 29526 D iroh_live: DEBUG videodec{name=video/h264-openh264-360p decoder=h264-android-hw}: moq_media::pipeline: decode_loop: slow push_packet t=25.323405ms
03-17 15:13:13.935 29361 29526 D iroh_live: DEBUG videodec{name=video/h264-openh264-360p decoder=h264-android-hw}: moq_media::pipeline: decode_loop: slow push_packet t=23.733806ms
03-17 15:13:13.957 29361 29526 D iroh_live: DEBUG videodec{name=video/h264-openh264-360p decoder=h264-android-hw}: moq_media::pipeline: decode_loop: frame gap (stutter) gap=181.43986ms buf_len=3
03-17 15:13:13.957 29361 29526 D iroh_live: DEBUG videodec{name=video/h264-openh264-360p decoder=h264-android-hw}: moq_media::pipeline: decode_loop: status frames_pushed=336 frames_popped=333 buf_len=3 buffer_ms=133 jitter_ms=10 total_drift_ms=194 reanchor_count=27
03-17 15:13:13.982 29361 29526 D iroh_live: DEBUG videodec{name=video/h264-openh264-360p decoder=h264-android-hw}: moq_media::pipeline: decode_loop: slow push_packet t=24.468832ms
03-17 15:13:14.018 29361 29526 D iroh_live: DEBUG videodec{name=video/h264-openh264-360p decoder=h264-android-hw}: moq_media::pipeline: decode_loop: slow push_packet t=13.892781ms
03-17 15:13:14.069 29361 29526 D iroh_live: DEBUG videodec{name=video/h264-openh264-360p decoder=h264-android-hw}: moq_media::pipeline: decode_loop: slow push_packet t=25.37439ms
03-17 15:13:14.106 29361 29526 D iroh_live: DEBUG videodec{name=video/h264-openh264-360p decoder=h264-android-hw}: moq_media::pipeline: decode_loop: slow push_packet t=15.041748ms
03-17 15:13:14.155 29361 29526 D iroh_live: DEBUG videodec{name=video/h264-openh264-360p decoder=h264-android-hw}: moq_media::pipeline: decode_loop: slow push_packet t=25.638834ms
03-17 15:13:14.191 29361 29526 D iroh_live: DEBUG videodec{name=video/h264-openh264-360p decoder=h264-android-hw}: moq_media::pipeline: decode_loop: slow push_packet t=14.153361ms
03-17 15:13:14.237 29361 29526 D iroh_live: DEBUG videodec{name=video/h264-openh264-360p decoder=h264-android-hw}: moq_media::pipeline: decode_loop: slow push_packet t=16.131388ms
03-17 15:13:14.287 29361 29526 D iroh_live: DEBUG videodec{name=video/h264-openh264-360p decoder=h264-android-hw}: moq_media::pipeline: decode_loop: slow push_packet t=26.426555ms
03-17 15:13:14.332 29361 29526 D iroh_live: DEBUG videodec{name=video/h264-openh264-360p decoder=h264-android-hw}: moq_media::pipeline: decode_loop: slow push_packet t=24.300822ms
03-17 15:13:14.378 29361 29526 D iroh_live: DEBUG videodec{name=video/h264-openh264-360p decoder=h264-android-hw}: moq_media::pipeline: decode_loop: slow push_packet t=23.056966ms
03-17 15:13:14.389 29361 29526 D iroh_live: DEBUG videodec{name=video/h264-openh264-360p decoder=h264-android-hw}: moq_media::playout: playout clock: re-anchored after buffer underrun late_by_ms=8 buffer_ms=133 total_drift_ms=203 reanchor_count=28 pts_ms=11500
03-17 15:13:14.419 29361 29526 D iroh_live: DEBUG videodec{name=video/h264-openh264-360p decoder=h264-android-hw}: moq_media::pipeline: decode_loop: slow push_packet t=19.160807ms
03-17 15:13:14.471 29361 29526 D iroh_live: DEBUG videodec{name=video/h264-openh264-360p decoder=h264-android-hw}: moq_media::pipeline: decode_loop: slow push_packet t=29.199707ms
03-17 15:13:14.506 29361 29526 D iroh_live: DEBUG videodec{name=video/h264-openh264-360p decoder=h264-android-hw}: moq_media::pipeline: decode_loop: slow push_packet t=13.335937ms
03-17 15:13:14.535 29361 29526 D iroh_live: DEBUG videodec{name=video/h264-openh264-360p decoder=h264-android-hw}: moq_media::pipeline: decode_loop: frame gap (stutter) gap=179.728434ms buf_len=3
03-17 15:13:14.562 29361 29526 D iroh_live: DEBUG videodec{name=video/h264-openh264-360p decoder=h264-android-hw}: moq_media::pipeline: decode_loop: slow push_packet t=25.9528ms
03-17 15:13:14.609 29361 29526 D iroh_live: DEBUG videodec{name=video/h264-openh264-360p decoder=h264-android-hw}: moq_media::pipeline: decode_loop: slow push_packet t=25.513712ms
03-17 15:13:14.648 29361 29526 D iroh_live: DEBUG videodec{name=video/h264-openh264-360p decoder=h264-android-hw}: moq_media::pipeline: decode_loop: slow push_packet t=15.954712ms
03-17 15:13:14.692 29361 29526 D iroh_live: DEBUG videodec{name=video/h264-openh264-360p decoder=h264-android-hw}: moq_media::pipeline: decode_loop: slow push_packet t=21.215006ms
03-17 15:13:14.730 29361 29526 D iroh_live: DEBUG videodec{name=video/h264-openh264-360p decoder=h264-android-hw}: moq_media::pipeline: decode_loop: slow push_packet t=15.15568ms
03-17 15:13:14.771 29361 29526 D iroh_live: DEBUG videodec{name=video/h264-openh264-360p decoder=h264-android-hw}: moq_media::pipeline: decode_loop: slow push_packet t=14.390543ms
03-17 15:13:14.821 29361 29526 D iroh_live: DEBUG videodec{name=video/h264-openh264-360p decoder=h264-android-hw}: moq_media::pipeline: decode_loop: slow push_packet t=23.671062ms
03-17 15:13:14.866 29361 29526 D iroh_live: DEBUG videodec{name=video/h264-openh264-360p decoder=h264-android-hw}: moq_media::pipeline: decode_loop: slow push_packet t=22.641602ms
03-17 15:13:14.912 29361 29526 D iroh_live: DEBUG videodec{name=video/h264-openh264-360p decoder=h264-android-hw}: moq_media::pipeline: decode_loop: slow push_packet t=25.058838ms
03-17 15:13:14.924 29361 29526 D iroh_live: DEBUG videodec{name=video/h264-openh264-360p decoder=h264-android-hw}: moq_media::playout: playout clock: re-anchored after buffer underrun late_by_ms=1 buffer_ms=133 total_drift_ms=204 reanchor_count=29 pts_ms=11900
03-17 15:13:14.949 29361 29526 D iroh_live: DEBUG videodec{name=video/h264-openh264-360p decoder=h264-android-hw}: moq_media::pipeline: decode_loop: slow push_packet t=14.010661ms
03-17 15:13:14.990 29361 29526 D iroh_live: DEBUG videodec{name=video/h264-openh264-360p decoder=h264-android-hw}: moq_media::pipeline: decode_loop: slow push_packet t=14.031413ms
03-17 15:13:15.040 29361 29526 D iroh_live: DEBUG videodec{name=video/h264-openh264-360p decoder=h264-android-hw}: moq_media::pipeline: decode_loop: slow push_packet t=24.927775ms
03-17 15:13:15.064 29361 29526 D iroh_live: DEBUG videodec{name=video/h264-openh264-360p decoder=h264-android-hw}: moq_media::pipeline: decode_loop: frame gap (stutter) gap=176.42159ms buf_len=4
03-17 15:13:15.079 29361 29526 D iroh_live: DEBUG videodec{name=video/h264-openh264-360p decoder=h264-android-hw}: moq_media::pipeline: decode_loop: slow push_packet t=14.98759ms
03-17 15:13:15.117 29361 29526 D iroh_live: DEBUG videodec{name=video/h264-openh264-360p decoder=h264-android-hw}: moq_media::pipeline: decode_loop: slow push_packet t=13.027832ms
03-17 15:13:15.169 29361 29526 D iroh_live: DEBUG videodec{name=video/h264-openh264-360p decoder=h264-android-hw}: moq_media::pipeline: decode_loop: slow push_packet t=24.406535ms
03-17 15:13:15.218 29361 29526 D iroh_live: DEBUG videodec{name=video/h264-openh264-360p decoder=h264-android-hw}: moq_media::pipeline: decode_loop: slow push_packet t=26.402669ms
03-17 15:13:15.265 29361 29526 D iroh_live: DEBUG videodec{name=video/h264-openh264-360p decoder=h264-android-hw}: moq_media::pipeline: decode_loop: slow push_packet t=23.909139ms
03-17 15:13:15.312 29361 29526 D iroh_live: DEBUG videodec{name=video/h264-openh264-360p decoder=h264-android-hw}: moq_media::pipeline: decode_loop: slow push_packet t=25.653605ms
03-17 15:13:15.348 29361 29526 D iroh_live: DEBUG videodec{name=video/h264-openh264-360p decoder=h264-android-hw}: moq_media::pipeline: decode_loop: slow push_packet t=13.329875ms
03-17 15:13:15.396 29361 29526 D iroh_live: DEBUG videodec{name=video/h264-openh264-360p decoder=h264-android-hw}: moq_media::pipeline: decode_loop: slow push_packet t=25.146037ms
03-17 15:13:15.443 29361 29526 D iroh_live: DEBUG videodec{name=video/h264-openh264-360p decoder=h264-android-hw}: moq_media::pipeline: decode_loop: slow push_packet t=25.701294ms
03-17 15:13:15.479 29361 29526 D iroh_live: DEBUG videodec{name=video/h264-openh264-360p decoder=h264-android-hw}: moq_media::pipeline: decode_loop: slow push_packet t=13.660563ms
03-17 15:13:15.494 29361 29526 D iroh_live: DEBUG videodec{name=video/h264-openh264-360p decoder=h264-android-hw}: moq_media::playout: playout clock: re-anchored after buffer underrun late_by_ms=3 buffer_ms=133 total_drift_ms=208 reanchor_count=30 pts_ms=12333
03-17 15:13:15.530 29361 29526 D iroh_live: DEBUG videodec{name=video/h264-openh264-360p decoder=h264-android-hw}: moq_media::pipeline: decode_loop: slow push_packet t=25.190593ms
03-17 15:13:15.576 29361 29526 D iroh_live: DEBUG videodec{name=video/h264-openh264-360p decoder=h264-android-hw}: moq_media::pipeline: decode_loop: slow push_packet t=23.7524ms
03-17 15:13:15.618 29361 29526 D iroh_live: DEBUG videodec{name=video/h264-openh264-360p decoder=h264-android-hw}: moq_media::pipeline: decode_loop: slow push_packet t=20.754394ms
03-17 15:13:15.640 29361 29526 D iroh_live: DEBUG videodec{name=video/h264-openh264-360p decoder=h264-android-hw}: moq_media::pipeline: decode_loop: frame gap (stutter) gap=175.189819ms buf_len=3
03-17 15:13:15.674 29361 29526 D iroh_live: DEBUG videodec{name=video/h264-openh264-360p decoder=h264-android-hw}: moq_media::pipeline: decode_loop: slow push_packet t=33.209188ms
03-17 15:13:15.695 29361 29526 D iroh_live: DEBUG videodec{name=video/h264-openh264-360p decoder=h264-android-hw}: moq_media::pipeline: decode_loop: frame gap (stutter) gap=54.771647ms buf_len=3
03-17 15:13:15.722 29361 29526 D iroh_live: DEBUG videodec{name=video/h264-openh264-360p decoder=h264-android-hw}: moq_media::pipeline: decode_loop: slow push_packet t=26.685587ms
03-17 15:13:15.757 29361 29526 D iroh_live: DEBUG videodec{name=video/h264-openh264-360p decoder=h264-android-hw}: moq_media::pipeline: decode_loop: slow push_packet t=12.705241ms
03-17 15:13:15.812 29361 29526 D iroh_live: DEBUG videodec{name=video/h264-openh264-360p decoder=h264-android-hw}: moq_media::pipeline: decode_loop: slow push_packet t=25.486043ms
03-17 15:13:15.859 29361 29526 D iroh_live: DEBUG videodec{name=video/h264-openh264-360p decoder=h264-android-hw}: moq_media::pipeline: decode_loop: slow push_packet t=25.466919ms
03-17 15:13:15.885 29361 29526 D iroh_live: DEBUG videodec{name=video/h264-openh264-360p decoder=h264-android-hw}: moq_media::pipeline: decode_loop: frame gap (stutter) gap=51.166504ms buf_len=1
03-17 15:13:15.910 29361 29526 D iroh_live: DEBUG videodec{name=video/h264-openh264-360p decoder=h264-android-hw}: moq_media::pipeline: decode_loop: slow push_packet t=25.029012ms
03-17 15:13:15.948 29361 29526 D iroh_live: DEBUG videodec{name=video/h264-openh264-360p decoder=h264-android-hw}: moq_media::pipeline: decode_loop: slow push_packet t=14.83553ms
03-17 15:13:15.962 29361 29526 D iroh_live: DEBUG videodec{name=video/h264-openh264-360p decoder=h264-android-hw}: moq_media::playout: playout clock: re-anchored after buffer underrun late_by_ms=1 buffer_ms=133 total_drift_ms=209 reanchor_count=31 pts_ms=12666
03-17 15:13:15.996 29361 29526 D iroh_live: DEBUG videodec{name=video/h264-openh264-360p decoder=h264-android-hw}: moq_media::pipeline: decode_loop: slow push_packet t=23.10673ms
03-17 15:13:16.040 29361 29526 D iroh_live: DEBUG videodec{name=video/h264-openh264-360p decoder=h264-android-hw}: moq_media::pipeline: decode_loop: slow push_packet t=20.985962ms
03-17 15:13:16.089 29361 29526 D iroh_live: DEBUG videodec{name=video/h264-openh264-360p decoder=h264-android-hw}: moq_media::pipeline: decode_loop: slow push_packet t=26.399455ms
03-17 15:13:16.111 29361 29526 D iroh_live: DEBUG videodec{name=video/h264-openh264-360p decoder=h264-android-hw}: moq_media::pipeline: decode_loop: frame gap (stutter) gap=178.012086ms buf_len=3
03-17 15:13:16.134 29361 29526 D iroh_live: DEBUG videodec{name=video/h264-openh264-360p decoder=h264-android-hw}: moq_media::pipeline: decode_loop: slow push_packet t=22.586832ms
03-17 15:13:16.173 29361 29526 D iroh_live: DEBUG videodec{name=video/h264-openh264-360p decoder=h264-android-hw}: moq_media::pipeline: decode_loop: slow push_packet t=17.297404ms
03-17 15:13:16.214 29361 29526 D iroh_live: DEBUG videodec{name=video/h264-openh264-360p decoder=h264-android-hw}: moq_media::pipeline: decode_loop: slow push_packet t=15.650716ms
03-17 15:13:16.259 29361 29526 D iroh_live: DEBUG videodec{name=video/h264-openh264-360p decoder=h264-android-hw}: moq_media::pipeline: decode_loop: slow push_packet t=22.187744ms
03-17 15:13:16.305 29361 29526 D iroh_live: DEBUG videodec{name=video/h264-openh264-360p decoder=h264-android-hw}: moq_media::pipeline: decode_loop: slow push_packet t=24.02889ms
03-17 15:13:16.342 29361 29526 D iroh_live: DEBUG videodec{name=video/h264-openh264-360p decoder=h264-android-hw}: moq_media::pipeline: decode_loop: slow push_packet t=14.118164ms
03-17 15:13:16.378 29361 29526 D iroh_live: DEBUG videodec{name=video/h264-openh264-360p decoder=h264-android-hw}: moq_media::pipeline: decode_loop: slow push_packet t=13.082072ms
03-17 15:13:16.429 29361 29526 D iroh_live: DEBUG videodec{name=video/h264-openh264-360p decoder=h264-android-hw}: moq_media::pipeline: decode_loop: slow push_packet t=27.493205ms
03-17 15:13:16.479 29361 29526 D iroh_live: DEBUG videodec{name=video/h264-openh264-360p decoder=h264-android-hw}: moq_media::pipeline: decode_loop: slow push_packet t=27.550944ms
03-17 15:13:16.528 29361 29526 D iroh_live: DEBUG videodec{name=video/h264-openh264-360p decoder=h264-android-hw}: moq_media::pipeline: decode_loop: slow push_packet t=27.380493ms
03-17 15:13:16.539 29361 29526 D iroh_live: DEBUG videodec{name=video/h264-openh264-360p decoder=h264-android-hw}: moq_media::playout: playout clock: re-anchored after buffer underrun late_by_ms=10 buffer_ms=133 total_drift_ms=220 reanchor_count=32 pts_ms=13100
03-17 15:13:16.576 29361 29526 D iroh_live: DEBUG videodec{name=video/h264-openh264-360p decoder=h264-android-hw}: moq_media::pipeline: decode_loop: slow push_packet t=25.334025ms
03-17 15:13:16.618 29361 29526 D iroh_live: DEBUG videodec{name=video/h264-openh264-360p decoder=h264-android-hw}: moq_media::pipeline: decode_loop: slow push_packet t=21.217367ms
03-17 15:13:16.664 29361 29526 D iroh_live: DEBUG videodec{name=video/h264-openh264-360p decoder=h264-android-hw}: moq_media::pipeline: decode_loop: slow push_packet t=21.255452ms
03-17 15:13:16.686 29361 29526 D iroh_live: DEBUG videodec{name=video/h264-openh264-360p decoder=h264-android-hw}: moq_media::pipeline: decode_loop: frame gap (stutter) gap=185.307699ms buf_len=3
03-17 15:13:16.704 29361 29526 D iroh_live: DEBUG videodec{name=video/h264-openh264-360p decoder=h264-android-hw}: moq_media::pipeline: decode_loop: slow push_packet t=17.571329ms
03-17 15:13:16.740 29361 29526 D iroh_live: DEBUG videodec{name=video/h264-openh264-360p decoder=h264-android-hw}: moq_media::pipeline: decode_loop: slow push_packet t=13.268107ms
03-17 15:13:16.794 29361 29526 D iroh_live: DEBUG videodec{name=video/h264-openh264-360p decoder=h264-android-hw}: moq_media::pipeline: decode_loop: slow push_packet t=23.897054ms
03-17 15:13:16.840 29361 29526 D iroh_live: DEBUG videodec{name=video/h264-openh264-360p decoder=h264-android-hw}: moq_media::pipeline: decode_loop: slow push_packet t=24.534424ms
03-17 15:13:16.889 29361 29526 D iroh_live: DEBUG videodec{name=video/h264-openh264-360p decoder=h264-android-hw}: moq_media::pipeline: decode_loop: slow push_packet t=26.433838ms
03-17 15:13:16.913 29361 29526 D iroh_live: DEBUG videodec{name=video/h264-openh264-360p decoder=h264-android-hw}: moq_media::pipeline: decode_loop: frame gap (stutter) gap=50.481242ms buf_len=2
03-17 15:13:16.926 29361 29526 D iroh_live: DEBUG videodec{name=video/h264-openh264-360p decoder=h264-android-hw}: moq_media::pipeline: decode_loop: slow push_packet t=12.992554ms
03-17 15:13:16.967 29361 29526 D iroh_live: DEBUG videodec{name=video/h264-openh264-360p decoder=h264-android-hw}: moq_media::pipeline: decode_loop: slow push_packet t=16.875611ms
03-17 15:13:16.983 29361 29494 D iroh_live: DEBUG endpoint{id=fa36cd2c5f}:actor: iroh::socket: starting direct addr update (Periodic)
03-17 15:13:16.983 29361 29494 D iroh_live: DEBUG endpoint{id=fa36cd2c5f}:actor: iroh::socket: requesting net_report report
03-17 15:13:16.984 29361 29494 D iroh_live: DEBUG endpoint{id=fa36cd2c5f}:actor: iroh::net_report: net_report starting do_full=false
03-17 15:13:16.984 29361 29494 D iroh_live: DEBUG endpoint{id=fa36cd2c5f}:actor: iroh::net_report: net_report generated report=Report { udp_v4: true, udp_v6: true, mapping_varies_by_dest_ipv4: Some(true), mapping_varies_by_dest_ipv6: None, preferred_relay: Some(RelayUrl("https://euc1-1.relay.n0.iroh-canary.iroh.link./")), relay_latency: RelayLatencies { ipv4: {RelayUrl("https://euc1-1.relay.n0.iroh-canary.iroh.link./"): 43.7367ms}, ipv6: {RelayUrl("https://euc1-1.relay.n0.iroh-canary.iroh.link./"): 43.647043ms}, https: {} }, global_v4: Some(80.187.64.196:1117), global_v6: Some([2a01:599:b1e:b7d1:2a5f:432b:a47d:1595]:43296), captive_portal: None } duration=417.521µs
03-17 15:13:16.985 29361 29494 D iroh_live: DEBUG endpoint{id=fa36cd2c5f}:actor: iroh::socket: direct addr update done (Periodic)
03-17 15:13:16.985 29361 29494 D iroh_live: DEBUG endpoint{id=fa36cd2c5f}:actor: iroh::socket: scheduling periodic_stun to run in 25s
03-17 15:13:17.020 29361 29526 D iroh_live: DEBUG videodec{name=video/h264-openh264-360p decoder=h264-android-hw}: moq_media::pipeline: decode_loop: slow push_packet t=24.780233ms
03-17 15:13:17.068 29361 29526 D iroh_live: DEBUG videodec{name=video/h264-openh264-360p decoder=h264-android-hw}: moq_media::pipeline: decode_loop: slow push_packet t=24.977336ms
03-17 15:13:17.078 29361 29526 D iroh_live: DEBUG videodec{name=video/h264-openh264-360p decoder=h264-android-hw}: moq_media::playout: playout clock: re-anchored after buffer underrun late_by_ms=5 buffer_ms=133 total_drift_ms=226 reanchor_count=33 pts_ms=13500
03-17 15:13:17.105 29361 29526 D iroh_live: DEBUG videodec{name=video/h264-openh264-360p decoder=h264-android-hw}: moq_media::pipeline: decode_loop: slow push_packet t=15.856202ms
03-17 15:13:17.155 29361 29526 D iroh_live: DEBUG videodec{name=video/h264-openh264-360p decoder=h264-android-hw}: moq_media::pipeline: decode_loop: slow push_packet t=24.151774ms
03-17 15:13:17.203 29361 29526 D iroh_live: DEBUG videodec{name=video/h264-openh264-360p decoder=h264-android-hw}: moq_media::pipeline: decode_loop: slow push_packet t=24.988322ms
03-17 15:13:17.225 29361 29526 D iroh_live: DEBUG videodec{name=video/h264-openh264-360p decoder=h264-android-hw}: moq_media::pipeline: decode_loop: frame gap (stutter) gap=183.797892ms buf_len=3
03-17 15:13:17.241 29361 29526 D iroh_live: DEBUG videodec{name=video/h264-openh264-360p decoder=h264-android-hw}: moq_media::pipeline: decode_loop: slow push_packet t=15.184286ms
03-17 15:13:17.289 29361 29526 D iroh_live: DEBUG videodec{name=video/h264-openh264-360p decoder=h264-android-hw}: moq_media::pipeline: decode_loop: slow push_packet t=25.25057ms
03-17 15:13:17.335 29361 29526 D iroh_live: DEBUG videodec{name=video/h264-openh264-360p decoder=h264-android-hw}: moq_media::pipeline: decode_loop: slow push_packet t=22.973307ms
03-17 15:13:17.382 29361 29526 D iroh_live: DEBUG videodec{name=video/h264-openh264-360p decoder=h264-android-hw}: moq_media::pipeline: decode_loop: slow push_packet t=25.824707ms
03-17 15:13:17.419 29361 29526 D iroh_live: DEBUG videodec{name=video/h264-openh264-360p decoder=h264-android-hw}: moq_media::pipeline: decode_loop: slow push_packet t=15.047811ms
03-17 15:13:17.469 29361 29526 D iroh_live: DEBUG videodec{name=video/h264-openh264-360p decoder=h264-android-hw}: moq_media::pipeline: decode_loop: slow push_packet t=26.449422ms
03-17 15:13:17.506 29361 29526 D iroh_live: DEBUG videodec{name=video/h264-openh264-360p decoder=h264-android-hw}: moq_media::pipeline: decode_loop: slow push_packet t=14.515137ms
03-17 15:13:17.557 29361 29526 D iroh_live: DEBUG videodec{name=video/h264-openh264-360p decoder=h264-android-hw}: moq_media::pipeline: decode_loop: slow push_packet t=26.359701ms
03-17 15:13:17.602 29361 29526 D iroh_live: DEBUG videodec{name=video/h264-openh264-360p decoder=h264-android-hw}: moq_media::pipeline: decode_loop: slow push_packet t=22.704021ms
03-17 15:13:17.613 29361 29526 D iroh_live: DEBUG videodec{name=video/h264-openh264-360p decoder=h264-android-hw}: moq_media::playout: playout clock: re-anchored after buffer underrun late_by_ms=1 buffer_ms=133 total_drift_ms=227 reanchor_count=34 pts_ms=13900
03-17 15:13:17.638 29361 29526 D iroh_live: DEBUG videodec{name=video/h264-openh264-360p decoder=h264-android-hw}: moq_media::pipeline: decode_loop: slow push_packet t=13.691772ms
03-17 15:13:17.682 29361 29526 D iroh_live: DEBUG videodec{name=video/h264-openh264-360p decoder=h264-android-hw}: moq_media::pipeline: decode_loop: slow push_packet t=20.013387ms
03-17 15:13:17.729 29361 29526 D iroh_live: DEBUG videodec{name=video/h264-openh264-360p decoder=h264-android-hw}: moq_media::pipeline: decode_loop: slow push_packet t=24.693196ms
03-17 15:13:17.757 29361 29526 D iroh_live: DEBUG videodec{name=video/h264-openh264-360p decoder=h264-android-hw}: moq_media::pipeline: decode_loop: frame gap (stutter) gap=178.172974ms buf_len=3
03-17 15:13:17.789 29361 29526 D iroh_live: DEBUG videodec{name=video/h264-openh264-360p decoder=h264-android-hw}: moq_media::pipeline: decode_loop: slow push_packet t=31.032226ms
03-17 15:13:17.811 29361 29526 D iroh_live: DEBUG videodec{name=video/h264-openh264-360p decoder=h264-android-hw}: moq_media::pipeline: decode_loop: frame gap (stutter) gap=53.060669ms buf_len=3
03-17 15:13:17.837 29361 29526 D iroh_live: DEBUG videodec{name=video/h264-openh264-360p decoder=h264-android-hw}: moq_media::pipeline: decode_loop: slow push_packet t=26.304077ms
03-17 15:13:17.883 29361 29526 D iroh_live: DEBUG videodec{name=video/h264-openh264-360p decoder=h264-android-hw}: moq_media::pipeline: decode_loop: slow push_packet t=24.580525ms
03-17 15:13:17.931 29361 29526 D iroh_live: DEBUG videodec{name=video/h264-openh264-360p decoder=h264-android-hw}: moq_media::pipeline: decode_loop: slow push_packet t=25.891683ms
03-17 15:13:17.980 29361 29526 D iroh_live: DEBUG videodec{name=video/h264-openh264-360p decoder=h264-android-hw}: moq_media::pipeline: decode_loop: slow push_packet t=26.140056ms
03-17 15:13:18.032 29361 29526 D iroh_live: DEBUG videodec{name=video/h264-openh264-360p decoder=h264-android-hw}: moq_media::pipeline: decode_loop: slow push_packet t=30.610392ms
03-17 15:13:18.055 29361 29526 D iroh_live: DEBUG videodec{name=video/h264-openh264-360p decoder=h264-android-hw}: moq_media::pipeline: decode_loop: frame gap (stutter) gap=52.923095ms buf_len=1
03-17 15:13:18.081 29361 29526 D iroh_live: DEBUG videodec{name=video/h264-openh264-360p decoder=h264-android-hw}: moq_media::pipeline: decode_loop: slow push_packet t=26.406657ms
03-17 15:13:18.093 29361 29526 D iroh_live: DEBUG videodec{name=video/h264-openh264-360p decoder=h264-android-hw}: moq_media::playout: playout clock: re-anchored after buffer underrun late_by_ms=13 buffer_ms=133 total_drift_ms=240 reanchor_count=35 pts_ms=14233
03-17 15:13:18.133 29361 29526 D iroh_live: DEBUG videodec{name=video/h264-openh264-360p decoder=h264-android-hw}: moq_media::pipeline: decode_loop: slow push_packet t=27.167603ms
03-17 15:13:18.169 29361 29526 D iroh_live: DEBUG videodec{name=video/h264-openh264-360p decoder=h264-android-hw}: moq_media::pipeline: decode_loop: slow push_packet t=14.253133ms
03-17 15:13:18.214 29361 29526 D iroh_live: DEBUG videodec{name=video/h264-openh264-360p decoder=h264-android-hw}: moq_media::pipeline: decode_loop: slow push_packet t=22.014852ms
03-17 15:13:18.236 29361 29526 D iroh_live: DEBUG videodec{name=video/h264-openh264-360p decoder=h264-android-hw}: moq_media::pipeline: decode_loop: frame gap (stutter) gap=181.651368ms buf_len=3
03-17 15:13:18.261 29361 29526 D iroh_live: DEBUG videodec{name=video/h264-openh264-360p decoder=h264-android-hw}: moq_media::pipeline: decode_loop: slow push_packet t=23.554606ms
03-17 15:13:18.298 29361 29526 D iroh_live: DEBUG videodec{name=video/h264-openh264-360p decoder=h264-android-hw}: moq_media::pipeline: decode_loop: slow push_packet t=14.751099ms
03-17 15:13:18.343 29361 29526 D iroh_live: DEBUG videodec{name=video/h264-openh264-360p decoder=h264-android-hw}: moq_media::pipeline: decode_loop: slow push_packet t=21.353882ms
03-17 15:13:18.389 29361 29526 D iroh_live: DEBUG videodec{name=video/h264-openh264-360p decoder=h264-android-hw}: moq_media::pipeline: decode_loop: slow push_packet t=23.709595ms
03-17 15:13:18.435 29361 29526 D iroh_live: DEBUG videodec{name=video/h264-openh264-360p decoder=h264-android-hw}: moq_media::pipeline: decode_loop: slow push_packet t=24.281169ms
03-17 15:13:18.485 29361 29526 D iroh_live: DEBUG videodec{name=video/h264-openh264-360p decoder=h264-android-hw}: moq_media::pipeline: decode_loop: slow push_packet t=27.305582ms
03-17 15:13:18.526 29361 29526 D iroh_live: DEBUG videodec{name=video/h264-openh264-360p decoder=h264-android-hw}: moq_media::pipeline: decode_loop: slow push_packet t=18.591228ms
03-17 15:13:18.575 29361 29526 D iroh_live: DEBUG videodec{name=video/h264-openh264-360p decoder=h264-android-hw}: moq_media::pipeline: decode_loop: slow push_packet t=24.694458ms
03-17 15:13:18.611 29361 29526 D iroh_live: DEBUG videodec{name=video/h264-openh264-360p decoder=h264-android-hw}: moq_media::pipeline: decode_loop: slow push_packet t=14.617106ms
03-17 15:13:18.662 29361 29526 D iroh_live: DEBUG videodec{name=video/h264-openh264-360p decoder=h264-android-hw}: moq_media::pipeline: decode_loop: slow push_packet t=26.074341ms
03-17 15:13:18.673 29361 29526 D iroh_live: DEBUG videodec{name=video/h264-openh264-360p decoder=h264-android-hw}: moq_media::playout: playout clock: re-anchored after buffer underrun late_by_ms=13 buffer_ms=133 total_drift_ms=254 reanchor_count=36 pts_ms=14666
03-17 15:13:18.709 29361 29526 D iroh_live: DEBUG videodec{name=video/h264-openh264-360p decoder=h264-android-hw}: moq_media::pipeline: decode_loop: slow push_packet t=24.981731ms
03-17 15:13:18.755 29361 29526 D iroh_live: DEBUG videodec{name=video/h264-openh264-360p decoder=h264-android-hw}: moq_media::pipeline: decode_loop: slow push_packet t=23.656616ms
03-17 15:13:18.802 29361 29526 D iroh_live: DEBUG videodec{name=video/h264-openh264-360p decoder=h264-android-hw}: moq_media::pipeline: decode_loop: slow push_packet t=25.001017ms
03-17 15:13:18.824 29361 29526 D iroh_live: DEBUG videodec{name=video/h264-openh264-360p decoder=h264-android-hw}: moq_media::pipeline: decode_loop: frame gap (stutter) gap=187.741129ms buf_len=3
03-17 15:13:18.837 29361 29526 D iroh_live: DEBUG videodec{name=video/h264-openh264-360p decoder=h264-android-hw}: moq_media::pipeline: decode_loop: slow push_packet t=13.110188ms
03-17 15:13:18.878 29361 29526 D iroh_live: DEBUG videodec{name=video/h264-openh264-360p decoder=h264-android-hw}: moq_media::pipeline: decode_loop: slow push_packet t=14.826416ms
03-17 15:13:18.922 29361 29526 D iroh_live: DEBUG videodec{name=video/h264-openh264-360p decoder=h264-android-hw}: moq_media::pipeline: decode_loop: slow push_packet t=20.043498ms
03-17 15:13:18.969 29361 29526 D iroh_live: DEBUG videodec{name=video/h264-openh264-360p decoder=h264-android-hw}: moq_media::pipeline: decode_loop: slow push_packet t=24.605388ms
03-17 15:13:18.990 29361 29526 D iroh_live: DEBUG videodec{name=video/h264-openh264-360p decoder=h264-android-hw}: moq_media::pipeline: decode_loop: status frames_pushed=448 frames_popped=446 buf_len=2 buffer_ms=133 jitter_ms=11 total_drift_ms=254 reanchor_count=36
03-17 15:13:19.019 29361 29526 D iroh_live: DEBUG videodec{name=video/h264-openh264-360p decoder=h264-android-hw}: moq_media::pipeline: decode_loop: slow push_packet t=27.588298ms
03-17 15:13:19.065 29361 29526 D iroh_live: DEBUG videodec{name=video/h264-openh264-360p decoder=h264-android-hw}: moq_media::pipeline: decode_loop: slow push_packet t=25.196248ms
03-17 15:13:19.104 29361 29526 D iroh_live: DEBUG videodec{name=video/h264-openh264-360p decoder=h264-android-hw}: moq_media::pipeline: decode_loop: slow push_packet t=16.043009ms
03-17 15:13:19.153 29361 29526 D iroh_live: DEBUG videodec{name=video/h264-openh264-360p decoder=h264-android-hw}: moq_media::pipeline: decode_loop: slow push_packet t=16.429688ms
03-17 15:13:19.189 29361 29526 D iroh_live: DEBUG videodec{name=video/h264-openh264-360p decoder=h264-android-hw}: moq_media::pipeline: decode_loop: slow push_packet t=14.79012ms
03-17 15:13:19.225 29361 29526 D iroh_live: DEBUG videodec{name=video/h264-openh264-360p decoder=h264-android-hw}: moq_media::pipeline: decode_loop: slow push_packet t=15.744019ms
03-17 15:13:19.262 29361 29526 D iroh_live: DEBUG videodec{name=video/h264-openh264-360p decoder=h264-android-hw}: moq_media::pipeline: decode_loop: slow push_packet t=16.086426ms
03-17 15:13:19.297 29361 29526 D iroh_live: DEBUG videodec{name=video/h264-openh264-360p decoder=h264-android-hw}: moq_media::pipeline: decode_loop: slow push_packet t=15.157268ms
03-17 15:13:19.308 29361 29526 D iroh_live: DEBUG videodec{name=video/h264-openh264-360p decoder=h264-android-hw}: moq_media::playout: playout clock: re-anchored after buffer underrun late_by_ms=1 buffer_ms=133 total_drift_ms=255 reanchor_count=37 pts_ms=15166
03-17 15:13:19.334 29361 29526 D iroh_live: DEBUG videodec{name=video/h264-openh264-360p decoder=h264-android-hw}: moq_media::pipeline: decode_loop: slow push_packet t=15.948812ms
03-17 15:13:19.370 29361 29526 D iroh_live: DEBUG videodec{name=video/h264-openh264-360p decoder=h264-android-hw}: moq_media::pipeline: decode_loop: slow push_packet t=15.352173ms
03-17 15:13:19.407 29361 29526 D iroh_live: DEBUG videodec{name=video/h264-openh264-360p decoder=h264-android-hw}: moq_media::pipeline: decode_loop: slow push_packet t=15.774862ms
03-17 15:13:19.444 29361 29526 D iroh_live: DEBUG videodec{name=video/h264-openh264-360p decoder=h264-android-hw}: moq_media::pipeline: decode_loop: slow push_packet t=16.298421ms
03-17 15:13:19.464 29361 29526 D iroh_live: DEBUG videodec{name=video/h264-openh264-360p decoder=h264-android-hw}: moq_media::pipeline: decode_loop: frame gap (stutter) gap=181.806885ms buf_len=4
03-17 15:13:19.480 29361 29526 D iroh_live: DEBUG videodec{name=video/h264-openh264-360p decoder=h264-android-hw}: moq_media::pipeline: decode_loop: slow push_packet t=16.20695ms
03-17 15:13:19.518 29361 29526 D iroh_live: DEBUG videodec{name=video/h264-openh264-360p decoder=h264-android-hw}: moq_media::pipeline: decode_loop: slow push_packet t=17.007161ms
03-17 15:13:19.554 29361 29526 D iroh_live: DEBUG videodec{name=video/h264-openh264-360p decoder=h264-android-hw}: moq_media::pipeline: decode_loop: slow push_packet t=14.948324ms
03-17 15:13:19.591 29361 29526 D iroh_live: DEBUG videodec{name=video/h264-openh264-360p decoder=h264-android-hw}: moq_media::pipeline: decode_loop: slow push_packet t=16.39034ms
03-17 15:13:19.628 29361 29526 D iroh_live: DEBUG videodec{name=video/h264-openh264-360p decoder=h264-android-hw}: moq_media::pipeline: decode_loop: slow push_packet t=17.014364ms
03-17 15:13:19.667 29361 29526 D iroh_live: DEBUG videodec{name=video/h264-openh264-360p decoder=h264-android-hw}: moq_media::pipeline: decode_loop: slow push_packet t=17.985636ms
03-17 15:13:19.703 29361 29526 D iroh_live: DEBUG videodec{name=video/h264-openh264-360p decoder=h264-android-hw}: moq_media::pipeline: decode_loop: slow push_packet t=15.664266ms
03-17 15:13:19.739 29361 29526 D iroh_live: DEBUG videodec{name=video/h264-openh264-360p decoder=h264-android-hw}: moq_media::pipeline: decode_loop: slow push_packet t=15.407837ms
03-17 15:13:19.776 29361 29526 D iroh_live: DEBUG videodec{name=video/h264-openh264-360p decoder=h264-android-hw}: moq_media::pipeline: decode_loop: slow push_packet t=15.689616ms
03-17 15:13:19.812 29361 29526 D iroh_live: DEBUG videodec{name=video/h264-openh264-360p decoder=h264-android-hw}: moq_media::pipeline: decode_loop: slow push_packet t=15.845256ms
03-17 15:13:19.850 29361 29526 D iroh_live: DEBUG videodec{name=video/h264-openh264-360p decoder=h264-android-hw}: moq_media::pipeline: decode_loop: slow push_packet t=17.439453ms
03-17 15:13:19.887 29361 29526 D iroh_live: DEBUG videodec{name=video/h264-openh264-360p decoder=h264-android-hw}: moq_media::pipeline: decode_loop: slow push_packet t=16.11674ms
03-17 15:13:19.924 29361 29526 D iroh_live: DEBUG videodec{name=video/h264-openh264-360p decoder=h264-android-hw}: moq_media::pipeline: decode_loop: slow push_packet t=15.46049ms
03-17 15:13:19.962 29361 29526 D iroh_live: DEBUG videodec{name=video/h264-openh264-360p decoder=h264-android-hw}: moq_media::pipeline: decode_loop: slow push_packet t=16.972005ms
03-17 15:13:19.997 29361 29526 D iroh_live: DEBUG videodec{name=video/h264-openh264-360p decoder=h264-android-hw}: moq_media::pipeline: decode_loop: slow push_packet t=14.151815ms
03-17 15:13:20.032 29361 29526 D iroh_live: DEBUG videodec{name=video/h264-openh264-360p decoder=h264-android-hw}: moq_media::pipeline: decode_loop: slow push_packet t=14.885783ms
03-17 15:13:20.068 29361 29526 D iroh_live: DEBUG videodec{name=video/h264-openh264-360p decoder=h264-android-hw}: moq_media::pipeline: decode_loop: slow push_packet t=15.339721ms
03-17 15:13:20.105 29361 29526 D iroh_live: DEBUG videodec{name=video/h264-openh264-360p decoder=h264-android-hw}: moq_media::pipeline: decode_loop: slow push_packet t=16.163615ms
03-17 15:13:20.143 29361 29526 D iroh_live: DEBUG videodec{name=video/h264-openh264-360p decoder=h264-android-hw}: moq_media::pipeline: decode_loop: slow push_packet t=16.80306ms
03-17 15:13:20.179 29361 29526 D iroh_live: DEBUG videodec{name=video/h264-openh264-360p decoder=h264-android-hw}: moq_media::pipeline: decode_loop: slow push_packet t=15.437947ms
03-17 15:13:20.215 29361 29526 D iroh_live: DEBUG videodec{name=video/h264-openh264-360p decoder=h264-android-hw}: moq_media::pipeline: decode_loop: slow push_packet t=14.995971ms
03-17 15:13:20.251 29361 29526 D iroh_live: DEBUG videodec{name=video/h264-openh264-360p decoder=h264-android-hw}: moq_media::pipeline: decode_loop: slow push_packet t=15.084554ms
03-17 15:13:20.287 29361 29526 D iroh_live: DEBUG videodec{name=video/h264-openh264-360p decoder=h264-android-hw}: moq_media::pipeline: decode_loop: slow push_packet t=15.213582ms
03-17 15:13:20.322 29361 29526 D iroh_live: DEBUG videodec{name=video/h264-openh264-360p decoder=h264-android-hw}: moq_media::pipeline: decode_loop: slow push_packet t=15.118205ms
03-17 15:13:20.358 29361 29526 D iroh_live: DEBUG videodec{name=video/h264-openh264-360p decoder=h264-android-hw}: moq_media::pipeline: decode_loop: slow push_packet t=15.010782ms
03-17 15:13:20.395 29361 29526 D iroh_live: DEBUG videodec{name=video/h264-openh264-360p decoder=h264-android-hw}: moq_media::pipeline: decode_loop: slow push_packet t=15.90096ms
03-17 15:13:20.431 29361 29526 D iroh_live: DEBUG videodec{name=video/h264-openh264-360p decoder=h264-android-hw}: moq_media::pipeline: decode_loop: slow push_packet t=16.109498ms
03-17 15:13:20.467 29361 29526 D iroh_live: DEBUG videodec{name=video/h264-openh264-360p decoder=h264-android-hw}: moq_media::pipeline: decode_loop: slow push_packet t=14.69462ms
03-17 15:13:20.502 29361 29526 D iroh_live: DEBUG videodec{name=video/h264-openh264-360p decoder=h264-android-hw}: moq_media::pipeline: decode_loop: slow push_packet t=14.846476ms
03-17 15:13:20.538 29361 29526 D iroh_live: DEBUG videodec{name=video/h264-openh264-360p decoder=h264-android-hw}: moq_media::pipeline: decode_loop: slow push_packet t=15.258952ms
03-17 15:13:20.573 29361 29526 D iroh_live: DEBUG videodec{name=video/h264-openh264-360p decoder=h264-android-hw}: moq_media::pipeline: decode_loop: slow push_packet t=14.655884ms
03-17 15:13:20.612 29361 29526 D iroh_live: DEBUG videodec{name=video/h264-openh264-360p decoder=h264-android-hw}: moq_media::pipeline: decode_loop: slow push_packet t=18.284871ms
03-17 15:13:20.650 29361 29526 D iroh_live: DEBUG videodec{name=video/h264-openh264-360p decoder=h264-android-hw}: moq_media::pipeline: decode_loop: slow push_packet t=16.251749ms
03-17 15:13:20.692 29361 29526 D iroh_live: DEBUG videodec{name=video/h264-openh264-360p decoder=h264-android-hw}: moq_media::pipeline: decode_loop: slow push_packet t=20.990967ms
03-17 15:13:20.708 29361 29526 D iroh_live: DEBUG videodec{name=video/h264-openh264-360p decoder=h264-android-hw}: moq_media::playout: playout clock: re-anchored after buffer underrun late_by_ms=0 buffer_ms=133 total_drift_ms=256 reanchor_count=38 pts_ms=16433
03-17 15:13:20.726 29361 29487 D iroh_live: DEBUG iroh_moq: closing session: cancelled remote=39a2b6c463
03-17 15:13:20.726 29361 29487 D iroh_live: DEBUG iroh_moq: closing session: Ok(()) remote=39a2b6c463
03-17 15:13:20.727 29361 29487 I iroh_live:  INFO LiveActor: iroh_moq: session closed: Ok(()) remote=39a2b6c463
03-17 15:13:20.727 29361 29487 W iroh_live:  WARN connect{remote=39a2b6c463}: moq_lite::error: transport error err=connection error
03-17 15:13:20.727 29361 29487 I iroh_live:  INFO connect{remote=39a2b6c463}: moq_lite::lite::session: session terminated
03-17 15:13:20.727 29361 29487 W iroh_live:  WARN connect{remote=39a2b6c463}: moq_lite::error: transport error err=session error
03-17 15:13:20.727 29361 29487 D iroh_live: DEBUG connect{remote=39a2b6c463}: moq_lite::lite::publisher: announcing cancelled prefix=
03-17 15:13:20.727 29361 29495 W iroh_live:  WARN connect{remote=39a2b6c463}: moq_lite::error: transport error err=session error
03-17 15:13:20.727 29361 29495 D iroh_live: DEBUG connect{remote=39a2b6c463}: moq_lite::lite::subscriber: group error err=transport error group=20
03-17 15:13:20.727 29361 29487 W iroh_live:  WARN connect{remote=39a2b6c463}: moq_lite::error: transport error err=session error
03-17 15:13:20.728 29361 29493 D iroh_live: DEBUG gossip{me=fa36cd2c5f}: iroh_gossip::net: received shutdown message, quit all topics
03-17 15:13:20.728 29361 29494 D iroh_live: DEBUG endpoint{id=fa36cd2c5f}:RemoteStateActor{remote=39a2b6c463}: iroh::_events::conn::closed: conn_id=210602085276176 remote_id=39a2b6c463 reason=LocallyClosed
03-17 15:13:20.728 29361 29493 D iroh_live: DEBUG gossip{me=fa36cd2c5f}: iroh_gossip::net: all topics quit, stop gossip actor
03-17 15:13:20.730 29361 29495 W iroh_live:  WARN connect{remote=39a2b6c463}: moq_lite::error: transport error err=session error
03-17 15:13:20.733 29361 29487 W iroh_live:  WARN connect{remote=39a2b6c463}: moq_lite::lite::subscriber: subscribe error id=1 broadcast=pi-zero track=video/h264-openh264-360p err=transport error
03-17 15:13:20.734 29361 29495 W iroh_live:  WARN connect{remote=39a2b6c463}: moq_lite::lite::subscriber: subscribe error id=0 broadcast=pi-zero track=catalog.json err=transport error
03-17 15:13:20.735 29361 29495 D iroh_live: DEBUG moq_media::subscribe: subscribed broadcast closed: moq lite error: transport error
03-17 15:13:20.748 29361 29526 D iroh_live: DEBUG videodec{name=video/h264-openh264-360p decoder=h264-android-hw}: moq_media::pipeline: decode_loop: slow push_packet t=28.363404ms
03-17 15:13:20.771 29361 29493 E iroh_live: ERROR moq_media::pipeline: forward_packets: failed to read from source: moq lite error: transport error: transport error
03-17 15:13:20.797 29361 29526 D iroh_live: DEBUG videodec{name=video/h264-openh264-360p decoder=h264-android-hw}: moq_media::pipeline: decode_loop: slow push_packet t=26.21517ms
03-17 15:13:20.804 29361 29484 I IrohLiveDemo: EGL teardown complete
03-17 15:13:20.839 29361 29526 D iroh_live: DEBUG videodec{name=video/h264-openh264-360p decoder=h264-android-hw}: moq_media::pipeline: decode_loop: slow push_packet t=20.005534ms
03-17 15:13:20.860 29361 29526 D iroh_live: DEBUG videodec{name=video/h264-openh264-360p decoder=h264-android-hw}: moq_media::pipeline: decode_loop: frame gap (stutter) gap=189.078776ms buf_len=4
03-17 15:13:20.887 29361 29526 D iroh_live: DEBUG videodec{name=video/h264-openh264-360p decoder=h264-android-hw}: moq_media::pipeline: decode_loop: slow push_packet t=26.830648ms
03-17 15:13:20.932 29361 29526 D iroh_live: DEBUG videodec{name=video/h264-openh264-360p decoder=h264-android-hw}: moq_media::pipeline: decode_loop: slow push_packet t=23.771036ms
03-17 15:13:20.966 29361 29526 W iroh_live:  WARN videodec{name=video/h264-openh264-360p decoder=h264-android-hw}: rusty_codecs::codec::android::hw_decoder: ImageReader: max images acquired, frame dropped
03-17 15:13:20.978 29361 29526 D iroh_live: DEBUG videodec{name=video/h264-openh264-360p decoder=h264-android-hw}: moq_media::pipeline: decode_loop: slow push_packet t=24.834351ms
03-17 15:13:21.002 29361 29526 W iroh_live:  WARN videodec{name=video/h264-openh264-360p decoder=h264-android-hw}: rusty_codecs::codec::android::hw_decoder: ImageReader: max images acquired, frame dropped
03-17 15:13:21.012 29361 29526 D iroh_live: DEBUG videodec{name=video/h264-openh264-360p decoder=h264-android-hw}: moq_media::pipeline: decode_loop: slow push_packet t=23.895101ms
03-17 15:13:21.036 29361 29526 W iroh_live:  WARN videodec{name=video/h264-openh264-360p decoder=h264-android-hw}: rusty_codecs::codec::android::hw_decoder: ImageReader: max images acquired, frame dropped
03-17 15:13:21.047 29361 29526 D iroh_live: DEBUG videodec{name=video/h264-openh264-360p decoder=h264-android-hw}: moq_media::pipeline: decode_loop: slow push_packet t=23.085896ms
03-17 15:13:21.070 29361 29526 W iroh_live:  WARN videodec{name=video/h264-openh264-360p decoder=h264-android-hw}: rusty_codecs::codec::android::hw_decoder: ImageReader: max images acquired, frame dropped
03-17 15:13:21.082 29361 29526 D iroh_live: DEBUG videodec{name=video/h264-openh264-360p decoder=h264-android-hw}: moq_media::pipeline: decode_loop: slow push_packet t=24.467651ms
03-17 15:13:21.109 29361 29526 W iroh_live:  WARN videodec{name=video/h264-openh264-360p decoder=h264-android-hw}: rusty_codecs::codec::android::hw_decoder: ImageReader: max images acquired, frame dropped
03-17 15:13:21.121 29361 29526 D iroh_live: DEBUG videodec{name=video/h264-openh264-360p decoder=h264-android-hw}: moq_media::pipeline: decode_loop: slow push_packet t=27.557292ms
03-17 15:13:21.148 29361 29526 D iroh_live: DEBUG videodec{name=video/h264-openh264-360p decoder=h264-android-hw}: moq_media::pipeline: decode_loop: slow push_packet t=13.865763ms
03-17 15:13:21.150 29361 29526 W iroh_live:  WARN videodec{name=video/h264-openh264-360p decoder=h264-android-hw}: rusty_codecs::codec::android::hw_decoder: ImageReader: max images acquired, frame dropped
03-17 15:13:21.175 29361 29526 W iroh_live:  WARN videodec{name=video/h264-openh264-360p decoder=h264-android-hw}: rusty_codecs::codec::android::hw_decoder: ImageReader: max images acquired, frame dropped
03-17 15:13:21.186 29361 29526 D iroh_live: DEBUG videodec{name=video/h264-openh264-360p decoder=h264-android-hw}: moq_media::pipeline: decode_loop: slow push_packet t=24.784302ms
03-17 15:13:21.210 29361 29526 W iroh_live:  WARN videodec{name=video/h264-openh264-360p decoder=h264-android-hw}: rusty_codecs::codec::android::hw_decoder: ImageReader: max images acquired, frame dropped
03-17 15:13:21.222 29361 29526 D iroh_live: DEBUG videodec{name=video/h264-openh264-360p decoder=h264-android-hw}: moq_media::pipeline: decode_loop: slow push_packet t=24.742228ms
03-17 15:13:21.247 29361 29526 D iroh_live: DEBUG videodec{name=video/h264-openh264-360p decoder=h264-android-hw}: moq_media::pipeline: decode_loop: slow push_packet t=14.517903ms
03-17 15:13:21.251 29361 29526 W iroh_live:  WARN videodec{name=video/h264-openh264-360p decoder=h264-android-hw}: rusty_codecs::codec::android::hw_decoder: ImageReader: max images acquired, frame dropped
03-17 15:13:21.276 29361 29526 W iroh_live:  WARN videodec{name=video/h264-openh264-360p decoder=h264-android-hw}: rusty_codecs::codec::android::hw_decoder: ImageReader: max images acquired, frame dropped
03-17 15:13:21.288 29361 29526 D iroh_live: DEBUG videodec{name=video/h264-openh264-360p decoder=h264-android-hw}: moq_media::pipeline: decode_loop: slow push_packet t=25.426758ms
03-17 15:13:21.314 29361 29526 D iroh_live: DEBUG videodec{name=video/h264-openh264-360p decoder=h264-android-hw}: moq_media::pipeline: decode_loop: slow push_packet t=15.132975ms
03-17 15:13:21.317 29361 29526 W iroh_live:  WARN videodec{name=video/h264-openh264-360p decoder=h264-android-hw}: rusty_codecs::codec::android::hw_decoder: ImageReader: max images acquired, frame dropped
03-17 15:13:21.342 29361 29526 D iroh_live: DEBUG videodec{name=video/h264-openh264-360p decoder=h264-android-hw}: moq_media::pipeline: decode_loop: slow push_packet t=13.741943ms
03-17 15:13:21.350 29361 29526 W iroh_live:  WARN videodec{name=video/h264-openh264-360p decoder=h264-android-hw}: rusty_codecs::codec::android::hw_decoder: ImageReader: max images acquired, frame dropped
03-17 15:13:21.376 29361 29526 W iroh_live:  WARN videodec{name=video/h264-openh264-360p decoder=h264-android-hw}: rusty_codecs::codec::android::hw_decoder: ImageReader: max images acquired, frame dropped
03-17 15:13:21.387 29361 29526 D iroh_live: DEBUG videodec{name=video/h264-openh264-360p decoder=h264-android-hw}: moq_media::pipeline: decode_loop: slow push_packet t=25.376953ms
03-17 15:13:21.410 29361 29526 W iroh_live:  WARN videodec{name=video/h264-openh264-360p decoder=h264-android-hw}: rusty_codecs::codec::android::hw_decoder: ImageReader: max images acquired, frame dropped
03-17 15:13:21.421 29361 29526 D iroh_live: DEBUG videodec{name=video/h264-openh264-360p decoder=h264-android-hw}: moq_media::pipeline: decode_loop: slow push_packet t=23.1639ms
03-17 15:13:21.443 29361 29526 W iroh_live:  WARN videodec{name=video/h264-openh264-360p decoder=h264-android-hw}: rusty_codecs::codec::android::hw_decoder: ImageReader: max images acquired, frame dropped
03-17 15:13:21.456 29361 29526 D iroh_live: DEBUG videodec{name=video/h264-openh264-360p decoder=h264-android-hw}: moq_media::pipeline: decode_loop: slow push_packet t=24.068766ms
