[cargo-make] INFO - cargo make 0.37.24
[cargo-make] INFO - 
[cargo-make] INFO - Build File: Makefile.toml
[cargo-make] INFO - Task: run-on-device
[cargo-make] INFO - Profile: development
[cargo-make] INFO - Execute Command: "cargo" "ndk" "-t" "arm64-v8a" "-P" "26" "--link-libcxx-shared" "-o" "app/src/main/jniLibs" "build" "-p" "iroh-live-android" "--release"
    Building arm64-v8a (aarch64-linux-android)
    Finished `release` profile [optimized + debuginfo] target(s) in 0.23s
     Copying libraries to /home/bit/Code/rust/iroh-live/android-demo/app/src/main/jniLibs
[cargo-make] INFO - Running Task: clean-jni
[cargo-make] INFO - Execute Command: "/home/bit/Android/Sdk/ndk/28.0.12674087/toolchains/llvm/prebuilt/linux-x86_64/bin/llvm-strip" "app/src/main/jniLibs/arm64-v8a/libiroh_live_android.so"
[cargo-make] INFO - Execute Command: "./gradlew" "assembleDebug"
> Task :app:preBuild UP-TO-DATE
> Task :app:preDebugBuild UP-TO-DATE
> Task :app:mergeDebugNativeDebugMetadata NO-SOURCE
> Task :app:checkKotlinGradlePluginConfigurationErrors SKIPPED
> Task :app:checkDebugAarMetadata UP-TO-DATE
> Task :app:generateDebugResValues UP-TO-DATE
> Task :app:mapDebugSourceSetPaths UP-TO-DATE
> Task :app:generateDebugResources UP-TO-DATE
> Task :app:mergeDebugResources UP-TO-DATE
> Task :app:packageDebugResources UP-TO-DATE
> Task :app:parseDebugLocalResources UP-TO-DATE
> Task :app:createDebugCompatibleScreenManifests UP-TO-DATE
> Task :app:extractDeepLinksDebug UP-TO-DATE
> Task :app:processDebugMainManifest UP-TO-DATE
> Task :app:processDebugManifest UP-TO-DATE
> Task :app:processDebugManifestForPackage UP-TO-DATE
> Task :app:processDebugResources UP-TO-DATE
> Task :app:compileDebugKotlin UP-TO-DATE
> Task :app:javaPreCompileDebug UP-TO-DATE
> Task :app:compileDebugJavaWithJavac NO-SOURCE
> Task :app:mergeDebugShaders UP-TO-DATE
> Task :app:compileDebugShaders NO-SOURCE
> Task :app:generateDebugAssets UP-TO-DATE
> Task :app:mergeDebugAssets UP-TO-DATE
> Task :app:compressDebugAssets UP-TO-DATE
> Task :app:desugarDebugFileDependencies UP-TO-DATE
> Task :app:dexBuilderDebug UP-TO-DATE
> Task :app:mergeDebugGlobalSynthetics UP-TO-DATE
> Task :app:processDebugJavaRes UP-TO-DATE
> Task :app:mergeDebugJavaResource UP-TO-DATE
> Task :app:checkDebugDuplicateClasses UP-TO-DATE
> Task :app:mergeExtDexDebug UP-TO-DATE
> Task :app:mergeLibDexDebug UP-TO-DATE
> Task :app:mergeProjectDexDebug UP-TO-DATE
> Task :app:mergeDebugJniLibFolders UP-TO-DATE
> Task :app:mergeDebugNativeLibs UP-TO-DATE
> Task :app:stripDebugDebugSymbols UP-TO-DATE
> Task :app:validateSigningDebug UP-TO-DATE
> Task :app:writeDebugAppMetadata UP-TO-DATE
> Task :app:writeDebugSigningConfigVersions UP-TO-DATE
> Task :app:packageDebug UP-TO-DATE
> Task :app:createDebugApkListingFileRedirect UP-TO-DATE
> Task :app:assembleDebug UP-TO-DATE

BUILD SUCCESSFUL in 545ms
35 actionable tasks: 35 up-to-date
[cargo-make] INFO - Running Task: apk
APK ready: app/build/outputs/apk/debug/app-debug.apk
[cargo-make] INFO - Execute Command: "/home/bit/Android/Sdk/platform-tools/adb" "install" "-r" "app/build/outputs/apk/debug/app-debug.apk"
Performing Streamed Install
Success
[cargo-make] INFO - Running Task: run-on-device
Starting: Intent { cmp=com.n0.irohlive.demo/.MainActivity }
--------- beginning of main
03-16 10:15:08.635 10430 10687 D iroh_live: DEBUG iroh_relay::dns: Failed to read the system's DNS config, using fallback DNS servers. error=proto error: io error: No such file or directory (os error 2)
03-16 10:15:08.637 10430 10687 D iroh_live: DEBUG iroh::socket::transports::ip: binding addr=0.0.0.0:0
03-16 10:15:08.638 10430 10687 D iroh_live: DEBUG iroh::socket::transports::ip: successfully bound addr=0.0.0.0:0 local_addr=0.0.0.0:44681
03-16 10:15:08.638 10430 10687 D iroh_live: DEBUG iroh::socket::transports::ip: binding addr=[::]:0
03-16 10:15:08.638 10430 10687 D iroh_live: DEBUG iroh::socket::transports::ip: successfully bound addr=[::]:0 local_addr=[::]:42807
03-16 10:15:08.714 10430 10687 D iroh_live: DEBUG iroh::socket: scheduling periodic_stun to run immediately and in 22s
03-16 10:15:08.714 10430 10687 D iroh_live: DEBUG iroh::_events::direct_addrs: addrs={DirectAddr { addr: 192.0.0.4:44681, typ: Local }, DirectAddr { addr: 192.168.178.141:44681, typ: Local }, DirectAddr { addr: [2a01:599:b2e:8a85:d5ed:b4fe:c8b6:7998]:42807, typ: Local }, DirectAddr { addr: [2a01:59f:ca0f:7c29:6374:e61a:d65e:a50d]:42807, typ: Local }}
03-16 10:15:08.714 10430 10687 D iroh_live: DEBUG iroh::endpoint: iroh Endpoint created version="0.96.1"
03-16 10:15:08.714 10430 10687 D iroh_live: DEBUG iroh::address_lookup::pkarr: creating pkarr publisher that publishes to https://dns.iroh.link/pkarr
03-16 10:15:08.715 10430 10687 I iroh_live:  INFO iroh_live::live: endpoint bound endpoint_id=1fb6c10acb62c251928d77f1a4a645b3b166f6b53a879b591fbca666d6397bc9
03-16 10:15:08.715 10430 10692 D iroh_live: DEBUG pkarr_publish{me=1fb6c10acb}: iroh::address_lookup::pkarr: Publish endpoint info to pkarr data=EndpointData { addrs: {Ip(192.0.0.4:44681), Ip(192.168.178.141:44681), Ip([2a01:599:b2e:8a85:d5ed:b4fe:c8b6:7998]:42807), Ip([2a01:59f:ca0f:7c29:6374:e61a:d65e:a50d]:42807)}, user_data: None } pkarr_relay=https://dns.iroh.link/pkarr
03-16 10:15:08.715 10430 10698 D iroh_live: DEBUG actor: iroh::socket: starting direct addr update (Periodic)
03-16 10:15:08.715 10430 10698 D iroh_live: DEBUG actor: iroh::socket: requesting net_report report
03-16 10:15:08.715 10430 10698 D iroh_live: DEBUG actor: iroh::net_report: net_report starting do_full=true
03-16 10:15:08.716 10430 10698 D iroh_live: DEBUG actor: iroh::net_report: v4 QAD probe relay.url=RelayUrl("https://aps1-1.relay.n0.iroh-canary.iroh.link./")
03-16 10:15:08.717 10430 10698 D iroh_live: DEBUG actor: iroh::net_report: v6 QAD probe relay.url=RelayUrl("https://aps1-1.relay.n0.iroh-canary.iroh.link./")
03-16 10:15:08.718 10430 10687 I iroh_live:  INFO iroh_live_android: connecting to broadcast broadcast=hello
03-16 10:15:08.719 10430 10694 D iroh_live: DEBUG gossip{me=1fb6c10acb}: iroh_gossip::net: handle in_event event=UpdatePeerData(PeerData(58b))
03-16 10:15:08.720 10430 10698 D iroh_live: DEBUG actor: iroh::net_report: v4 QAD probe relay.url=RelayUrl("https://euc1-1.relay.n0.iroh-canary.iroh.link./")
03-16 10:15:08.720 10430 10698 D iroh_live: DEBUG actor: iroh::net_report: v6 QAD probe relay.url=RelayUrl("https://euc1-1.relay.n0.iroh-canary.iroh.link./")
03-16 10:15:08.720 10430 10698 D iroh_live: DEBUG actor: iroh::net_report: v4 QAD probe relay.url=RelayUrl("https://use1-1.relay.n0.iroh-canary.iroh.link./")
03-16 10:15:08.720 10430 10698 D iroh_live: DEBUG actor: iroh::net_report: v6 QAD probe relay.url=RelayUrl("https://use1-1.relay.n0.iroh-canary.iroh.link./")
03-16 10:15:08.720 10430 10698 D iroh_live: DEBUG actor: iroh::net_report: v4 QAD probe relay.url=RelayUrl("https://usw1-1.relay.n0.iroh-canary.iroh.link./")
03-16 10:15:08.720 10430 10698 D iroh_live: DEBUG actor: iroh::net_report: v6 QAD probe relay.url=RelayUrl("https://usw1-1.relay.n0.iroh-canary.iroh.link./")
03-16 10:15:08.720 10430 10694 D iroh_live: DEBUG gossip{me=1fb6c10acb}: iroh_gossip::net: handle in_event event=UpdatePeerData(PeerData(58b))
03-16 10:15:08.746 10430 10691 W iroh_live:  WARN actor:QADv6{relay_url=https://aps1-1.relay.n0.iroh-canary.iroh.link./}:drive{id=0}:poll_send{dst=Ip([2a01:4ff:2f0:2403::1]:7842) src=None len=1200}: iroh_quinn_udp: sendmsg error: Os { code: 101, kind: NetworkUnreachable, message: "Network is unreachable" }, Transmit: { destination: [2a01:4ff:2f0:2403::1]:7842, src_ip: None, ecn: Some(Ect0), len: 1200, segment_size: None }
03-16 10:15:08.920 10430 10691 D iroh_live: DEBUG actor:reportgen-actor:run-probe{proto=Https delay=200ms relay=RelayConfig { url: RelayUrl("https://euc1-1.relay.n0.iroh-canary.iroh.link./"), quic: Some(RelayQuicConfig { port: 7842 }) }}: iroh::net_report::reportgen: starting probe
03-16 10:15:08.921 10430 10696 D iroh_live: DEBUG actor:reportgen-actor:run-probe{proto=Https delay=200ms relay=RelayConfig { url: RelayUrl("https://aps1-1.relay.n0.iroh-canary.iroh.link./"), quic: Some(RelayQuicConfig { port: 7842 }) }}: iroh::net_report::reportgen: starting probe
03-16 10:15:08.924 10430 10691 D iroh_live: DEBUG actor:reportgen-actor:run-probe{proto=Https delay=200ms relay=RelayConfig { url: RelayUrl("https://use1-1.relay.n0.iroh-canary.iroh.link./"), quic: Some(RelayQuicConfig { port: 7842 }) }}: iroh::net_report::reportgen: starting probe
03-16 10:15:08.924 10430 10693 D iroh_live: DEBUG actor:reportgen-actor:run-probe{proto=Https delay=200ms relay=RelayConfig { url: RelayUrl("https://usw1-1.relay.n0.iroh-canary.iroh.link./"), quic: Some(RelayQuicConfig { port: 7842 }) }}: iroh::net_report::reportgen: starting probe
03-16 10:15:08.983 10430 10699 D iroh_live: DEBUG actor:QADv4{relay_url=https://aps1-1.relay.n0.iroh-canary.iroh.link./}:drive{id=1}: iroh_quinn_proto::connection: ECN not acknowledged by peer
03-16 10:15:09.012 10430 10697 D iroh_live: DEBUG relay-actor: iroh::socket::transports::relay::actor: Adding relay connection url=RelayUrl("https://euc1-1.relay.n0.iroh-canary.iroh.link./")
03-16 10:15:09.012 10430 10697 D iroh_live: DEBUG relay-actor: iroh::socket::transports::relay::actor: 0 active relay conns
03-16 10:15:09.012 10430 10697 D iroh_live: DEBUG relay-actor: iroh::socket::transports::relay::actor: 1 active relay conns: relay-https://euc1-1.relay.n0.iroh-canary.iroh.link./
03-16 10:15:09.012 10430 10697 D iroh_live: DEBUG relay-actor:active-relay{url=https://euc1-1.relay.n0.iroh-canary.iroh.link./}:dialing: iroh_relay::client: Dialing relay by websocket dial_url=wss://euc1-1.relay.n0.iroh-canary.iroh.link./relay
03-16 10:15:09.016 10430 10693 D iroh_live: DEBUG actor:QADv4{relay_url=https://euc1-1.relay.n0.iroh-canary.iroh.link./}:drive{id=5}: iroh_quinn_proto::connection: ECN not acknowledged by peer
03-16 10:15:09.020 10430 10697 D iroh_live: DEBUG actor:reportgen-actor:run-probe{proto=Https delay=300ms relay=RelayConfig { url: RelayUrl("https://euc1-1.relay.n0.iroh-canary.iroh.link./"), quic: Some(RelayQuicConfig { port: 7842 }) }}: iroh::net_report::reportgen: starting probe
03-16 10:15:09.021 10430 10699 D iroh_live: DEBUG actor:reportgen-actor:run-probe{proto=Https delay=300ms relay=RelayConfig { url: RelayUrl("https://aps1-1.relay.n0.iroh-canary.iroh.link./"), quic: Some(RelayQuicConfig { port: 7842 }) }}: iroh::net_report::reportgen: starting probe
03-16 10:15:09.024 10430 10693 D iroh_live: DEBUG actor:reportgen-actor:run-probe{proto=Https delay=300ms relay=RelayConfig { url: RelayUrl("https://usw1-1.relay.n0.iroh-canary.iroh.link./"), quic: Some(RelayQuicConfig { port: 7842 }) }}: iroh::net_report::reportgen: starting probe
03-16 10:15:09.024 10430 10699 D iroh_live: DEBUG actor:reportgen-actor:run-probe{proto=Https delay=300ms relay=RelayConfig { url: RelayUrl("https://use1-1.relay.n0.iroh-canary.iroh.link./"), quic: Some(RelayQuicConfig { port: 7842 }) }}: iroh::net_report::reportgen: starting probe
03-16 10:15:09.029 10430 10693 D iroh_live: DEBUG actor:QADv4{relay_url=https://aps1-1.relay.n0.iroh-canary.iroh.link./}:drive{id=1}: iroh_quinn_proto::transport_parameters: address discovery enabled for peer role=SendOnly
03-16 10:15:09.030 10430 10693 D iroh_live: DEBUG actor:QADv4: iroh::net_report: probe report r=QadProbeReport { relay: RelayUrl("https://aps1-1.relay.n0.iroh-canary.iroh.link./"), latency: 183.755249ms, addr: 78.94.215.137:44681 }
03-16 10:15:09.047 10430 10695 D iroh_live: DEBUG relay-actor:active-relay{url=https://euc1-1.relay.n0.iroh-canary.iroh.link./}:dialing: iroh_relay::client::tls: TCP stream connected server_addr=Ok(162.55.211.167:443) local_addr=192.168.178.141:60534
03-16 10:15:09.047 10430 10695 D iroh_live: DEBUG relay-actor:active-relay{url=https://euc1-1.relay.n0.iroh-canary.iroh.link./}:dialing: iroh_relay::client::tls: Starting TLS handshake
03-16 10:15:09.049 10430 10693 D iroh_live: DEBUG actor:QADv4{relay_url=https://euc1-1.relay.n0.iroh-canary.iroh.link./}:drive{id=5}: iroh_quinn_proto::transport_parameters: address discovery enabled for peer role=SendOnly
03-16 10:15:09.049 10430 10693 D iroh_live: DEBUG actor:QADv4: iroh::net_report: probe report r=QadProbeReport { relay: RelayUrl("https://euc1-1.relay.n0.iroh-canary.iroh.link./"), latency: 54.787435ms, addr: 78.94.215.137:44681 }
03-16 10:15:09.079 10430 10699 D iroh_live: DEBUG relay-actor:active-relay{url=https://euc1-1.relay.n0.iroh-canary.iroh.link./}:dialing: iroh_relay::client::tls: tls_connector connect success
03-16 10:15:09.079 10430 10699 D iroh_live: DEBUG relay-actor:active-relay{url=https://euc1-1.relay.n0.iroh-canary.iroh.link./}:dialing: iroh_relay::client: Using TLS key export for relay client authentication
03-16 10:15:09.118 10430 10699 D iroh_live: DEBUG actor:QADv4{relay_url=https://use1-1.relay.n0.iroh-canary.iroh.link./}:drive{id=7}: iroh_quinn_proto::connection: ECN not acknowledged by peer
03-16 10:15:09.121 10430 10691 D iroh_live: DEBUG actor:reportgen-actor:run-probe{proto=Https delay=400ms relay=RelayConfig { url: RelayUrl("https://euc1-1.relay.n0.iroh-canary.iroh.link./"), quic: Some(RelayQuicConfig { port: 7842 }) }}: iroh::net_report::reportgen: starting probe
03-16 10:15:09.121 10430 10699 D iroh_live: DEBUG actor:reportgen-actor:run-probe{proto=Https delay=400ms relay=RelayConfig { url: RelayUrl("https://aps1-1.relay.n0.iroh-canary.iroh.link./"), quic: Some(RelayQuicConfig { port: 7842 }) }}: iroh::net_report::reportgen: starting probe
03-16 10:15:09.124 10430 10699 D iroh_live: DEBUG actor:reportgen-actor:run-probe{proto=Https delay=400ms relay=RelayConfig { url: RelayUrl("https://usw1-1.relay.n0.iroh-canary.iroh.link./"), quic: Some(RelayQuicConfig { port: 7842 }) }}: iroh::net_report::reportgen: starting probe
03-16 10:15:09.124 10430 10691 D iroh_live: DEBUG actor:reportgen-actor:run-probe{proto=Https delay=400ms relay=RelayConfig { url: RelayUrl("https://use1-1.relay.n0.iroh-canary.iroh.link./"), quic: Some(RelayQuicConfig { port: 7842 }) }}: iroh::net_report::reportgen: starting probe
03-16 10:15:09.151 10430 10693 D iroh_live: DEBUG actor:QADv4{relay_url=https://usw1-1.relay.n0.iroh-canary.iroh.link./}:drive{id=2}: iroh_quinn_proto::connection: ECN not acknowledged by peer
03-16 10:15:09.156 10430 10699 D iroh_live: DEBUG relay-actor:active-relay{url=https://euc1-1.relay.n0.iroh-canary.iroh.link./}:dialing: iroh::_events::net::relay::connected: url=https://euc1-1.relay.n0.iroh-canary.iroh.link./
03-16 10:15:09.156 10430 10699 D iroh_live: DEBUG relay-actor:active-relay{url=https://euc1-1.relay.n0.iroh-canary.iroh.link./}:connected: iroh::socket::transports::relay::actor: Actor loop: connected to relay
03-16 10:15:09.156 10430 10699 D iroh_live: DEBUG relay-actor:active-relay{url=https://euc1-1.relay.n0.iroh-canary.iroh.link./}:connected: iroh::_events::relay::connected: url=https://euc1-1.relay.n0.iroh-canary.iroh.link./ home_relay=false
03-16 10:15:09.157 10430 10691 D iroh_live: DEBUG relay-actor:active-relay{url=https://euc1-1.relay.n0.iroh-canary.iroh.link./}:connected: iroh_relay::ping_tracker: Sending ping to relay server. data=[243, 58, 58, 247, 150, 31, 30, 250]
03-16 10:15:09.173 10430 10699 D iroh_live: DEBUG actor:QADv4{relay_url=https://use1-1.relay.n0.iroh-canary.iroh.link./}:drive{id=7}: iroh_quinn_proto::transport_parameters: address discovery enabled for peer role=SendOnly
03-16 10:15:09.173 10430 10699 D iroh_live: DEBUG actor:QADv4: iroh::net_report: probe report r=QadProbeReport { relay: RelayUrl("https://use1-1.relay.n0.iroh-canary.iroh.link./"), latency: 113.981038ms, addr: 78.94.215.137:44681 }
03-16 10:15:09.207 10430 10699 D iroh_live: DEBUG actor:reportgen-actor:captive-portal: iroh::net_report::reportgen: check_captive_portal url=http://use1-1.relay.n0.iroh-canary.iroh.link./generate_204 status_code=204 No Content valid_response=true
03-16 10:15:09.237 10430 10693 D iroh_live: DEBUG relay-actor:active-relay{url=https://euc1-1.relay.n0.iroh-canary.iroh.link./}:connected: iroh_relay::ping_tracker: Pong received from relay server data=[243, 58, 58, 247, 150, 31, 30, 250]
03-16 10:15:09.237 10430 10693 D iroh_live: DEBUG connect{remote=9eb6111fd1}:connect{me=1fb6c10acb alpn="moq-lite-03" remote=9eb6111fd1}:drive{id=8}: iroh_quinn_proto::connection: ECN not acknowledged by peer
03-16 10:15:09.238 10430 10693 D iroh_live: DEBUG connect{remote=9eb6111fd1}:connect{me=1fb6c10acb alpn="moq-lite-03" remote=9eb6111fd1}:drive{id=8}: iroh_quinn_proto::connection: multipath negotiated initial_max_path_id=12
03-16 10:15:09.238 10430 10693 D iroh_live: DEBUG connect{remote=9eb6111fd1}:connect{me=1fb6c10acb alpn="moq-lite-03" remote=9eb6111fd1}:drive{id=8}: iroh_quinn_proto::connection: iroh hole punching negotiated max_remote_addresses=12 max_local_addresses=12
03-16 10:15:09.238 10430 10693 W iroh_live:  WARN connect{remote=9eb6111fd1}:connect{me=1fb6c10acb alpn="moq-lite-03" remote=9eb6111fd1}:drive{id=8}: iroh_quinn_proto::connection: remote server configuration might cause nat traversal issues max_local_addresses=12 remote_cid_limit=5
03-16 10:15:09.238 10430 10697 D iroh_live: DEBUG RemoteStateActor{me=1fb6c10acb remote=9eb6111fd1}:handle_message{msg=AddConnection(..)}: iroh::_events::path::set_status: remote=9eb6111fd1 path_remote=Relay(https://euc1-1.relay.n0.iroh-canary.iroh.link./, 9eb6111fd1) path_status=Backup conn_id=ConnId(223524763904496) path_id=0 res=Ok(())
03-16 10:15:09.239 10430 10697 D iroh_live: DEBUG RemoteStateActor{me=1fb6c10acb remote=9eb6111fd1}:handle_message{msg=AddConnection(..)}:select_path: iroh::_events::path::selected: remote=9eb6111fd1 path_remote=Relay(https://euc1-1.relay.n0.iroh-canary.iroh.link./, 9eb6111fd1) rtt=225.709554ms prev_remote=Ok(None)
03-16 10:15:09.239 10430 10697 D iroh_live: DEBUG RemoteStateActor{me=1fb6c10acb remote=9eb6111fd1}:handle_message{msg=AddConnection(..)}:select_path:open_path{open_addr=Relay(https://euc1-1.relay.n0.iroh-canary.iroh.link./, 9eb6111fd1)}: iroh::_events::path::set_status: remote=9eb6111fd1 open_addr=Relay(https://euc1-1.relay.n0.iroh-canary.iroh.link./, 9eb6111fd1) path_status=Backup conn_id=ConnId(223524763904496) path_id=0 res=Ok(())
03-16 10:15:09.239 10430 10697 D iroh_live: DEBUG RemoteStateActor{me=1fb6c10acb remote=9eb6111fd1}:handle_message{msg=AddConnection(..)}:do_holepunching: iroh::_events::qnt::init: remote=9eb6111fd1 local_candidates={192.0.0.4:44681, 192.168.178.141:44681, [2a01:599:b2e:8a85:d5ed:b4fe:c8b6:7998]:42807, [2a01:59f:ca0f:7c29:6374:e61a:d65e:a50d]:42807} remote_candidates={}
03-16 10:15:09.239 10430 10697 D iroh_live: DEBUG connect{remote=9eb6111fd1}: iroh::endpoint: Connection established. me=1fb6c10acb remote=9eb6111fd1 alpn=moq-lite-03
03-16 10:15:09.239 10430 10697 D iroh_live: DEBUG connect{remote=9eb6111fd1}: moq_lite::client: connected version=Draft03
03-16 10:15:09.239 10430 10697 I iroh_live:  INFO LiveActor: iroh_moq: connected remote=9eb6111fd1
03-16 10:15:09.239 10430 10697 I iroh_live:  INFO LiveActor: iroh_moq: handle new incoming session
03-16 10:15:09.239 10430 10687 I iroh_live:  INFO iroh_live::live: new peer connected id=9eb6111fd1629d54dade96ed97b9fbe7c2a8834e697549bb420f581a7c47f754
03-16 10:15:09.297 10430 10695 D iroh_live: DEBUG connect{remote=9eb6111fd1}:connect{me=1fb6c10acb alpn="moq-lite-03" remote=9eb6111fd1}:drive{id=8}: iroh_quinn_proto::connection::paths: remote changed path status status=Backup seq=1
03-16 10:15:09.298 10430 10699 D iroh_live: DEBUG RemoteStateActor{me=1fb6c10acb remote=9eb6111fd1}:do_holepunching: iroh_quinn_proto::connection: path added validated=false path_id=1 network_path=(local: <unspecified>, remote: [::ffff:78.94.215.137]:39949)
03-16 10:15:09.298 10430 10699 D iroh_live: DEBUG RemoteStateActor{me=1fb6c10acb remote=9eb6111fd1}:do_holepunching: iroh_quinn_proto::connection: path added validated=false path_id=2 network_path=(local: <unspecified>, remote: [::ffff:192.168.178.107]:39949)
03-16 10:15:09.298 10430 10699 D iroh_live: DEBUG RemoteStateActor{me=1fb6c10acb remote=9eb6111fd1}:do_holepunching: iroh::_events::qnt::init: remote=9eb6111fd1 local_candidates={192.0.0.4:44681, 192.168.178.141:44681, [2a01:599:b2e:8a85:d5ed:b4fe:c8b6:7998]:42807, [2a01:59f:ca0f:7c29:6374:e61a:d65e:a50d]:42807} remote_candidates={78.94.215.137:39949, 192.168.178.107:39949}
03-16 10:15:09.326 10430 10695 D iroh_live: DEBUG actor:QADv4{relay_url=https://usw1-1.relay.n0.iroh-canary.iroh.link./}:drive{id=2}: iroh_quinn_proto::transport_parameters: address discovery enabled for peer role=SendOnly
03-16 10:15:09.327 10430 10695 D iroh_live: DEBUG actor:QADv4: iroh::net_report: probe report r=QadProbeReport { relay: RelayUrl("https://usw1-1.relay.n0.iroh-canary.iroh.link./"), latency: 217.174398ms, addr: 78.94.215.137:44681 }
03-16 10:15:09.429 10430 10695 D iroh_live: DEBUG connect{remote=9eb6111fd1}: moq_lite::lite::subscriber: announce broadcast=hello
03-16 10:15:09.432 10430 10693 D iroh_live: DEBUG RemoteStateActor{me=1fb6c10acb remote=9eb6111fd1}:handle_path_event{conn_id=ConnId(223524763904496) event=Ok(Opened { id: PathId(2) })}: iroh::_events::path::open: remote=9eb6111fd1 path_remote=Ip(192.168.178.107:39949) conn_id=ConnId(223524763904496) path_id=2
03-16 10:15:09.432 10430 10693 D iroh_live: DEBUG RemoteStateActor{me=1fb6c10acb remote=9eb6111fd1}:handle_path_event{conn_id=ConnId(223524763904496) event=Ok(Opened { id: PathId(2) })}:select_path: iroh::_events::path::selected: remote=9eb6111fd1 path_remote=Ip(192.168.178.107:39949) rtt=3.618489ms prev_remote=Ok(Some(Relay(https://euc1-1.relay.n0.iroh-canary.iroh.link./, 9eb6111fd1)))
03-16 10:15:09.432 10430 10687 D iroh_live: DEBUG iroh_moq: peer announced broadcast: hello
03-16 10:15:09.433 10430 10693 D iroh_live: DEBUG RemoteStateActor{me=1fb6c10acb remote=9eb6111fd1}:handle_path_event{conn_id=ConnId(223524763904496) event=Ok(Opened { id: PathId(2) })}:select_path:open_path{open_addr=Ip(192.168.178.107:39949)}: iroh::_events::path::set_status: remote=9eb6111fd1 open_addr=Ip(192.168.178.107:39949) path_status=Available conn_id=ConnId(223524763904496) path_id=2 res=Ok(())
03-16 10:15:09.434 10430 10697 I iroh_live:  INFO connect{remote=9eb6111fd1}: moq_lite::lite::subscriber: subscribe started id=0 broadcast=hello track=catalog.json
03-16 10:15:09.445 10430 10695 I iroh_live:  INFO connect{remote=9eb6111fd1}: moq_lite::lite::subscriber: subscribe started id=1 broadcast=hello track=video/h264-openh264-1080p
03-16 10:15:09.577 10430 10687 I iroh_live:  INFO rusty_codecs::codec::android::decoder: H.264 Android MediaCodec decoder ready width=1920 height=1080
03-16 10:15:09.577 10430 10687 I iroh_live:  INFO rusty_codecs::codec::dynamic: using Android MediaCodec H.264 decoder
03-16 10:15:09.577 10430 10729 I iroh_live:  INFO videodec{name=video/h264-openh264-1080p decoder=h264-android}: moq_media::pipeline: decode start
03-16 10:15:09.577 10430 10729 I iroh_live:  INFO videodec{name=video/h264-openh264-1080p decoder=h264-android}: moq_media::pipeline: playout buffer sized from decoder burst burst_size=4 framerate=30.0 buffer_ms=133
03-16 10:15:09.577 10430 10729 D iroh_live: DEBUG videodec{name=video/h264-openh264-1080p decoder=h264-android}: moq_media::playout: playout clock: buffer updated old_buffer_ms=0 new_buffer_ms=133
03-16 10:15:09.731 10430 10695 W iroh_live:  WARN pkarr_publish{me=1fb6c10acb}: iroh::address_lookup::pkarr: Failed to publish to pkarr err=Error sending http request: error sending request for url (https://dns.iroh.link/pkarr/d65cnnsmcmbfdrwpq9a4jj1fsqasp7ii8kd3sse9z1ugpit3xxro): client error (Connect): dns error: Resolve failed ipv4: deadline has elapsed, ipv6 deadline has elapsed url=https://dns.iroh.link/pkarr retry_after=1s failed_attempts=1
03-16 10:15:09.812 10430 10729 D iroh_live: DEBUG videodec{name=video/h264-openh264-1080p decoder=h264-android}: moq_media::pipeline: decode_loop: slow push_packet t=18.592447ms
03-16 10:15:09.823 10430 10729 D iroh_live: DEBUG videodec{name=video/h264-openh264-1080p decoder=h264-android}: moq_media::pipeline: decode_loop: status frames_pushed=0 frames_popped=0 buf_len=0 buffer_ms=133 jitter_ms=0 total_drift_ms=0 reanchor_count=0
03-16 10:15:09.831 10430 10729 D iroh_live: DEBUG videodec{name=video/h264-openh264-1080p decoder=h264-android}: rusty_codecs::codec::android::decoder: decoder output format changed width=1440 height=1080 stride=1472 slice_height=1088
03-16 10:15:09.855 10430 10729 W iroh_live:  WARN videodec{name=video/h264-openh264-1080p decoder=h264-android}: rusty_codecs::codec::android::decoder: decoder output buffer too small for NV12 len=2402272 expected=2402304
03-16 10:15:09.856 10430 10729 D iroh_live: DEBUG videodec{name=video/h264-openh264-1080p decoder=h264-android}: rusty_codecs::codec::android::decoder: decoder output format changed width=1440 height=1080 stride=1440 slice_height=1080
03-16 10:15:09.885 10430 10729 D iroh_live: DEBUG videodec{name=video/h264-openh264-1080p decoder=h264-android}: moq_media::pipeline: decode_loop: slow push_packet t=62.129883ms
03-16 10:15:09.895 10430 10729 D iroh_live: DEBUG videodec{name=video/h264-openh264-1080p decoder=h264-android}: moq_media::playout: playout clock: anchored (first frame) buffer_ms=133 pts_ms=33
03-16 10:15:09.936 10430 10729 D iroh_live: DEBUG videodec{name=video/h264-openh264-1080p decoder=h264-android}: moq_media::pipeline: decode_loop: slow push_packet t=30.51416ms
03-16 10:15:09.984 10430 10729 D iroh_live: DEBUG videodec{name=video/h264-openh264-1080p decoder=h264-android}: moq_media::pipeline: decode_loop: slow push_packet t=26.835856ms
03-16 10:15:10.044 10430 10729 D iroh_live: DEBUG videodec{name=video/h264-openh264-1080p decoder=h264-android}: moq_media::pipeline: decode_loop: slow push_packet t=36.262654ms
03-16 10:15:10.067 10430 10729 D iroh_live: DEBUG videodec{name=video/h264-openh264-1080p decoder=h264-android}: moq_media::pipeline: decode_loop: frame gap (stutter) gap=489.25175ms buf_len=3
03-16 10:15:10.101 10430 10729 D iroh_live: DEBUG videodec{name=video/h264-openh264-1080p decoder=h264-android}: moq_media::pipeline: decode_loop: slow push_packet t=34.028931ms
03-16 10:15:10.124 10430 10729 D iroh_live: DEBUG videodec{name=video/h264-openh264-1080p decoder=h264-android}: moq_media::pipeline: decode_loop: frame gap (stutter) gap=56.711263ms buf_len=2
03-16 10:15:10.164 10430 10729 D iroh_live: DEBUG videodec{name=video/h264-openh264-1080p decoder=h264-android}: moq_media::pipeline: decode_loop: slow push_packet t=40.521281ms
03-16 10:15:10.189 10430 10729 D iroh_live: DEBUG videodec{name=video/h264-openh264-1080p decoder=h264-android}: moq_media::pipeline: decode_loop: frame gap (stutter) gap=65.145305ms buf_len=2
03-16 10:15:10.227 10430 10729 D iroh_live: DEBUG videodec{name=video/h264-openh264-1080p decoder=h264-android}: moq_media::pipeline: decode_loop: slow push_packet t=37.448283ms
03-16 10:15:10.237 10430 10729 D iroh_live: DEBUG videodec{name=video/h264-openh264-1080p decoder=h264-android}: moq_media::playout: playout clock: re-anchored after buffer underrun late_by_ms=8 buffer_ms=133 total_drift_ms=8 reanchor_count=1 pts_ms=233
03-16 10:15:10.282 10430 10729 D iroh_live: DEBUG videodec{name=video/h264-openh264-1080p decoder=h264-android}: moq_media::pipeline: decode_loop: slow push_packet t=34.367798ms
03-16 10:15:10.347 10430 10729 D iroh_live: DEBUG videodec{name=video/h264-openh264-1080p decoder=h264-android}: moq_media::pipeline: decode_loop: slow push_packet t=42.011841ms
03-16 10:15:10.407 10430 10729 D iroh_live: DEBUG videodec{name=video/h264-openh264-1080p decoder=h264-android}: moq_media::pipeline: decode_loop: slow push_packet t=38.382487ms
03-16 10:15:10.429 10430 10729 D iroh_live: DEBUG videodec{name=video/h264-openh264-1080p decoder=h264-android}: moq_media::pipeline: decode_loop: frame gap (stutter) gap=239.615112ms buf_len=4
03-16 10:15:10.469 10430 10729 D iroh_live: DEBUG videodec{name=video/h264-openh264-1080p decoder=h264-android}: moq_media::pipeline: decode_loop: slow push_packet t=40.141399ms
03-16 10:15:10.491 10430 10729 D iroh_live: DEBUG videodec{name=video/h264-openh264-1080p decoder=h264-android}: moq_media::pipeline: decode_loop: frame gap (stutter) gap=61.728393ms buf_len=2
03-16 10:15:10.527 10430 10729 D iroh_live: DEBUG videodec{name=video/h264-openh264-1080p decoder=h264-android}: moq_media::pipeline: decode_loop: slow push_packet t=36.415324ms
03-16 10:15:10.538 10430 10729 D iroh_live: DEBUG videodec{name=video/h264-openh264-1080p decoder=h264-android}: moq_media::playout: playout clock: re-anchored after buffer underrun late_by_ms=0 buffer_ms=133 total_drift_ms=9 reanchor_count=2 pts_ms=400
03-16 10:15:10.581 10430 10729 D iroh_live: DEBUG videodec{name=video/h264-openh264-1080p decoder=h264-android}: moq_media::pipeline: decode_loop: slow push_packet t=31.99117ms
03-16 10:15:10.646 10430 10729 D iroh_live: DEBUG videodec{name=video/h264-openh264-1080p decoder=h264-android}: moq_media::pipeline: decode_loop: slow push_packet t=43.511068ms
03-16 10:15:10.681 10430 10729 D iroh_live: DEBUG videodec{name=video/h264-openh264-1080p decoder=h264-android}: moq_media::pipeline: decode_loop: slow push_packet t=13.586303ms
03-16 10:15:10.699 10430 10693 D iroh_live: DEBUG actor:reportgen-actor: iroh::net_report::reportgen: all regular probes done
03-16 10:15:10.730 10430 10729 D iroh_live: DEBUG videodec{name=video/h264-openh264-1080p decoder=h264-android}: moq_media::pipeline: decode_loop: frame gap (stutter) gap=238.970499ms buf_len=4
03-16 10:15:10.731 10430 10699 D iroh_live: DEBUG pkarr_publish{me=1fb6c10acb}: iroh::address_lookup::pkarr: Publish endpoint info to pkarr (interval elapsed)
03-16 10:15:10.731 10430 10699 D iroh_live: DEBUG pkarr_publish{me=1fb6c10acb}: iroh::address_lookup::pkarr: Publish endpoint info to pkarr data=EndpointData { addrs: {Ip(192.0.0.4:44681), Ip(192.168.178.141:44681), Ip([2a01:599:b2e:8a85:d5ed:b4fe:c8b6:7998]:42807), Ip([2a01:59f:ca0f:7c29:6374:e61a:d65e:a50d]:42807)}, user_data: None } pkarr_relay=https://dns.iroh.link/pkarr
03-16 10:15:10.747 10430 10729 D iroh_live: DEBUG videodec{name=video/h264-openh264-1080p decoder=h264-android}: moq_media::pipeline: decode_loop: slow push_packet t=17.190674ms
03-16 10:15:10.794 10430 10729 D iroh_live: DEBUG videodec{name=video/h264-openh264-1080p decoder=h264-android}: moq_media::pipeline: decode_loop: frame gap (stutter) gap=64.159953ms buf_len=2
03-16 10:15:10.807 10430 10729 D iroh_live: DEBUG videodec{name=video/h264-openh264-1080p decoder=h264-android}: moq_media::pipeline: decode_loop: slow push_packet t=12.744426ms
03-16 10:15:10.847 10430 10729 D iroh_live: DEBUG videodec{name=video/h264-openh264-1080p decoder=h264-android}: moq_media::pipeline: decode_loop: frame gap (stutter) gap=52.763143ms buf_len=1
03-16 10:15:10.860 10430 10729 D iroh_live: DEBUG videodec{name=video/h264-openh264-1080p decoder=h264-android}: moq_media::pipeline: decode_loop: slow push_packet t=13.14856ms
03-16 10:15:10.891 10430 10729 D iroh_live: DEBUG videodec{name=video/h264-openh264-1080p decoder=h264-android}: moq_media::playout: playout clock: re-anchored after buffer underrun late_by_ms=20 buffer_ms=133 total_drift_ms=29 reanchor_count=3 pts_ms=600
03-16 10:15:10.915 10430 10729 D iroh_live: DEBUG videodec{name=video/h264-openh264-1080p decoder=h264-android}: moq_media::pipeline: decode_loop: slow push_packet t=13.032512ms
03-16 10:15:10.975 10430 10729 D iroh_live: DEBUG videodec{name=video/h264-openh264-1080p decoder=h264-android}: moq_media::pipeline: decode_loop: slow push_packet t=14.550334ms
03-16 10:15:11.037 10430 10729 D iroh_live: DEBUG videodec{name=video/h264-openh264-1080p decoder=h264-android}: moq_media::pipeline: decode_loop: slow push_packet t=13.360352ms
03-16 10:15:11.083 10430 10729 D iroh_live: DEBUG videodec{name=video/h264-openh264-1080p decoder=h264-android}: moq_media::pipeline: decode_loop: frame gap (stutter) gap=236.235392ms buf_len=3
03-16 10:15:11.097 10430 10729 D iroh_live: DEBUG videodec{name=video/h264-openh264-1080p decoder=h264-android}: moq_media::pipeline: decode_loop: slow push_packet t=13.718017ms
03-16 10:15:11.146 10430 10729 D iroh_live: DEBUG videodec{name=video/h264-openh264-1080p decoder=h264-android}: moq_media::pipeline: decode_loop: frame gap (stutter) gap=62.684896ms buf_len=2
03-16 10:15:11.161 10430 10729 D iroh_live: DEBUG videodec{name=video/h264-openh264-1080p decoder=h264-android}: moq_media::pipeline: decode_loop: slow push_packet t=14.48995ms
03-16 10:15:11.198 10430 10729 D iroh_live: DEBUG videodec{name=video/h264-openh264-1080p decoder=h264-android}: moq_media::playout: playout clock: re-anchored after buffer underrun late_by_ms=6 buffer_ms=133 total_drift_ms=36 reanchor_count=4 pts_ms=766
03-16 10:15:11.224 10430 10729 D iroh_live: DEBUG videodec{name=video/h264-openh264-1080p decoder=h264-android}: moq_media::pipeline: decode_loop: slow push_packet t=13.760702ms
03-16 10:15:11.293 10430 10729 D iroh_live: DEBUG videodec{name=video/h264-openh264-1080p decoder=h264-android}: moq_media::pipeline: decode_loop: slow push_packet t=14.771892ms
03-16 10:15:11.347 10430 10729 D iroh_live: DEBUG videodec{name=video/h264-openh264-1080p decoder=h264-android}: moq_media::pipeline: decode_loop: frame gap (stutter) gap=200.137166ms buf_len=3
03-16 10:15:11.359 10430 10729 D iroh_live: DEBUG videodec{name=video/h264-openh264-1080p decoder=h264-android}: moq_media::pipeline: decode_loop: slow push_packet t=12.605346ms
03-16 10:15:11.404 10430 10729 D iroh_live: DEBUG videodec{name=video/h264-openh264-1080p decoder=h264-android}: moq_media::pipeline: decode_loop: frame gap (stutter) gap=57.301554ms buf_len=2
03-16 10:15:11.419 10430 10729 D iroh_live: DEBUG videodec{name=video/h264-openh264-1080p decoder=h264-android}: moq_media::pipeline: decode_loop: slow push_packet t=14.172363ms
03-16 10:15:11.462 10430 10729 D iroh_live: DEBUG videodec{name=video/h264-openh264-1080p decoder=h264-android}: moq_media::pipeline: decode_loop: frame gap (stutter) gap=57.429484ms buf_len=1
03-16 10:15:11.475 10430 10729 D iroh_live: DEBUG videodec{name=video/h264-openh264-1080p decoder=h264-android}: moq_media::pipeline: decode_loop: slow push_packet t=13.303426ms
03-16 10:15:11.509 10430 10729 D iroh_live: DEBUG videodec{name=video/h264-openh264-1080p decoder=h264-android}: moq_media::playout: playout clock: re-anchored after buffer underrun late_by_ms=10 buffer_ms=133 total_drift_ms=47 reanchor_count=5 pts_ms=933
03-16 10:15:11.535 10430 10729 D iroh_live: DEBUG videodec{name=video/h264-openh264-1080p decoder=h264-android}: moq_media::pipeline: decode_loop: slow push_packet t=14.941406ms
03-16 10:15:11.595 10430 10729 D iroh_live: DEBUG videodec{name=video/h264-openh264-1080p decoder=h264-android}: moq_media::pipeline: decode_loop: slow push_packet t=14.642903ms
03-16 10:15:11.654 10430 10729 D iroh_live: DEBUG videodec{name=video/h264-openh264-1080p decoder=h264-android}: moq_media::pipeline: decode_loop: slow push_packet t=13.437419ms
03-16 10:15:11.703 10430 10729 D iroh_live: DEBUG videodec{name=video/h264-openh264-1080p decoder=h264-android}: moq_media::pipeline: decode_loop: frame gap (stutter) gap=240.938924ms buf_len=4
03-16 10:15:11.716 10430 10729 D iroh_live: DEBUG videodec{name=video/h264-openh264-1080p decoder=h264-android}: moq_media::pipeline: decode_loop: slow push_packet t=13.07841ms
03-16 10:15:11.728 10430 10699 D iroh_live: DEBUG actor:QADv6: iroh::net_report: probe timed out
03-16 10:15:11.728 10430 10699 D iroh_live: DEBUG actor: iroh::net_report: enough probes: 4
03-16 10:15:11.729 10430 10699 D iroh_live: DEBUG actor: iroh::net_report: generated report in 3013ms report=Report { udp_v4: true, udp_v6: false, mapping_varies_by_dest_ipv4: Some(false), mapping_varies_by_dest_ipv6: None, preferred_relay: Some(RelayUrl("https://euc1-1.relay.n0.iroh-canary.iroh.link./")), relay_latency: RelayLatencies { ipv4: {RelayUrl("https://aps1-1.relay.n0.iroh-canary.iroh.link./"): 183.755249ms, RelayUrl("https://euc1-1.relay.n0.iroh-canary.iroh.link./"): 54.787435ms, RelayUrl("https://use1-1.relay.n0.iroh-canary.iroh.link./"): 113.981038ms, RelayUrl("https://usw1-1.relay.n0.iroh-canary.iroh.link./"): 217.174398ms}, ipv6: {}, https: {RelayUrl("https://aps1-1.relay.n0.iroh-canary.iroh.link./"): 733.70341ms, RelayUrl("https://euc1-1.relay.n0.iroh-canary.iroh.link./"): 132.70756ms, RelayUrl("https://use1-1.relay.n0.iroh-canary.iroh.link./"): 462.047689ms, RelayUrl("https://usw1-1.relay.n0.iroh-canary.iroh.link./"): 759.208333ms} }, global_v4: Some(78.94.215.137:44681), global_v6: None, captive_portal: Some(false) }
03-16 10:15:11.730 10430 10699 D iroh_live: DEBUG actor: iroh::socket: direct addr update done (Periodic)
03-16 10:15:11.732 10430 10699 D iroh_live: DEBUG actor: iroh::_events::direct_addrs: addrs={DirectAddr { addr: 78.94.215.137:44681, typ: Qad }, DirectAddr { addr: 192.0.0.4:44681, typ: Local }, DirectAddr { addr: 192.168.178.141:44681, typ: Local }, DirectAddr { addr: [2a01:599:b2e:8a85:d5ed:b4fe:c8b6:7998]:42807, typ: Local }, DirectAddr { addr: [2a01:59f:ca0f:7c29:6374:e61a:d65e:a50d]:42807, typ: Local }}
03-16 10:15:11.732 10430 10699 D iroh_live: DEBUG actor: iroh::socket: scheduling periodic_stun to run in 23s
03-16 10:15:11.732 10430 10695 D iroh_live: DEBUG gossip{me=1fb6c10acb}: iroh_gossip::net: handle in_event event=UpdatePeerData(PeerData(66b))
03-16 10:15:11.732 10430 10693 D iroh_live: DEBUG RemoteStateActor{me=1fb6c10acb remote=9eb6111fd1}:do_holepunching: iroh::_events::qnt::init: remote=9eb6111fd1 local_candidates={78.94.215.137:44681, 192.0.0.4:44681, 192.168.178.141:44681, [2a01:599:b2e:8a85:d5ed:b4fe:c8b6:7998]:42807, [2a01:59f:ca0f:7c29:6374:e61a:d65e:a50d]:42807} remote_candidates={78.94.215.137:39949, 192.168.178.107:39949}
03-16 10:15:11.733 10430 10697 I iroh_live:  INFO relay-actor: iroh::socket::transports::relay::actor: home is now relay https://euc1-1.relay.n0.iroh-canary.iroh.link./, was None
03-16 10:15:11.734 10430 10699 D iroh_live: DEBUG pkarr_publish{me=1fb6c10acb}: iroh::address_lookup::pkarr: Publish endpoint info to pkarr (info changed)
03-16 10:15:11.734 10430 10699 D iroh_live: DEBUG pkarr_publish{me=1fb6c10acb}: iroh::address_lookup::pkarr: Publish endpoint info to pkarr data=EndpointData { addrs: {Relay(RelayUrl("https://euc1-1.relay.n0.iroh-canary.iroh.link./"))}, user_data: None } pkarr_relay=https://dns.iroh.link/pkarr
03-16 10:15:11.735 10430 10697 D iroh_live: DEBUG relay-actor:active-relay{url=https://euc1-1.relay.n0.iroh-canary.iroh.link./}:connected: iroh::_events::relay::home_changed: url=https://euc1-1.relay.n0.iroh-canary.iroh.link./ home_relay=true
03-16 10:15:11.737 10430 10691 D iroh_live: DEBUG gossip{me=1fb6c10acb}: iroh_gossip::net: handle in_event event=UpdatePeerData(PeerData(114b))
03-16 10:15:11.763 10430 10729 D iroh_live: DEBUG videodec{name=video/h264-openh264-1080p decoder=h264-android}: moq_media::pipeline: decode_loop: frame gap (stutter) gap=60.265829ms buf_len=2
03-16 10:15:11.776 10430 10729 D iroh_live: DEBUG videodec{name=video/h264-openh264-1080p decoder=h264-android}: moq_media::pipeline: decode_loop: slow push_packet t=12.404704ms
03-16 10:15:11.823 10430 10729 D iroh_live: DEBUG videodec{name=video/h264-openh264-1080p decoder=h264-android}: moq_media::pipeline: decode_loop: slow push_packet t=12.00236ms
03-16 10:15:11.854 10430 10729 D iroh_live: DEBUG videodec{name=video/h264-openh264-1080p decoder=h264-android}: moq_media::playout: playout clock: re-anchored after buffer underrun late_by_ms=10 buffer_ms=133 total_drift_ms=58 reanchor_count=6 pts_ms=1133
03-16 10:15:11.878 10430 10729 D iroh_live: DEBUG videodec{name=video/h264-openh264-1080p decoder=h264-android}: moq_media::pipeline: decode_loop: slow push_packet t=13.61792ms
03-16 10:15:11.929 10430 10729 D iroh_live: DEBUG videodec{name=video/h264-openh264-1080p decoder=h264-android}: moq_media::pipeline: decode_loop: slow push_packet t=12.004842ms
03-16 10:15:11.986 10430 10729 D iroh_live: DEBUG videodec{name=video/h264-openh264-1080p decoder=h264-android}: moq_media::pipeline: decode_loop: slow push_packet t=13.941732ms
03-16 10:15:12.029 10430 10729 D iroh_live: DEBUG videodec{name=video/h264-openh264-1080p decoder=h264-android}: moq_media::pipeline: decode_loop: frame gap (stutter) gap=217.324137ms buf_len=3
03-16 10:15:12.041 10430 10729 D iroh_live: DEBUG videodec{name=video/h264-openh264-1080p decoder=h264-android}: moq_media::pipeline: decode_loop: slow push_packet t=12.66219ms
03-16 10:15:12.088 10430 10729 D iroh_live: DEBUG videodec{name=video/h264-openh264-1080p decoder=h264-android}: moq_media::pipeline: decode_loop: frame gap (stutter) gap=59.829589ms buf_len=2
03-16 10:15:12.104 10430 10729 D iroh_live: DEBUG videodec{name=video/h264-openh264-1080p decoder=h264-android}: moq_media::pipeline: decode_loop: slow push_packet t=15.125895ms
03-16 10:15:12.152 10430 10729 D iroh_live: DEBUG videodec{name=video/h264-openh264-1080p decoder=h264-android}: moq_media::pipeline: decode_loop: frame gap (stutter) gap=63.214274ms buf_len=1
03-16 10:15:12.165 10430 10729 D iroh_live: DEBUG videodec{name=video/h264-openh264-1080p decoder=h264-android}: moq_media::pipeline: decode_loop: slow push_packet t=12.719523ms
03-16 10:15:12.196 10430 10729 D iroh_live: DEBUG videodec{name=video/h264-openh264-1080p decoder=h264-android}: moq_media::playout: playout clock: re-anchored after buffer underrun late_by_ms=8 buffer_ms=133 total_drift_ms=66 reanchor_count=7 pts_ms=1333
03-16 10:15:12.222 10430 10729 D iroh_live: DEBUG videodec{name=video/h264-openh264-1080p decoder=h264-android}: moq_media::pipeline: decode_loop: slow push_packet t=15.988118ms
03-16 10:15:12.282 10430 10729 D iroh_live: DEBUG videodec{name=video/h264-openh264-1080p decoder=h264-android}: moq_media::pipeline: decode_loop: slow push_packet t=13.405029ms
03-16 10:15:12.341 10430 10729 D iroh_live: DEBUG videodec{name=video/h264-openh264-1080p decoder=h264-android}: moq_media::pipeline: decode_loop: slow push_packet t=12.513346ms
03-16 10:15:12.371 10430 10697 D iroh_live: DEBUG connect{remote=9eb6111fd1}:connect{me=1fb6c10acb alpn="moq-lite-03" remote=9eb6111fd1}:drive{id=8}: iroh_quinn_proto::connection: new path validation failed
03-16 10:15:12.372 10430 10697 D iroh_live: DEBUG RemoteStateActor{me=1fb6c10acb remote=9eb6111fd1}:handle_path_event{conn_id=ConnId(223524763904496) event=Ok(LocallyClosed { id: PathId(1), error: ValidationFailed })}: iroh::socket::remote_map::remote_state: path not in path_id_map
03-16 10:15:12.387 10430 10729 D iroh_live: DEBUG videodec{name=video/h264-openh264-1080p decoder=h264-android}: moq_media::pipeline: decode_loop: frame gap (stutter) gap=235.467204ms buf_len=4
03-16 10:15:12.403 10430 10729 D iroh_live: DEBUG videodec{name=video/h264-openh264-1080p decoder=h264-android}: moq_media::pipeline: decode_loop: slow push_packet t=15.064656ms
03-16 10:15:12.455 10430 10729 D iroh_live: DEBUG videodec{name=video/h264-openh264-1080p decoder=h264-android}: moq_media::pipeline: decode_loop: frame gap (stutter) gap=67.11613ms buf_len=2
03-16 10:15:12.470 10430 10729 D iroh_live: DEBUG videodec{name=video/h264-openh264-1080p decoder=h264-android}: moq_media::pipeline: decode_loop: slow push_packet t=15.401937ms
03-16 10:15:12.502 10430 10729 D iroh_live: DEBUG videodec{name=video/h264-openh264-1080p decoder=h264-android}: moq_media::playout: playout clock: re-anchored after buffer underrun late_by_ms=6 buffer_ms=133 total_drift_ms=72 reanchor_count=8 pts_ms=1500
03-16 10:15:12.525 10430 10729 D iroh_live: DEBUG videodec{name=video/h264-openh264-1080p decoder=h264-android}: moq_media::pipeline: decode_loop: slow push_packet t=12.412028ms
03-16 10:15:12.584 10430 10729 D iroh_live: DEBUG videodec{name=video/h264-openh264-1080p decoder=h264-android}: moq_media::pipeline: decode_loop: slow push_packet t=13.98466ms
03-16 10:15:12.646 10430 10729 D iroh_live: DEBUG videodec{name=video/h264-openh264-1080p decoder=h264-android}: moq_media::pipeline: decode_loop: slow push_packet t=13.250895ms
03-16 10:15:12.689 10430 10729 D iroh_live: DEBUG videodec{name=video/h264-openh264-1080p decoder=h264-android}: moq_media::pipeline: decode_loop: frame gap (stutter) gap=234.487712ms buf_len=4
03-16 10:15:12.702 10430 10729 D iroh_live: DEBUG videodec{name=video/h264-openh264-1080p decoder=h264-android}: moq_media::pipeline: decode_loop: slow push_packet t=12.193725ms
03-16 10:15:12.746 10430 10729 D iroh_live: DEBUG videodec{name=video/h264-openh264-1080p decoder=h264-android}: moq_media::pipeline: decode_loop: frame gap (stutter) gap=56.411459ms buf_len=2
03-16 10:15:12.758 10430 10729 D iroh_live: DEBUG videodec{name=video/h264-openh264-1080p decoder=h264-android}: moq_media::pipeline: decode_loop: slow push_packet t=12.040568ms
03-16 10:15:12.802 10430 10729 D iroh_live: DEBUG videodec{name=video/h264-openh264-1080p decoder=h264-android}: moq_media::pipeline: decode_loop: frame gap (stutter) gap=55.924113ms buf_len=1
03-16 10:15:12.816 10430 10729 D iroh_live: DEBUG videodec{name=video/h264-openh264-1080p decoder=h264-android}: moq_media::pipeline: decode_loop: slow push_packet t=13.415853ms
03-16 10:15:12.847 10430 10729 D iroh_live: DEBUG videodec{name=video/h264-openh264-1080p decoder=h264-android}: moq_media::playout: playout clock: re-anchored after buffer underrun late_by_ms=12 buffer_ms=133 total_drift_ms=85 reanchor_count=9 pts_ms=1700
03-16 10:15:12.871 10430 10729 D iroh_live: DEBUG videodec{name=video/h264-openh264-1080p decoder=h264-android}: moq_media::pipeline: decode_loop: slow push_packet t=12.828084ms
03-16 10:15:12.932 10430 10729 D iroh_live: DEBUG videodec{name=video/h264-openh264-1080p decoder=h264-android}: moq_media::pipeline: decode_loop: slow push_packet t=13.555664ms
03-16 10:15:12.993 10430 10729 D iroh_live: DEBUG videodec{name=video/h264-openh264-1080p decoder=h264-android}: moq_media::pipeline: decode_loop: slow push_packet t=13.104818ms
03-16 10:15:13.040 10430 10729 D iroh_live: DEBUG videodec{name=video/h264-openh264-1080p decoder=h264-android}: moq_media::pipeline: decode_loop: frame gap (stutter) gap=237.518107ms buf_len=3
03-16 10:15:13.053 10430 10729 D iroh_live: DEBUG videodec{name=video/h264-openh264-1080p decoder=h264-android}: moq_media::pipeline: decode_loop: slow push_packet t=12.903646ms
03-16 10:15:13.098 10430 10729 D iroh_live: DEBUG videodec{name=video/h264-openh264-1080p decoder=h264-android}: moq_media::pipeline: decode_loop: frame gap (stutter) gap=57.693034ms buf_len=2
03-16 10:15:13.113 10430 10729 D iroh_live: DEBUG videodec{name=video/h264-openh264-1080p decoder=h264-android}: moq_media::pipeline: decode_loop: slow push_packet t=14.968262ms
03-16 10:15:13.160 10430 10729 D iroh_live: DEBUG videodec{name=video/h264-openh264-1080p decoder=h264-android}: moq_media::pipeline: decode_loop: slow push_packet t=12.122721ms
03-16 10:15:13.190 10430 10729 D iroh_live: DEBUG videodec{name=video/h264-openh264-1080p decoder=h264-android}: moq_media::playout: playout clock: re-anchored after buffer underrun late_by_ms=9 buffer_ms=133 total_drift_ms=94 reanchor_count=10 pts_ms=1900
03-16 10:15:13.213 10430 10729 D iroh_live: DEBUG videodec{name=video/h264-openh264-1080p decoder=h264-android}: moq_media::pipeline: decode_loop: slow push_packet t=11.912313ms
03-16 10:15:13.272 10430 10729 D iroh_live: DEBUG videodec{name=video/h264-openh264-1080p decoder=h264-android}: moq_media::pipeline: decode_loop: slow push_packet t=16.033244ms
03-16 10:15:13.332 10430 10729 D iroh_live: DEBUG videodec{name=video/h264-openh264-1080p decoder=h264-android}: moq_media::pipeline: decode_loop: slow push_packet t=14.376587ms
03-16 10:15:13.386 10430 10729 D iroh_live: DEBUG videodec{name=video/h264-openh264-1080p decoder=h264-android}: moq_media::pipeline: decode_loop: frame gap (stutter) gap=237.597575ms buf_len=3
03-16 10:15:13.401 10430 10729 D iroh_live: DEBUG videodec{name=video/h264-openh264-1080p decoder=h264-android}: moq_media::pipeline: decode_loop: slow push_packet t=15.426066ms
03-16 10:15:13.459 10430 10729 D iroh_live: DEBUG videodec{name=video/h264-openh264-1080p decoder=h264-android}: moq_media::pipeline: decode_loop: slow push_packet t=46.510376ms
03-16 10:15:13.472 10430 10729 D iroh_live: DEBUG videodec{name=video/h264-openh264-1080p decoder=h264-android}: moq_media::playout: playout clock: re-anchored after buffer underrun late_by_ms=15 buffer_ms=133 total_drift_ms=109 reanchor_count=11 pts_ms=2033
03-16 10:15:13.511 10430 10729 D iroh_live: DEBUG videodec{name=video/h264-openh264-1080p decoder=h264-android}: moq_media::pipeline: decode_loop: slow push_packet t=14.455363ms
03-16 10:15:13.569 10430 10729 D iroh_live: DEBUG videodec{name=video/h264-openh264-1080p decoder=h264-android}: moq_media::pipeline: decode_loop: slow push_packet t=13.712077ms
03-16 10:15:13.627 10430 10729 D iroh_live: DEBUG videodec{name=video/h264-openh264-1080p decoder=h264-android}: moq_media::pipeline: decode_loop: frame gap (stutter) gap=213.594646ms buf_len=4
03-16 10:15:13.639 10430 10729 D iroh_live: DEBUG videodec{name=video/h264-openh264-1080p decoder=h264-android}: moq_media::pipeline: decode_loop: slow push_packet t=12.550577ms
03-16 10:15:13.701 10430 10729 D iroh_live: DEBUG videodec{name=video/h264-openh264-1080p decoder=h264-android}: moq_media::pipeline: decode_loop: slow push_packet t=50.723958ms
03-16 10:15:13.733 10430 10729 D iroh_live: DEBUG videodec{name=video/h264-openh264-1080p decoder=h264-android}: moq_media::pipeline: decode_loop: frame gap (stutter) gap=82.458618ms buf_len=3
03-16 10:15:13.745 10430 10729 D iroh_live: DEBUG videodec{name=video/h264-openh264-1080p decoder=h264-android}: moq_media::pipeline: decode_loop: slow push_packet t=12.453654ms
