03-17 15:09:35.570 28042 28394 D iroh_live: DEBUG videodec{name=video/h264-openh264-360p decoder=h264-android-hw}: moq_media::pipeline: decode_loop: slow push_packet t=22.590861ms
03-17 15:09:35.609 28042 28394 D iroh_live: DEBUG videodec{name=video/h264-openh264-360p decoder=h264-android-hw}: moq_media::pipeline: decode_loop: slow push_packet t=17.624552ms
03-17 15:09:35.650 28042 28394 D iroh_live: DEBUG videodec{name=video/h264-openh264-360p decoder=h264-android-hw}: moq_media::pipeline: decode_loop: slow push_packet t=20.134685ms
03-17 15:09:35.688 28042 28394 D iroh_live: DEBUG videodec{name=video/h264-openh264-360p decoder=h264-android-hw}: moq_media::pipeline: decode_loop: slow push_packet t=17.550741ms
03-17 15:09:35.727 28042 28394 D iroh_live: DEBUG videodec{name=video/h264-openh264-360p decoder=h264-android-hw}: moq_media::pipeline: decode_loop: slow push_packet t=17.700317ms
03-17 15:09:35.738 28042 28394 D iroh_live: DEBUG videodec{name=video/h264-openh264-360p decoder=h264-android-hw}: moq_media::playout: playout clock: re-anchored after buffer underrun late_by_ms=4 buffer_ms=133 total_drift_ms=278 reanchor_count=17 pts_ms=11233
03-17 15:09:35.768 28042 28394 D iroh_live: DEBUG videodec{name=video/h264-openh264-360p decoder=h264-android-hw}: moq_media::pipeline: decode_loop: slow push_packet t=19.806315ms
03-17 15:09:35.810 28042 28394 D iroh_live: DEBUG videodec{name=video/h264-openh264-360p decoder=h264-android-hw}: moq_media::pipeline: decode_loop: slow push_packet t=20.783081ms
03-17 15:09:35.851 28042 28394 D iroh_live: DEBUG videodec{name=video/h264-openh264-360p decoder=h264-android-hw}: moq_media::pipeline: decode_loop: slow push_packet t=19.438558ms
03-17 15:09:35.873 28042 28394 D iroh_live: DEBUG videodec{name=video/h264-openh264-360p decoder=h264-android-hw}: moq_media::pipeline: decode_loop: frame gap (stutter) gap=163.248779ms buf_len=3
03-17 15:09:35.896 28042 28394 D iroh_live: DEBUG videodec{name=video/h264-openh264-360p decoder=h264-android-hw}: moq_media::pipeline: decode_loop: slow push_packet t=23.455566ms
03-17 15:09:35.945 28042 28394 D iroh_live: DEBUG videodec{name=video/h264-openh264-360p decoder=h264-android-hw}: moq_media::pipeline: decode_loop: slow push_packet t=24.227864ms
03-17 15:09:35.989 28042 28394 D iroh_live: DEBUG videodec{name=video/h264-openh264-360p decoder=h264-android-hw}: moq_media::pipeline: decode_loop: slow push_packet t=22.469849ms
03-17 15:09:36.030 28042 28394 D iroh_live: DEBUG videodec{name=video/h264-openh264-360p decoder=h264-android-hw}: moq_media::pipeline: decode_loop: slow push_packet t=19.570882ms
03-17 15:09:36.075 28042 28394 D iroh_live: DEBUG videodec{name=video/h264-openh264-360p decoder=h264-android-hw}: moq_media::pipeline: decode_loop: slow push_packet t=23.119792ms
03-17 15:09:36.122 28042 28394 D iroh_live: DEBUG videodec{name=video/h264-openh264-360p decoder=h264-android-hw}: moq_media::pipeline: decode_loop: slow push_packet t=26.092529ms
03-17 15:09:36.166 28042 28394 D iroh_live: DEBUG videodec{name=video/h264-openh264-360p decoder=h264-android-hw}: moq_media::pipeline: decode_loop: slow push_packet t=21.840128ms
03-17 15:09:36.201 28042 28394 D iroh_live: DEBUG videodec{name=video/h264-openh264-360p decoder=h264-android-hw}: moq_media::pipeline: decode_loop: slow push_packet t=13.385742ms
03-17 15:09:36.239 28042 28394 D iroh_live: DEBUG videodec{name=video/h264-openh264-360p decoder=h264-android-hw}: moq_media::pipeline: decode_loop: slow push_packet t=13.8667ms
03-17 15:09:36.276 28042 28394 D iroh_live: DEBUG videodec{name=video/h264-openh264-360p decoder=h264-android-hw}: moq_media::pipeline: decode_loop: slow push_packet t=14.566162ms
03-17 15:09:36.331 28042 28394 D iroh_live: DEBUG videodec{name=video/h264-openh264-360p decoder=h264-android-hw}: moq_media::pipeline: decode_loop: slow push_packet t=26.644083ms
03-17 15:09:36.341 28042 28394 D iroh_live: DEBUG videodec{name=video/h264-openh264-360p decoder=h264-android-hw}: moq_media::playout: playout clock: re-anchored after buffer underrun late_by_ms=3 buffer_ms=133 total_drift_ms=281 reanchor_count=18 pts_ms=11700
03-17 15:09:36.374 28042 28394 D iroh_live: DEBUG videodec{name=video/h264-openh264-360p decoder=h264-android-hw}: moq_media::pipeline: decode_loop: slow push_packet t=21.368775ms
03-17 15:09:36.420 28042 28394 D iroh_live: DEBUG videodec{name=video/h264-openh264-360p decoder=h264-android-hw}: moq_media::pipeline: decode_loop: slow push_packet t=22.450887ms
03-17 15:09:36.458 28042 28394 D iroh_live: DEBUG videodec{name=video/h264-openh264-360p decoder=h264-android-hw}: moq_media::pipeline: decode_loop: slow push_packet t=15.901449ms
03-17 15:09:36.483 28042 28394 D iroh_live: DEBUG videodec{name=video/h264-openh264-360p decoder=h264-android-hw}: moq_media::pipeline: decode_loop: frame gap (stutter) gap=179.08374ms buf_len=4
03-17 15:09:36.498 28042 28394 D iroh_live: DEBUG videodec{name=video/h264-openh264-360p decoder=h264-android-hw}: moq_media::pipeline: decode_loop: slow push_packet t=14.081543ms
03-17 15:09:36.545 28042 28394 D iroh_live: DEBUG videodec{name=video/h264-openh264-360p decoder=h264-android-hw}: moq_media::pipeline: decode_loop: slow push_packet t=21.623332ms
03-17 15:09:36.595 28042 28394 D iroh_live: DEBUG videodec{name=video/h264-openh264-360p decoder=h264-android-hw}: moq_media::pipeline: decode_loop: slow push_packet t=27.237753ms
03-17 15:09:36.639 28042 28394 D iroh_live: DEBUG videodec{name=video/h264-openh264-360p decoder=h264-android-hw}: moq_media::pipeline: decode_loop: slow push_packet t=22.037191ms
03-17 15:09:36.686 28042 28394 D iroh_live: DEBUG videodec{name=video/h264-openh264-360p decoder=h264-android-hw}: moq_media::pipeline: decode_loop: slow push_packet t=24.559326ms
03-17 15:09:36.731 28042 28394 D iroh_live: DEBUG videodec{name=video/h264-openh264-360p decoder=h264-android-hw}: moq_media::pipeline: decode_loop: slow push_packet t=23.658244ms
03-17 15:09:36.779 28042 28394 D iroh_live: DEBUG videodec{name=video/h264-openh264-360p decoder=h264-android-hw}: moq_media::pipeline: decode_loop: slow push_packet t=26.436076ms
03-17 15:09:36.821 28042 28394 D iroh_live: DEBUG videodec{name=video/h264-openh264-360p decoder=h264-android-hw}: moq_media::pipeline: decode_loop: slow push_packet t=20.503459ms
03-17 15:09:36.872 28042 28394 D iroh_live: DEBUG videodec{name=video/h264-openh264-360p decoder=h264-android-hw}: moq_media::pipeline: decode_loop: slow push_packet t=29.782796ms
03-17 15:09:36.884 28042 28394 D iroh_live: DEBUG videodec{name=video/h264-openh264-360p decoder=h264-android-hw}: moq_media::playout: playout clock: re-anchored after buffer underrun late_by_ms=9 buffer_ms=133 total_drift_ms=291 reanchor_count=19 pts_ms=12100
03-17 15:09:36.910 28042 28394 D iroh_live: DEBUG videodec{name=video/h264-openh264-360p decoder=h264-android-hw}: moq_media::pipeline: decode_loop: slow push_packet t=14.279663ms
03-17 15:09:36.962 28042 28394 D iroh_live: DEBUG videodec{name=video/h264-openh264-360p decoder=h264-android-hw}: moq_media::pipeline: decode_loop: slow push_packet t=24.742025ms
03-17 15:09:36.984 28042 28394 D iroh_live: DEBUG videodec{name=video/h264-openh264-360p decoder=h264-android-hw}: moq_media::pipeline: decode_loop: status frames_pushed=311 frames_popped=308 buf_len=3 buffer_ms=133 jitter_ms=10 total_drift_ms=291 reanchor_count=19
03-17 15:09:37.001 28042 28394 D iroh_live: DEBUG videodec{name=video/h264-openh264-360p decoder=h264-android-hw}: moq_media::pipeline: decode_loop: slow push_packet t=17.268066ms
03-17 15:09:37.026 28042 28394 D iroh_live: DEBUG videodec{name=video/h264-openh264-360p decoder=h264-android-hw}: moq_media::pipeline: decode_loop: frame gap (stutter) gap=183.615438ms buf_len=3
03-17 15:09:37.048 28042 28394 D iroh_live: DEBUG videodec{name=video/h264-openh264-360p decoder=h264-android-hw}: moq_media::pipeline: decode_loop: slow push_packet t=21.896688ms
03-17 15:09:37.086 28042 28394 D iroh_live: DEBUG videodec{name=video/h264-openh264-360p decoder=h264-android-hw}: moq_media::pipeline: decode_loop: slow push_packet t=15.06661ms
03-17 15:09:37.102 28042 28355 I IrohLiveDemo: EGL teardown complete
03-17 15:09:37.103 28042 28360 D iroh_live: DEBUG iroh_moq: closing session: cancelled remote=ba3d5d8210
03-17 15:09:37.103 28042 28362 D iroh_live: DEBUG gossip{me=57b1a66620}: iroh_gossip::net: received shutdown message, quit all topics
03-17 15:09:37.103 28042 28362 D iroh_live: DEBUG gossip{me=57b1a66620}: iroh_gossip::net: all topics quit, stop gossip actor
03-17 15:09:37.103 28042 28360 D iroh_live: DEBUG iroh_moq: closing session: Ok(()) remote=ba3d5d8210
03-17 15:09:37.103 28042 28363 W iroh_live:  WARN connect{remote=ba3d5d8210}: moq_lite::error: transport error err=session error
03-17 15:09:37.103 28042 28363 D iroh_live: DEBUG connect{remote=ba3d5d8210}: moq_lite::lite::subscriber: group error err=transport error group=15
03-17 15:09:37.103 28042 28363 W iroh_live:  WARN hang::container::consumer: error reading current group, skipping error=Moq(Transport)
03-17 15:09:37.103 28042 28363 W iroh_live:  WARN connect{remote=ba3d5d8210}: moq_lite::error: transport error err=connection error
03-17 15:09:37.104 28042 28360 I iroh_live:  INFO LiveActor: iroh_moq: session closed: Ok(()) remote=ba3d5d8210
03-17 15:09:37.104 28042 28363 I iroh_live:  INFO connect{remote=ba3d5d8210}: moq_lite::lite::session: session terminated
03-17 15:09:37.104 28042 28360 W iroh_live:  WARN connect{remote=ba3d5d8210}: moq_lite::error: transport error err=session error
03-17 15:09:37.104 28042 28360 W iroh_live:  WARN connect{remote=ba3d5d8210}: moq_lite::lite::subscriber: subscribe error id=1 broadcast=pi-zero track=video/h264-openh264-360p err=transport error
03-17 15:09:37.104 28042 28363 W iroh_live:  WARN connect{remote=ba3d5d8210}: moq_lite::error: transport error err=session error
03-17 15:09:37.104 28042 28363 D iroh_live: DEBUG connect{remote=ba3d5d8210}: moq_lite::lite::publisher: announcing cancelled prefix=
03-17 15:09:37.104 28042 28363 W iroh_live:  WARN connect{remote=ba3d5d8210}: moq_lite::error: transport error err=session error
03-17 15:09:37.104 28042 28363 W iroh_live:  WARN connect{remote=ba3d5d8210}: moq_lite::lite::subscriber: subscribe error id=0 broadcast=pi-zero track=catalog.json err=transport error
03-17 15:09:37.104 28042 28363 D iroh_live: DEBUG moq_media::subscribe: subscribed broadcast closed: moq lite error: transport error
03-17 15:09:37.104 28042 28365 D iroh_live: DEBUG endpoint{id=57b1a66620}:RemoteStateActor{remote=ba3d5d8210}: iroh::_events::conn::closed: conn_id=237292429601008 remote_id=ba3d5d8210 reason=LocallyClosed
03-17 15:09:37.104 28042 28363 E iroh_live: ERROR moq_media::pipeline: forward_packets: failed to read from source: moq lite error: transport error: transport error
03-17 15:09:37.138 28042 28394 D iroh_live: DEBUG videodec{name=video/h264-openh264-360p decoder=h264-android-hw}: moq_media::pipeline: decode_loop: slow push_packet t=23.457032ms
03-17 15:09:37.184 28042 28394 D iroh_live: DEBUG videodec{name=video/h264-openh264-360p decoder=h264-android-hw}: moq_media::pipeline: decode_loop: slow push_packet t=24.445434ms
03-17 15:09:37.231 28042 28394 D iroh_live: DEBUG videodec{name=video/h264-openh264-360p decoder=h264-android-hw}: moq_media::pipeline: decode_loop: slow push_packet t=25.28422ms
03-17 15:09:37.261 28042 28394 W iroh_live:  WARN videodec{name=video/h264-openh264-360p decoder=h264-android-hw}: rusty_codecs::codec::android::hw_decoder: ImageReader: max images acquired, frame dropped
03-17 15:09:37.272 28042 28394 D iroh_live: DEBUG videodec{name=video/h264-openh264-360p decoder=h264-android-hw}: moq_media::pipeline: decode_loop: slow push_packet t=20.129964ms
03-17 15:09:37.292 28042 28394 W iroh_live:  WARN videodec{name=video/h264-openh264-360p decoder=h264-android-hw}: rusty_codecs::codec::android::hw_decoder: ImageReader: max images acquired, frame dropped
03-17 15:09:37.303 28042 28394 D iroh_live: DEBUG videodec{name=video/h264-openh264-360p decoder=h264-android-hw}: moq_media::pipeline: decode_loop: slow push_packet t=20.201132ms
03-17 15:09:37.314 28042 28394 D iroh_live: DEBUG videodec{name=video/h264-openh264-360p decoder=h264-android-hw}: moq_media::pipeline: decode_loop: frame gap (stutter) gap=61.976034ms buf_len=0
03-17 15:09:37.327 28042 28394 W iroh_live:  WARN videodec{name=video/h264-openh264-360p decoder=h264-android-hw}: rusty_codecs::codec::android::hw_decoder: ImageReader: max images acquired, frame dropped
03-17 15:09:37.345 28042 28394 D iroh_live: DEBUG videodec{name=video/h264-openh264-360p decoder=h264-android-hw}: moq_media::pipeline: decode_loop: slow push_packet t=30.653524ms
03-17 15:09:37.365 28042 28394 W iroh_live:  WARN videodec{name=video/h264-openh264-360p decoder=h264-android-hw}: rusty_codecs::codec::android::hw_decoder: ImageReader: max images acquired, frame dropped
03-17 15:09:37.376 28042 28394 D iroh_live: DEBUG videodec{name=video/h264-openh264-360p decoder=h264-android-hw}: moq_media::pipeline: decode_loop: slow push_packet t=20.534831ms
03-17 15:09:37.401 28042 28394 D iroh_live: DEBUG videodec{name=video/h264-openh264-360p decoder=h264-android-hw}: moq_media::pipeline: decode_loop: slow push_packet t=12.949951ms
03-17 15:09:37.403 28042 28394 W iroh_live:  WARN videodec{name=video/h264-openh264-360p decoder=h264-android-hw}: rusty_codecs::codec::android::hw_decoder: ImageReader: max images acquired, frame dropped
03-17 15:09:37.426 28042 28394 D iroh_live: DEBUG videodec{name=video/h264-openh264-360p decoder=h264-android-hw}: moq_media::pipeline: decode_loop: slow push_packet t=12.737467ms
03-17 15:09:37.429 28042 28394 W iroh_live:  WARN videodec{name=video/h264-openh264-360p decoder=h264-android-hw}: rusty_codecs::codec::android::hw_decoder: ImageReader: max images acquired, frame dropped
03-17 15:09:37.453 28042 28394 W iroh_live:  WARN videodec{name=video/h264-openh264-360p decoder=h264-android-hw}: rusty_codecs::codec::android::hw_decoder: ImageReader: max images acquired, frame dropped
03-17 15:09:37.464 28042 28394 D iroh_live: DEBUG videodec{name=video/h264-openh264-360p decoder=h264-android-hw}: moq_media::pipeline: decode_loop: slow push_packet t=24.562663ms
03-17 15:09:37.487 28042 28394 W iroh_live:  WARN videodec{name=video/h264-openh264-360p decoder=h264-android-hw}: rusty_codecs::codec::android::hw_decoder: ImageReader: max images acquired, frame dropped
03-17 15:09:37.498 28042 28394 D iroh_live: DEBUG videodec{name=video/h264-openh264-360p decoder=h264-android-hw}: moq_media::pipeline: decode_loop: slow push_packet t=22.453776ms
03-17 15:09:37.523 28042 28394 W iroh_live:  WARN videodec{name=video/h264-openh264-360p decoder=h264-android-hw}: rusty_codecs::codec::android::hw_decoder: ImageReader: max images acquired, frame dropped
03-17 15:09:37.536 28042 28394 D iroh_live: DEBUG videodec{name=video/h264-openh264-360p decoder=h264-android-hw}: moq_media::pipeline: decode_loop: slow push_packet t=26.600504ms
03-17 15:09:37.556 28042 28394 W iroh_live:  WARN videodec{name=video/h264-openh264-360p decoder=h264-android-hw}: rusty_codecs::codec::android::hw_decoder: ImageReader: max images acquired, frame dropped
03-17 15:09:37.567 28042 28394 D iroh_live: DEBUG videodec{name=video/h264-openh264-360p decoder=h264-android-hw}: moq_media::pipeline: decode_loop: slow push_packet t=20.114949ms
03-17 15:09:37.593 28042 28394 D iroh_live: DEBUG videodec{name=video/h264-openh264-360p decoder=h264-android-hw}: moq_media::pipeline: decode_loop: slow push_packet t=14.207276ms
03-17 15:09:37.598 28042 28394 W iroh_live:  WARN videodec{name=video/h264-openh264-360p decoder=h264-android-hw}: rusty_codecs::codec::android::hw_decoder: ImageReader: max images acquired, frame dropped
03-17 15:09:37.627 28042 28394 W iroh_live:  WARN videodec{name=video/h264-openh264-360p decoder=h264-android-hw}: rusty_codecs::codec::android::hw_decoder: ImageReader: max images acquired, frame dropped
03-17 15:09:37.638 28042 28394 D iroh_live: DEBUG videodec{name=video/h264-openh264-360p decoder=h264-android-hw}: moq_media::pipeline: decode_loop: slow push_packet t=29.614461ms
03-17 15:09:37.665 28042 28394 D iroh_live: DEBUG videodec{name=video/h264-openh264-360p decoder=h264-android-hw}: moq_media::pipeline: decode_loop: slow push_packet t=15.813274ms
03-17 15:09:37.669 28042 28394 W iroh_live:  WARN videodec{name=video/h264-openh264-360p decoder=h264-android-hw}: rusty_codecs::codec::android::hw_decoder: ImageReader: max images acquired, frame dropped
03-17 15:09:37.695 28042 28394 D iroh_live: DEBUG videodec{name=video/h264-openh264-360p decoder=h264-android-hw}: moq_media::pipeline: decode_loop: slow push_packet t=14.790284ms
03-17 15:09:37.699 28042 28394 W iroh_live:  WARN videodec{name=video/h264-openh264-360p decoder=h264-android-hw}: rusty_codecs::codec::android::hw_decoder: ImageReader: max images acquired, frame dropped
03-17 15:09:37.724 28042 28394 W iroh_live:  WARN videodec{name=video/h264-openh264-360p decoder=h264-android-hw}: rusty_codecs::codec::android::hw_decoder: ImageReader: max images acquired, frame dropped
03-17 15:09:37.736 28042 28394 D iroh_live: DEBUG videodec{name=video/h264-openh264-360p decoder=h264-android-hw}: moq_media::pipeline: decode_loop: slow push_packet t=25.815593ms
03-17 15:09:37.758 28042 28394 W iroh_live:  WARN videodec{name=video/h264-openh264-360p decoder=h264-android-hw}: rusty_codecs::codec::android::hw_decoder: ImageReader: max images acquired, frame dropped
03-17 15:09:37.770 28042 28394 D iroh_live: DEBUG videodec{name=video/h264-openh264-360p decoder=h264-android-hw}: moq_media::pipeline: decode_loop: slow push_packet t=22.380981ms
03-17 15:09:37.794 28042 28394 W iroh_live:  WARN videodec{name=video/h264-openh264-360p decoder=h264-android-hw}: rusty_codecs::codec::android::hw_decoder: ImageReader: max images acquired, frame dropped
03-17 15:09:37.805 28042 28394 D iroh_live: DEBUG videodec{name=video/h264-openh264-360p decoder=h264-android-hw}: moq_media::pipeline: decode_loop: slow push_packet t=24.128825ms
03-17 15:09:37.832 28042 28394 D iroh_live: DEBUG videodec{name=video/h264-openh264-360p decoder=h264-android-hw}: moq_media::pipeline: decode_loop: slow push_packet t=15.894897ms
03-17 15:09:37.833 28042 28394 W iroh_live:  WARN videodec{name=video/h264-openh264-360p decoder=h264-android-hw}: rusty_codecs::codec::android::hw_decoder: ImageReader: max images acquired, frame dropped
03-17 15:09:37.858 28042 28394 D iroh_live: DEBUG videodec{name=video/h264-openh264-360p decoder=h264-android-hw}: moq_media::pipeline: decode_loop: slow push_packet t=14.081421ms
03-17 15:09:37.864 28042 28394 W iroh_live:  WARN videodec{name=video/h264-openh264-360p decoder=h264-android-hw}: rusty_codecs::codec::android::hw_decoder: ImageReader: max images acquired, frame dropped
03-17 15:09:37.888 28042 28394 W iroh_live:  WARN videodec{name=video/h264-openh264-360p decoder=h264-android-hw}: rusty_codecs::codec::android::hw_decoder: ImageReader: max images acquired, frame dropped
03-17 15:09:37.899 28042 28394 D iroh_live: DEBUG videodec{name=video/h264-openh264-360p decoder=h264-android-hw}: moq_media::pipeline: decode_loop: slow push_packet t=24.123251ms
03-17 15:09:37.921 28042 28394 W iroh_live:  WARN videodec{name=video/h264-openh264-360p decoder=h264-android-hw}: rusty_codecs::codec::android::hw_decoder: ImageReader: max images acquired, frame dropped
03-17 15:09:37.933 28042 28394 D iroh_live: DEBUG videodec{name=video/h264-openh264-360p decoder=h264-android-hw}: moq_media::pipeline: decode_loop: slow push_packet t=21.698201ms
03-17 15:09:37.958 28042 28394 D iroh_live: DEBUG videodec{name=video/h264-openh264-360p decoder=h264-android-hw}: moq_media::pipeline: decode_loop: slow push_packet t=14.648193ms
03-17 15:09:37.961 28042 28394 W iroh_live:  WARN videodec{name=video/h264-openh264-360p decoder=h264-android-hw}: rusty_codecs::codec::android::hw_decoder: ImageReader: max images acquired, frame dropped
03-17 15:09:37.993 28042 28394 D iroh_live: DEBUG videodec{name=video/h264-openh264-360p decoder=h264-android-hw}: moq_media::pipeline: decode_loop: slow push_packet t=20.661988ms
03-17 15:09:37.997 28042 28394 W iroh_live:  WARN videodec{name=video/h264-openh264-360p decoder=h264-android-hw}: rusty_codecs::codec::android::hw_decoder: ImageReader: max images acquired, frame dropped
03-17 15:09:38.022 28042 28394 W iroh_live:  WARN videodec{name=video/h264-openh264-360p decoder=h264-android-hw}: rusty_codecs::codec::android::hw_decoder: ImageReader: max images acquired, frame dropped
03-17 15:09:38.033 28042 28394 D iroh_live: DEBUG videodec{name=video/h264-openh264-360p decoder=h264-android-hw}: moq_media::pipeline: decode_loop: slow push_packet t=24.664754ms
03-17 15:09:38.057 28042 28394 W iroh_live:  WARN videodec{name=video/h264-openh264-360p decoder=h264-android-hw}: rusty_codecs::codec::android::hw_decoder: ImageReader: max images acquired, frame dropped
03-17 15:09:38.068 28042 28394 D iroh_live: DEBUG videodec{name=video/h264-openh264-360p decoder=h264-android-hw}: moq_media::pipeline: decode_loop: slow push_packet t=24.250163ms
03-17 15:09:38.093 28042 28394 W iroh_live:  WARN videodec{name=video/h264-openh264-360p decoder=h264-android-hw}: rusty_codecs::codec::android::hw_decoder: ImageReader: max images acquired, frame dropped
03-17 15:09:38.104 28042 28394 D iroh_live: DEBUG videodec{name=video/h264-openh264-360p decoder=h264-android-hw}: moq_media::pipeline: decode_loop: slow push_packet t=24.726359ms
03-17 15:09:38.127 28042 28394 W iroh_live:  WARN videodec{name=video/h264-openh264-360p decoder=h264-android-hw}: rusty_codecs::codec::android::hw_decoder: ImageReader: max images acquired, frame dropped
03-17 15:09:38.139 28042 28394 D iroh_live: DEBUG videodec{name=video/h264-openh264-360p decoder=h264-android-hw}: moq_media::pipeline: decode_loop: slow push_packet t=23.720255ms
03-17 15:09:38.163 28042 28394 W iroh_live:  WARN videodec{name=video/h264-openh264-360p decoder=h264-android-hw}: rusty_codecs::codec::android::hw_decoder: ImageReader: max images acquired, frame dropped
03-17 15:09:38.174 28042 28394 D iroh_live: DEBUG videodec{name=video/h264-openh264-360p decoder=h264-android-hw}: moq_media::pipeline: decode_loop: slow push_packet t=24.061279ms
03-17 15:09:38.267 28042 28394 I iroh_live:  INFO videodec{name=video/h264-openh264-360p decoder=h264-android-hw}: moq_media::pipeline: decode stop
03-17 15:09:38.430 28042 28363 D iroh_live: DEBUG endpoint{id=57b1a66620}:actor: iroh::socket: starting direct addr update (Periodic)
03-17 15:09:38.430 28042 28363 D iroh_live: DEBUG endpoint{id=57b1a66620}:actor: iroh::socket: skipping net_report, socket is shutting down
03-17 15:09:40.178 28042 28363 D iroh_live: DEBUG endpoint{id=57b1a66620}:actor: iroh::socket: tick: shutting down
03-17 15:09:40.178 28042 28361 D iroh_live: DEBUG endpoint{id=57b1a66620}:relay-actor: iroh::socket::transports::relay::actor: shutting down
03-17 15:09:40.180 28042 28360 D iroh_live: DEBUG endpoint{id=57b1a66620}:relay-actor:active-relay{url=https://euc1-1.relay.n0.iroh-canary.iroh.link./}:connected: iroh::socket::transports::relay::actor: Shutdown.
03-17 15:09:40.181 28042 28363 D iroh_live: DEBUG iroh::protocol: Shutting down remaining tasks
03-17 15:09:40.182 28042 28355 I iroh_live:  INFO iroh_live_android: disconnected
03-17 15:09:40.199 28042 28395 I iroh_live:  INFO moq_media::audio_backend: stopping audio thread: backend handle dropped
03-17 15:09:40.199 28042 28395 I iroh_live:  INFO moq_media::audio_backend: closing audio driver: message channel closed
03-17 15:11:53.311 28855 29032 D iroh_live: DEBUG endpoint{id=23a711889b}: iroh_relay::dns: Failed to read the system's DNS config, using fallback DNS servers. error=proto error: io error: No such file or directory (os error 2)
03-17 15:11:53.312 28855 29032 D iroh_live: DEBUG endpoint{id=23a711889b}: iroh::socket::transports::ip: binding addr=0.0.0.0:0
03-17 15:11:53.312 28855 29032 D iroh_live: DEBUG endpoint{id=23a711889b}: iroh::socket::transports::ip: successfully bound addr=0.0.0.0:0 local_addr=0.0.0.0:56419
03-17 15:11:53.312 28855 29032 D iroh_live: DEBUG endpoint{id=23a711889b}: iroh::socket::transports::ip: binding addr=[::]:0
03-17 15:11:53.312 28855 29032 D iroh_live: DEBUG endpoint{id=23a711889b}: iroh::socket::transports::ip: successfully bound addr=[::]:0 local_addr=[::]:60630
03-17 15:11:53.375 28855 29032 D iroh_live: DEBUG endpoint{id=23a711889b}: iroh::socket: scheduling periodic_stun to run immediately and in 20s
03-17 15:11:53.375 28855 29032 D iroh_live: DEBUG endpoint{id=23a711889b}: iroh::_events::direct_addrs: addrs={DirectAddr { addr: 192.0.0.4:56419, typ: Local }, DirectAddr { addr: [2a01:599:b1e:b7d1:2a5f:432b:a47d:1595]:60630, typ: Local }, DirectAddr { addr: [2a01:59f:ca0f:7c29:6374:e61a:d65e:a50d]:60630, typ: Local }}
03-17 15:11:53.376 28855 29032 D iroh_live: DEBUG endpoint{id=23a711889b}: iroh::endpoint: iroh endpoint bound id=23a711889b764f8172870bac8d2d19af55b8a53edb90b01f8802f1df5ffc2757 iroh_version=0.97.0
03-17 15:11:53.376 28855 29032 D iroh_live: DEBUG endpoint{id=23a711889b}: iroh::address_lookup::pkarr: creating pkarr publisher that publishes to https://dns.iroh.link/pkarr
03-17 15:11:53.376 28855 29032 I iroh_live:  INFO iroh_live::live: endpoint bound endpoint_id=23a711889b764f8172870bac8d2d19af55b8a53edb90b01f8802f1df5ffc2757
03-17 15:11:53.376 28855 29038 D iroh_live: DEBUG endpoint{id=23a711889b}:pkarr_publish{me=23a711889b}: iroh::address_lookup::pkarr: Publish endpoint info to pkarr (info changed)
03-17 15:11:53.376 28855 29038 D iroh_live: DEBUG endpoint{id=23a711889b}:pkarr_publish{me=23a711889b}: iroh::address_lookup::pkarr: Publishing endpoint info to pkarr data=EndpointData { addrs: {}, user_data: None } pkarr_relay=https://dns.iroh.link/pkarr
03-17 15:11:53.376 28855 29040 D iroh_live: DEBUG endpoint{id=23a711889b}:actor: iroh::socket: starting direct addr update (Periodic)
03-17 15:11:53.376 28855 29040 D iroh_live: DEBUG endpoint{id=23a711889b}:actor: iroh::socket: requesting net_report report
03-17 15:11:53.376 28855 29032 I iroh_live:  INFO iroh_live_android: connecting to broadcast broadcast=pi-zero
03-17 15:11:53.376 28855 29040 D iroh_live: DEBUG endpoint{id=23a711889b}:actor: iroh::net_report: net_report starting do_full=true
03-17 15:11:53.377 28855 29038 D iroh_live: DEBUG gossip{me=23a711889b}: iroh_gossip::net: handle in_event event=UpdatePeerData(PeerData(50b))
03-17 15:11:53.377 28855 29038 D iroh_live: DEBUG gossip{me=23a711889b}: iroh_gossip::net: handle in_event event=UpdatePeerData(PeerData(50b))
03-17 15:11:53.377 28855 29038 D iroh_live: DEBUG connect{remote=ba3d5d8210}:connect{me=23a711889b alpn=moq-lite-03 remote=ba3d5d8210}: iroh::_events::conn::connecting: remote_id=ba3d5d8210 alpn=moq-lite-03
03-17 15:11:53.377 28855 29038 D iroh_live: DEBUG connect{remote=ba3d5d8210}:connect{me=23a711889b alpn=moq-lite-03 remote=ba3d5d8210}: iroh::endpoint: connecting relay_url=None ip_addresses=[192.168.178.139:55090]
03-17 15:11:53.547 28855 29042 D iroh_live: DEBUG endpoint{id=23a711889b}:RemoteStateActor{remote=ba3d5d8210}:handle_message{msg=ResolveRemote(..)}:DnsAddressLookup{lookup_id=ba3d5d8210 origin_domain=dns.iroh.link.}: iroh::address_lookup::dns: DNS lookup success info=EndpointInfo { endpoint_id: PublicKey(ba3d5d8210bd1bbddd238cc9934b56e8f5291babc7932675339b345209d86eb2), data: EndpointData { addrs: {Relay(https://euc1-1.relay.n0.iroh-canary.iroh.link./)}, user_data: None } }
03-17 15:11:53.625 28855 29040 D iroh_live: DEBUG endpoint{id=23a711889b}:actor:QADv6: iroh::net_report: probe report r=QadProbeReport { relay: RelayUrl("https://euc1-1.relay.n0.iroh-canary.iroh.link./"), latency: 51.479614ms, addr: [2a01:599:b1e:b7d1:2a5f:432b:a47d:1595]:60630 }
03-17 15:11:53.641 28855 29040 D iroh_live: DEBUG endpoint{id=23a711889b}:actor:QADv4: iroh::net_report: probe report r=QadProbeReport { relay: RelayUrl("https://euc1-1.relay.n0.iroh-canary.iroh.link./"), latency: 58.191609ms, addr: 80.187.64.196:8515 }
03-17 15:11:53.706 28855 29037 D iroh_live: DEBUG endpoint{id=23a711889b}:actor:reportgen-actor:run-probe{proto=Https delay=200ms relay=https://euc1-1.relay.n0.iroh-canary.iroh.link./}: iroh::net_report::reportgen: probe finished report=Ok(Https(HttpsProbeReport { relay: RelayUrl("https://euc1-1.relay.n0.iroh-canary.iroh.link./"), latency: 122.939698ms }))
03-17 15:11:53.751 28855 29042 D iroh_live: DEBUG endpoint{id=23a711889b}:actor:QADv4: iroh::net_report: probe report r=QadProbeReport { relay: RelayUrl("https://use1-1.relay.n0.iroh-canary.iroh.link./"), latency: 133.7854ms, addr: 80.187.64.196:8516 }
03-17 15:11:53.752 28855 29042 D iroh_live: DEBUG endpoint{id=23a711889b}:actor: iroh::net_report: enough probes: 3
03-17 15:11:53.752 28855 29042 W iroh_live:  WARN endpoint{id=23a711889b}:actor: iroh::net_report::report: IPv4 address detected by QAD varies by destination
03-17 15:11:53.753 28855 29042 D iroh_live: DEBUG endpoint{id=23a711889b}:actor: iroh::net_report: net_report generated report=Report { udp_v4: true, udp_v6: true, mapping_varies_by_dest_ipv4: Some(true), mapping_varies_by_dest_ipv6: None, preferred_relay: Some(RelayUrl("https://euc1-1.relay.n0.iroh-canary.iroh.link./")), relay_latency: RelayLatencies { ipv4: {RelayUrl("https://euc1-1.relay.n0.iroh-canary.iroh.link./"): 58.191609ms, RelayUrl("https://use1-1.relay.n0.iroh-canary.iroh.link./"): 133.7854ms}, ipv6: {RelayUrl("https://euc1-1.relay.n0.iroh-canary.iroh.link./"): 51.479614ms}, https: {} }, global_v4: Some(80.187.64.196:8515), global_v6: Some([2a01:599:b1e:b7d1:2a5f:432b:a47d:1595]:60630), captive_portal: None } duration=376.079956ms
03-17 15:11:53.753 28855 29042 D iroh_live: DEBUG endpoint{id=23a711889b}:actor: iroh::socket: direct addr update done (Periodic)
03-17 15:11:53.753 28855 29042 D iroh_live: DEBUG endpoint{id=23a711889b}:actor: iroh::_events::direct_addrs: addrs={DirectAddr { addr: 80.187.64.196:8515, typ: Qad }, DirectAddr { addr: 192.0.0.4:56419, typ: Local }, DirectAddr { addr: [2a01:599:b1e:b7d1:2a5f:432b:a47d:1595]:60630, typ: Qad }, DirectAddr { addr: [2a01:59f:ca0f:7c29:6374:e61a:d65e:a50d]:60630, typ: Local }}
03-17 15:11:53.754 28855 29042 D iroh_live: DEBUG endpoint{id=23a711889b}:actor: iroh::socket: scheduling periodic_stun to run in 25s
03-17 15:11:53.754 28855 29037 D iroh_live: DEBUG gossip{me=23a711889b}: iroh_gossip::net: handle in_event event=UpdatePeerData(PeerData(57b))
03-17 15:11:53.754 28855 29037 I iroh_live:  INFO endpoint{id=23a711889b}:relay-actor: iroh::socket::transports::relay::actor: home is now relay https://euc1-1.relay.n0.iroh-canary.iroh.link./, was None
03-17 15:11:53.755 28855 29037 D iroh_live: DEBUG endpoint{id=23a711889b}:relay-actor: iroh::socket::transports::relay::actor: Adding relay connection url=RelayUrl("https://euc1-1.relay.n0.iroh-canary.iroh.link./")
03-17 15:11:53.755 28855 29038 D iroh_live: DEBUG endpoint{id=23a711889b}:pkarr_publish{me=23a711889b}: iroh::address_lookup::pkarr: Publish endpoint info to pkarr (info changed)
03-17 15:11:53.755 28855 29038 D iroh_live: DEBUG endpoint{id=23a711889b}:pkarr_publish{me=23a711889b}: iroh::address_lookup::pkarr: Publishing endpoint info to pkarr data=EndpointData { addrs: {Relay(https://euc1-1.relay.n0.iroh-canary.iroh.link./)}, user_data: None } pkarr_relay=https://dns.iroh.link/pkarr
03-17 15:11:53.755 28855 29037 D iroh_live: DEBUG endpoint{id=23a711889b}:relay-actor: iroh::socket::transports::relay::actor: 0 active relay conns
03-17 15:11:53.755 28855 29037 D iroh_live: DEBUG endpoint{id=23a711889b}:relay-actor: iroh::socket::transports::relay::actor: 1 active relay conns: relay-https://euc1-1.relay.n0.iroh-canary.iroh.link./
03-17 15:11:53.755 28855 29036 D iroh_live: DEBUG gossip{me=23a711889b}: iroh_gossip::net: handle in_event event=UpdatePeerData(PeerData(105b))
03-17 15:11:53.755 28855 29037 D iroh_live: DEBUG endpoint{id=23a711889b}:relay-actor:active-relay{url=https://euc1-1.relay.n0.iroh-canary.iroh.link./}:dialing: iroh_relay::client: Dialing relay by websocket dial_url=wss://euc1-1.relay.n0.iroh-canary.iroh.link./relay
03-17 15:11:53.757 28855 29037 D iroh_live: DEBUG endpoint{id=23a711889b}:relay-actor:active-relay{url=https://euc1-1.relay.n0.iroh-canary.iroh.link./}:dialing: iroh::_events::relay::home_changed: url=https://euc1-1.relay.n0.iroh-canary.iroh.link./ home_relay=true
03-17 15:11:53.796 28855 29039 D iroh_live: DEBUG endpoint{id=23a711889b}:relay-actor:active-relay{url=https://euc1-1.relay.n0.iroh-canary.iroh.link./}:dialing: iroh_relay::client::tls: TCP stream connected server_addr=Ok([2a01:4f8:1c1a:d408::1]:443) local_addr=[2a01:599:b1e:b7d1:2a5f:432b:a47d:1595]:49256
03-17 15:11:53.796 28855 29039 D iroh_live: DEBUG endpoint{id=23a711889b}:relay-actor:active-relay{url=https://euc1-1.relay.n0.iroh-canary.iroh.link./}:dialing: iroh_relay::client::tls: Starting TLS handshake
03-17 15:11:53.843 28855 29041 D iroh_live: DEBUG endpoint{id=23a711889b}:relay-actor:active-relay{url=https://euc1-1.relay.n0.iroh-canary.iroh.link./}:dialing: iroh_relay::client::tls: tls_connector connect success
03-17 15:11:53.843 28855 29041 D iroh_live: DEBUG endpoint{id=23a711889b}:relay-actor:active-relay{url=https://euc1-1.relay.n0.iroh-canary.iroh.link./}:dialing: iroh_relay::client: Using TLS key export for relay client authentication
03-17 15:11:53.934 28855 29042 W iroh_live:  WARN endpoint{id=23a711889b}:actor:QADv4{relay_url=https://euc1-1.relay.n0.iroh-canary.iroh.link./}:poll_send{dst=Ip(162.55.211.167:7842) src=Some(192.0.0.4) len=60}: noq_udp: sendmsg error: Os { code: 5, kind: Uncategorized, message: "I/O error" }, Transmit: { destination: 162.55.211.167:7842, src_ip: Some(192.0.0.4), ecn: Some(Ect0), len: 60, segment_size: Some(30) }
03-17 15:11:54.024 28855 29042 D iroh_live: DEBUG endpoint{id=23a711889b}:relay-actor:active-relay{url=https://euc1-1.relay.n0.iroh-canary.iroh.link./}:dialing: iroh::_events::net::relay::connected: url=https://euc1-1.relay.n0.iroh-canary.iroh.link./
03-17 15:11:54.024 28855 29042 D iroh_live: DEBUG endpoint{id=23a711889b}:relay-actor:active-relay{url=https://euc1-1.relay.n0.iroh-canary.iroh.link./}:connected: iroh::socket::transports::relay::actor: Actor loop: connected to relay
03-17 15:11:54.024 28855 29042 D iroh_live: DEBUG endpoint{id=23a711889b}:relay-actor:active-relay{url=https://euc1-1.relay.n0.iroh-canary.iroh.link./}:connected: iroh::_events::relay::connected: url=https://euc1-1.relay.n0.iroh-canary.iroh.link./ home_relay=true
03-17 15:11:54.025 28855 29042 D iroh_live: DEBUG endpoint{id=23a711889b}:relay-actor:active-relay{url=https://euc1-1.relay.n0.iroh-canary.iroh.link./}:connected: iroh_relay::ping_tracker: Sending ping to relay server. data=[41, 36, 148, 142, 81, 229, 182, 156]
03-17 15:11:54.053 28855 29042 D iroh_live: DEBUG endpoint{id=23a711889b}:relay-actor:active-relay{url=https://euc1-1.relay.n0.iroh-canary.iroh.link./}:connected: iroh_relay::ping_tracker: Pong received from relay server data=[41, 36, 148, 142, 81, 229, 182, 156]
03-17 15:11:54.492 28855 29035 D iroh_live: DEBUG connect{remote=ba3d5d8210}: iroh::_events::conn::connected: conn_id=224349968859984 side=Client remote_id=ba3d5d8210 alpn=moq-lite-03
03-17 15:11:54.492 28855 29035 D iroh_live: DEBUG endpoint{id=23a711889b}:RemoteStateActor{remote=ba3d5d8210}:handle_message{msg=AddConnection(..)}: iroh::_events::path::set_status: remote=ba3d5d8210 path_remote=Relay(https://euc1-1.relay.n0.iroh-canary.iroh.link./, ba3d5d8210) path_status=Backup conn_id=224349968859984 path_id=0 res=Ok(())
03-17 15:11:54.493 28855 29035 D iroh_live: DEBUG endpoint{id=23a711889b}:RemoteStateActor{remote=ba3d5d8210}:handle_message{msg=AddConnection(..)}:select_path: iroh::_events::path::selected: remote=ba3d5d8210 path_remote=Relay(https://euc1-1.relay.n0.iroh-canary.iroh.link./, ba3d5d8210) rtt=333ms prev_remote=Ok(None)
03-17 15:11:54.493 28855 29035 D iroh_live: DEBUG endpoint{id=23a711889b}:RemoteStateActor{remote=ba3d5d8210}:handle_message{msg=AddConnection(..)}:select_path:open_path{open_addr=Relay(https://euc1-1.relay.n0.iroh-canary.iroh.link./, ba3d5d8210)}: iroh::_events::path::set_status: remote=ba3d5d8210 open_addr=Relay(https://euc1-1.relay.n0.iroh-canary.iroh.link./, ba3d5d8210) path_status=Backup conn_id=224349968859984 path_id=0 res=Ok(())
03-17 15:11:54.494 28855 29035 D iroh_live: DEBUG endpoint{id=23a711889b}:RemoteStateActor{remote=ba3d5d8210}:handle_message{msg=AddConnection(..)}:do_holepunching: iroh::_events::qnt::init: remote=ba3d5d8210 local_candidates={80.187.64.196:8515, 192.0.0.4:56419, [2a01:599:b1e:b7d1:2a5f:432b:a47d:1595]:60630, [2a01:59f:ca0f:7c29:6374:e61a:d65e:a50d]:60630} remote_candidates={}
03-17 15:11:54.494 28855 29035 D iroh_live: DEBUG connect{remote=ba3d5d8210}: iroh::endpoint: Connection established. me=23a711889b remote=ba3d5d8210 alpn=moq-lite-03
03-17 15:11:54.495 28855 29035 I iroh_live:  INFO LiveActor: iroh_moq: connected remote=ba3d5d8210
03-17 15:11:54.495 28855 29035 I iroh_live:  INFO LiveActor: iroh_moq: handle new incoming session
03-17 15:11:54.497 28855 29032 I iroh_live:  INFO iroh_live::live: new peer connected id=ba3d5d8210bd1bbddd238cc9934b56e8f5291babc7932675339b345209d86eb2
03-17 15:11:54.565 28855 29042 D iroh_live: DEBUG endpoint{id=23a711889b}:RemoteStateActor{remote=ba3d5d8210}:do_holepunching: iroh::_events::qnt::init: remote=ba3d5d8210 local_candidates={80.187.64.196:8515, 192.0.0.4:56419, [2a01:599:b1e:b7d1:2a5f:432b:a47d:1595]:60630, [2a01:59f:ca0f:7c29:6374:e61a:d65e:a50d]:60630} remote_candidates={78.94.215.137:55090, 192.168.178.139:55090}
03-17 15:11:54.632 28855 29038 D iroh_live: DEBUG connect{remote=ba3d5d8210}: moq_lite::lite::subscriber: announce broadcast=pi-zero
03-17 15:11:54.633 28855 29032 D iroh_live: DEBUG iroh_moq: peer announced broadcast: pi-zero
03-17 15:11:54.636 28855 29032 E iroh_live: ERROR iroh_live_android: connect failed: missing catalog track: not found
03-17 15:11:54.637 28855 29038 E iroh_live: ERROR gossip{me=23a711889b}: iroh::socket: Endpoint dropped without calling `Endpoint::close`. Aborting ungracefully.
03-17 15:11:54.638 28855 29041 W iroh_live:  WARN connect{remote=ba3d5d8210}: moq_lite::error: transport error err=session error
03-17 15:11:54.638 28855 29039 W iroh_live:  WARN connect{remote=ba3d5d8210}: moq_lite::error: transport error err=session error
03-17 15:11:54.638 28855 29041 D iroh_live: DEBUG connect{remote=ba3d5d8210}: moq_lite::lite::publisher: announcing cancelled prefix=
03-17 15:11:54.638 28855 29039 I iroh_live:  INFO connect{remote=ba3d5d8210}: moq_lite::lite::session: session terminated
03-17 15:11:54.639 28855 29039 D iroh_live: DEBUG endpoint{id=23a711889b}:relay-actor:active-relay{url=https://euc1-1.relay.n0.iroh-canary.iroh.link./}:connected: iroh::socket::transports::relay::actor: Shutdown.
03-17 15:11:54.639 28855 29035 D iroh_live: DEBUG endpoint{id=23a711889b}:relay-actor: iroh::socket::transports::relay::actor: shutting down
03-17 15:12:16.688 28855 29032 D iroh_live: DEBUG endpoint{id=7e6af9ef19}: iroh_relay::dns: Failed to read the system's DNS config, using fallback DNS servers. error=proto error: io error: No such file or directory (os error 2)
03-17 15:12:16.688 28855 29032 D iroh_live: DEBUG endpoint{id=7e6af9ef19}: iroh::socket::transports::ip: binding addr=0.0.0.0:0
03-17 15:12:16.688 28855 29032 D iroh_live: DEBUG endpoint{id=7e6af9ef19}: iroh::socket::transports::ip: successfully bound addr=0.0.0.0:0 local_addr=0.0.0.0:46554
03-17 15:12:16.688 28855 29032 D iroh_live: DEBUG endpoint{id=7e6af9ef19}: iroh::socket::transports::ip: binding addr=[::]:0
03-17 15:12:16.689 28855 29032 D iroh_live: DEBUG endpoint{id=7e6af9ef19}: iroh::socket::transports::ip: successfully bound addr=[::]:0 local_addr=[::]:35761
03-17 15:12:16.749 28855 29032 D iroh_live: DEBUG endpoint{id=7e6af9ef19}: iroh::socket: scheduling periodic_stun to run immediately and in 23s
03-17 15:12:16.749 28855 29032 D iroh_live: DEBUG endpoint{id=7e6af9ef19}: iroh::_events::direct_addrs: addrs={DirectAddr { addr: 192.0.0.4:46554, typ: Local }, DirectAddr { addr: [2a01:599:b1e:b7d1:2a5f:432b:a47d:1595]:35761, typ: Local }, DirectAddr { addr: [2a01:59f:ca0f:7c29:6374:e61a:d65e:a50d]:35761, typ: Local }}
03-17 15:12:16.750 28855 29032 D iroh_live: DEBUG endpoint{id=7e6af9ef19}: iroh::endpoint: iroh endpoint bound id=7e6af9ef19195ceb20665136106e0917178e6c0f38c34aad4a00fea9b230f0e0 iroh_version=0.97.0
03-17 15:12:16.750 28855 29032 D iroh_live: DEBUG endpoint{id=7e6af9ef19}: iroh::address_lookup::pkarr: creating pkarr publisher that publishes to https://dns.iroh.link/pkarr
03-17 15:12:16.750 28855 29032 I iroh_live:  INFO iroh_live::live: endpoint bound endpoint_id=7e6af9ef19195ceb20665136106e0917178e6c0f38c34aad4a00fea9b230f0e0
03-17 15:12:16.750 28855 29042 D iroh_live: DEBUG endpoint{id=7e6af9ef19}:pkarr_publish{me=7e6af9ef19}: iroh::address_lookup::pkarr: Publishing endpoint info to pkarr data=EndpointData { addrs: {}, user_data: None } pkarr_relay=https://dns.iroh.link/pkarr
03-17 15:12:16.750 28855 29041 D iroh_live: DEBUG gossip{me=7e6af9ef19}: iroh_gossip::net: handle in_event event=UpdatePeerData(PeerData(50b))
03-17 15:12:16.750 28855 29041 D iroh_live: DEBUG gossip{me=7e6af9ef19}: iroh_gossip::net: handle in_event event=UpdatePeerData(PeerData(50b))
03-17 15:12:16.750 28855 29032 I iroh_live:  INFO iroh_live_android: connecting to broadcast broadcast=pi-zero
03-17 15:12:16.750 28855 29036 D iroh_live: DEBUG connect{remote=a4f6781979}:connect{me=7e6af9ef19 alpn=moq-lite-03 remote=a4f6781979}: iroh::_events::conn::connecting: remote_id=a4f6781979 alpn=moq-lite-03
03-17 15:12:16.750 28855 29036 D iroh_live: DEBUG connect{remote=a4f6781979}:connect{me=7e6af9ef19 alpn=moq-lite-03 remote=a4f6781979}: iroh::endpoint: connecting relay_url=None ip_addresses=[192.168.178.139:32922]
03-17 15:12:16.751 28855 29039 D iroh_live: DEBUG endpoint{id=7e6af9ef19}:actor: iroh::socket: starting direct addr update (Periodic)
03-17 15:12:16.751 28855 29039 D iroh_live: DEBUG endpoint{id=7e6af9ef19}:actor: iroh::socket: requesting net_report report
03-17 15:12:16.751 28855 29039 D iroh_live: DEBUG endpoint{id=7e6af9ef19}:actor: iroh::net_report: net_report starting do_full=true
03-17 15:12:17.032 28855 29037 D iroh_live: DEBUG endpoint{id=7e6af9ef19}:RemoteStateActor{remote=a4f6781979}:handle_message{msg=ResolveRemote(..)}:DnsAddressLookup{lookup_id=a4f6781979 origin_domain=dns.iroh.link.}: iroh::address_lookup::dns: DNS lookup success info=EndpointInfo { endpoint_id: PublicKey(a4f678197935eea91ed31bca57fabc41c7162053f13fc2b0987e4dd9e2fb5e9c), data: EndpointData { addrs: {Relay(https://euc1-1.relay.n0.iroh-canary.iroh.link./)}, user_data: None } }
03-17 15:12:17.067 28855 29039 D iroh_live: DEBUG endpoint{id=7e6af9ef19}:actor:QADv4: iroh::net_report: probe report r=QadProbeReport { relay: RelayUrl("https://euc1-1.relay.n0.iroh-canary.iroh.link./"), latency: 33.678792ms, addr: 80.187.64.196:26657 }
03-17 15:12:17.089 28855 29039 D iroh_live: DEBUG endpoint{id=7e6af9ef19}:actor:QADv6: iroh::net_report: probe report r=QadProbeReport { relay: RelayUrl("https://euc1-1.relay.n0.iroh-canary.iroh.link./"), latency: 52.129272ms, addr: [2a01:599:b1e:b7d1:2a5f:432b:a47d:1595]:35761 }
03-17 15:12:17.146 28855 29039 D iroh_live: DEBUG endpoint{id=7e6af9ef19}:actor:reportgen-actor:run-probe{proto=Https delay=200ms relay=https://euc1-1.relay.n0.iroh-canary.iroh.link./}: iroh::net_report::reportgen: probe finished report=Ok(Https(HttpsProbeReport { relay: RelayUrl("https://euc1-1.relay.n0.iroh-canary.iroh.link./"), latency: 143.057291ms }))
03-17 15:12:17.193 28855 29039 D iroh_live: DEBUG endpoint{id=7e6af9ef19}:actor:reportgen-actor:run-probe{proto=Https delay=300ms relay=https://euc1-1.relay.n0.iroh-canary.iroh.link./}: iroh::net_report::reportgen: probe finished report=Ok(Https(HttpsProbeReport { relay: RelayUrl("https://euc1-1.relay.n0.iroh-canary.iroh.link./"), latency: 134.685384ms }))
03-17 15:12:17.203 28855 29036 D iroh_live: DEBUG endpoint{id=7e6af9ef19}:actor:QADv6: iroh::net_report: probe report r=QadProbeReport { relay: RelayUrl("https://use1-1.relay.n0.iroh-canary.iroh.link./"), latency: 124.76534ms, addr: [2a01:599:b1e:b7d1:2a5f:432b:a47d:1595]:35761 }
03-17 15:12:17.204 28855 29036 D iroh_live: DEBUG endpoint{id=7e6af9ef19}:actor: iroh::net_report: enough probes: 3
03-17 15:12:17.204 28855 29036 D iroh_live: DEBUG endpoint{id=7e6af9ef19}:actor: iroh::net_report: net_report generated report=Report { udp_v4: true, udp_v6: true, mapping_varies_by_dest_ipv4: None, mapping_varies_by_dest_ipv6: Some(false), preferred_relay: Some(RelayUrl("https://euc1-1.relay.n0.iroh-canary.iroh.link./")), relay_latency: RelayLatencies { ipv4: {RelayUrl("https://euc1-1.relay.n0.iroh-canary.iroh.link./"): 33.678792ms}, ipv6: {RelayUrl("https://euc1-1.relay.n0.iroh-canary.iroh.link./"): 52.129272ms, RelayUrl("https://use1-1.relay.n0.iroh-canary.iroh.link./"): 124.76534ms}, https: {} }, global_v4: Some(80.187.64.196:26657), global_v6: Some([2a01:599:b1e:b7d1:2a5f:432b:a47d:1595]:35761), captive_portal: None } duration=453.462118ms
03-17 15:12:17.204 28855 29036 D iroh_live: DEBUG endpoint{id=7e6af9ef19}:actor: iroh::socket: direct addr update done (Periodic)
03-17 15:12:17.205 28855 29039 I iroh_live:  INFO endpoint{id=7e6af9ef19}:relay-actor: iroh::socket::transports::relay::actor: home is now relay https://euc1-1.relay.n0.iroh-canary.iroh.link./, was None
03-17 15:12:17.205 28855 29036 D iroh_live: DEBUG endpoint{id=7e6af9ef19}:actor: iroh::_events::direct_addrs: addrs={DirectAddr { addr: 80.187.64.196:26657, typ: Qad }, DirectAddr { addr: 192.0.0.4:46554, typ: Local }, DirectAddr { addr: [2a01:599:b1e:b7d1:2a5f:432b:a47d:1595]:35761, typ: Qad }, DirectAddr { addr: [2a01:59f:ca0f:7c29:6374:e61a:d65e:a50d]:35761, typ: Local }}
03-17 15:12:17.205 28855 29036 D iroh_live: DEBUG endpoint{id=7e6af9ef19}:actor: iroh::socket: scheduling periodic_stun to run in 23s
03-17 15:12:17.205 28855 29038 D iroh_live: DEBUG endpoint{id=7e6af9ef19}:pkarr_publish{me=7e6af9ef19}: iroh::address_lookup::pkarr: Publish endpoint info to pkarr (info changed)
03-17 15:12:17.205 28855 29038 D iroh_live: DEBUG endpoint{id=7e6af9ef19}:pkarr_publish{me=7e6af9ef19}: iroh::address_lookup::pkarr: Publishing endpoint info to pkarr data=EndpointData { addrs: {Relay(https://euc1-1.relay.n0.iroh-canary.iroh.link./)}, user_data: None } pkarr_relay=https://dns.iroh.link/pkarr
03-17 15:12:17.205 28855 29039 D iroh_live: DEBUG endpoint{id=7e6af9ef19}:relay-actor: iroh::socket::transports::relay::actor: Adding relay connection url=RelayUrl("https://euc1-1.relay.n0.iroh-canary.iroh.link./")
03-17 15:12:17.206 28855 29039 D iroh_live: DEBUG endpoint{id=7e6af9ef19}:relay-actor: iroh::socket::transports::relay::actor: 0 active relay conns
03-17 15:12:17.206 28855 29039 D iroh_live: DEBUG endpoint{id=7e6af9ef19}:relay-actor: iroh::socket::transports::relay::actor: 1 active relay conns: relay-https://euc1-1.relay.n0.iroh-canary.iroh.link./
03-17 15:12:17.206 28855 29038 D iroh_live: DEBUG gossip{me=7e6af9ef19}: iroh_gossip::net: handle in_event event=UpdatePeerData(PeerData(106b))
03-17 15:12:17.206 28855 29039 D iroh_live: DEBUG endpoint{id=7e6af9ef19}:relay-actor:active-relay{url=https://euc1-1.relay.n0.iroh-canary.iroh.link./}:dialing: iroh_relay::client: Dialing relay by websocket dial_url=wss://euc1-1.relay.n0.iroh-canary.iroh.link./relay
03-17 15:12:17.208 28855 29039 D iroh_live: DEBUG endpoint{id=7e6af9ef19}:relay-actor:active-relay{url=https://euc1-1.relay.n0.iroh-canary.iroh.link./}:dialing: iroh::_events::relay::home_changed: url=https://euc1-1.relay.n0.iroh-canary.iroh.link./ home_relay=true
03-17 15:12:17.261 28855 29036 D iroh_live: DEBUG endpoint{id=7e6af9ef19}:relay-actor:active-relay{url=https://euc1-1.relay.n0.iroh-canary.iroh.link./}:dialing: iroh_relay::client::tls: TCP stream connected server_addr=Ok([2a01:4f8:1c1a:d408::1]:443) local_addr=[2a01:599:b1e:b7d1:2a5f:432b:a47d:1595]:55328
03-17 15:12:17.261 28855 29036 D iroh_live: DEBUG endpoint{id=7e6af9ef19}:relay-actor:active-relay{url=https://euc1-1.relay.n0.iroh-canary.iroh.link./}:dialing: iroh_relay::client::tls: Starting TLS handshake
03-17 15:12:17.275 28855 29037 W iroh_live:  WARN endpoint{id=7e6af9ef19}:actor:QADv4{relay_url=https://euc1-1.relay.n0.iroh-canary.iroh.link./}:poll_send{dst=Ip(162.55.211.167:7842) src=Some(192.0.0.4) len=60}: noq_udp: sendmsg error: Os { code: 5, kind: Uncategorized, message: "I/O error" }, Transmit: { destination: 162.55.211.167:7842, src_ip: Some(192.0.0.4), ecn: Some(Ect0), len: 60, segment_size: Some(30) }
03-17 15:12:17.311 28855 29036 D iroh_live: DEBUG endpoint{id=7e6af9ef19}:relay-actor:active-relay{url=https://euc1-1.relay.n0.iroh-canary.iroh.link./}:dialing: iroh_relay::client::tls: tls_connector connect success
03-17 15:12:17.311 28855 29036 D iroh_live: DEBUG endpoint{id=7e6af9ef19}:relay-actor:active-relay{url=https://euc1-1.relay.n0.iroh-canary.iroh.link./}:dialing: iroh_relay::client: Using TLS key export for relay client authentication
03-17 15:12:17.353 28855 29036 D iroh_live: DEBUG endpoint{id=7e6af9ef19}:relay-actor:active-relay{url=https://euc1-1.relay.n0.iroh-canary.iroh.link./}:dialing: iroh::_events::net::relay::connected: url=https://euc1-1.relay.n0.iroh-canary.iroh.link./
03-17 15:12:17.353 28855 29036 D iroh_live: DEBUG endpoint{id=7e6af9ef19}:relay-actor:active-relay{url=https://euc1-1.relay.n0.iroh-canary.iroh.link./}:connected: iroh::socket::transports::relay::actor: Actor loop: connected to relay
03-17 15:12:17.353 28855 29036 D iroh_live: DEBUG endpoint{id=7e6af9ef19}:relay-actor:active-relay{url=https://euc1-1.relay.n0.iroh-canary.iroh.link./}:connected: iroh::_events::relay::connected: url=https://euc1-1.relay.n0.iroh-canary.iroh.link./ home_relay=true
